Archive member included to satisfy reference by file (symbol)

c:/openavrc_builder/avr-gcc/bin/../lib/gcc/avr/9.2.0/avr6\libgcc.a(_mulsi3.o)
                              C:\Users\pierrot\AppData\Local\Temp\cc5hR31A.o (__mulsi3)
c:/openavrc_builder/avr-gcc/bin/../lib/gcc/avr/9.2.0/avr6\libgcc.a(_udivmodhi4.o)
                              C:\Users\pierrot\AppData\Local\Temp\cc5hR31A.o (__udivmodhi4)
c:/openavrc_builder/avr-gcc/bin/../lib/gcc/avr/9.2.0/avr6\libgcc.a(_divmodhi4.o)
                              C:\Users\pierrot\AppData\Local\Temp\cc5hR31A.o (__divmodhi4)
c:/openavrc_builder/avr-gcc/bin/../lib/gcc/avr/9.2.0/avr6\libgcc.a(_udivmodsi4.o)
                              C:\Users\pierrot\AppData\Local\Temp\cc5hR31A.o (__udivmodsi4)
c:/openavrc_builder/avr-gcc/bin/../lib/gcc/avr/9.2.0/avr6\libgcc.a(_divmodsi4.o)
                              C:\Users\pierrot\AppData\Local\Temp\cc5hR31A.o (__divmodsi4)
c:/openavrc_builder/avr-gcc/bin/../lib/gcc/avr/9.2.0/avr6\libgcc.a(_negsi2.o)
                              c:/openavrc_builder/avr-gcc/bin/../lib/gcc/avr/9.2.0/avr6\libgcc.a(_divmodsi4.o) (__negsi2)
c:/openavrc_builder/avr-gcc/bin/../lib/gcc/avr/9.2.0/avr6\libgcc.a(_exit.o)
                              c:/openavrc_builder/avr-gcc/bin/../lib/gcc/avr/9.2.0/../../../../avr/lib/avr6/crtatmega2560.o (exit)
c:/openavrc_builder/avr-gcc/bin/../lib/gcc/avr/9.2.0/avr6\libgcc.a(_tablejump2.o)
                              C:\Users\pierrot\AppData\Local\Temp\cc5hR31A.o (__tablejump2__)
c:/openavrc_builder/avr-gcc/bin/../lib/gcc/avr/9.2.0/avr6\libgcc.a(_copy_data.o)
                              C:\Users\pierrot\AppData\Local\Temp\cc5hR31A.o (__do_copy_data)
c:/openavrc_builder/avr-gcc/bin/../lib/gcc/avr/9.2.0/avr6\libgcc.a(_clear_bss.o)
                              C:\Users\pierrot\AppData\Local\Temp\cc5hR31A.o (__do_clear_bss)
c:/openavrc_builder/avr-gcc/bin/../lib/gcc/avr/9.2.0/avr6\libgcc.a(_ctors.o)
                              C:\Users\pierrot\AppData\Local\Temp\cc5hR31A.o (__do_global_ctors)
c:/openavrc_builder/avr-gcc/bin/../lib/gcc/avr/9.2.0/avr6\libgcc.a(_bswapsi2.o)
                              C:\Users\pierrot\AppData\Local\Temp\cc5hR31A.o (__bswapsi2)
c:/openavrc_builder/avr-gcc/bin/../lib/gcc/avr/9.2.0/avr6\libgcc.a(_mulhisi3.o)
                              C:\Users\pierrot\AppData\Local\Temp\cc5hR31A.o (__mulhisi3)
c:/openavrc_builder/avr-gcc/bin/../lib/gcc/avr/9.2.0/avr6\libgcc.a(_umulhisi3.o)
                              C:\Users\pierrot\AppData\Local\Temp\cc5hR31A.o (__umulhisi3)
c:/openavrc_builder/avr-gcc/bin/../lib/gcc/avr/9.2.0/avr6\libgcc.a(_usmulhisi3.o)
                              C:\Users\pierrot\AppData\Local\Temp\cc5hR31A.o (__usmulhisi3)
c:/openavrc_builder/avr-gcc/bin/../lib/gcc/avr/9.2.0/avr6\libgcc.a(_muluhisi3.o)
                              C:\Users\pierrot\AppData\Local\Temp\cc5hR31A.o (__muluhisi3)
c:/openavrc_builder/avr-gcc/bin/../lib/gcc/avr/9.2.0/avr6\libgcc.a(_mulshisi3.o)
                              C:\Users\pierrot\AppData\Local\Temp\cc5hR31A.o (__mulshisi3)
c:/openavrc_builder/avr-gcc/bin/../lib/gcc/avr/9.2.0/avr6\libgcc.a(_muldi3.o)
                              C:\Users\pierrot\AppData\Local\Temp\cc5hR31A.o (__muldi3)
c:/openavrc_builder/avr-gcc/bin/../lib/gcc/avr/9.2.0/avr6\libgcc.a(_muldi3_6.o)
                              c:/openavrc_builder/avr-gcc/bin/../lib/gcc/avr/9.2.0/avr6\libgcc.a(_muldi3.o) (__muldi3_6)
c:/openavrc_builder/avr-gcc/bin/../lib/gcc/avr/9.2.0/avr6\libgcc.a(_umulsidi3.o)
                              C:\Users\pierrot\AppData\Local\Temp\cc5hR31A.o (__umulsidi3)
c:/openavrc_builder/avr-gcc/bin/../lib/gcc/avr/9.2.0/avr6\libgcc.a(_udivdi3.o)
                              C:\Users\pierrot\AppData\Local\Temp\cc5hR31A.o (__umoddi3)
c:/openavrc_builder/avr-gcc/bin/../lib/gcc/avr/9.2.0/avr6\libgcc.a(_udivmod64.o)
                              c:/openavrc_builder/avr-gcc/bin/../lib/gcc/avr/9.2.0/avr6\libgcc.a(_udivdi3.o) (__udivmod64)
c:/openavrc_builder/avr-gcc/bin/../lib/gcc/avr/9.2.0/avr6\libgcc.a(_ashldi3.o)
                              C:\Users\pierrot\AppData\Local\Temp\cc5hR31A.o (__ashldi3)
c:/openavrc_builder/avr-gcc/bin/../lib/gcc/avr/9.2.0/avr6\libgcc.a(_ashrdi3.o)
                              C:\Users\pierrot\AppData\Local\Temp\cc5hR31A.o (__lshrdi3)
c:/openavrc_builder/avr-gcc/bin/../lib/gcc/avr/9.2.0/avr6\libgcc.a(_adddi3.o)
                              C:\Users\pierrot\AppData\Local\Temp\cc5hR31A.o (__adddi3)
c:/openavrc_builder/avr-gcc/bin/../lib/gcc/avr/9.2.0/avr6\libgcc.a(_adddi3_s8.o)
                              C:\Users\pierrot\AppData\Local\Temp\cc5hR31A.o (__adddi3_s8)
c:/openavrc_builder/avr-gcc/bin/../lib/gcc/avr/9.2.0/avr6\libgcc.a(_subdi3.o)
                              C:\Users\pierrot\AppData\Local\Temp\cc5hR31A.o (__subdi3)
c:/openavrc_builder/avr-gcc/bin/../lib/gcc/avr/9.2.0/avr6\libgcc.a(_cmpdi2.o)
                              C:\Users\pierrot\AppData\Local\Temp\cc5hR31A.o (__cmpdi2)
[...]
Memory Configuration

Name             Origin             Length             Attributes
text             0x00000000         0x00100000         xr
data             0x00800200         0x0000fe00         rw !x
eeprom           0x00810000         0x00010000         rw !x
fuse             0x00820000         0x00000003         rw !x
lock             0x00830000         0x00000400         rw !x
signature        0x00840000         0x00000400         rw !x
user_signatures  0x00850000         0x00000400         rw !x
*default*        0x00000000         0xffffffff

Linker script and memory map

Address of section .data set to 0x800200
LOAD c:/openavrc_builder/avr-gcc/bin/../lib/gcc/avr/9.2.0/../../../../avr/lib/avr6/crtatmega2560.o
LOAD C:\Users\pierrot\AppData\Local\Temp\cc5hR31A.o
LOAD c:/openavrc_builder/avr-gcc/bin/../lib/gcc/avr/9.2.0/../../../../avr/lib/avr6\libm.a
START GROUP
LOAD c:/openavrc_builder/avr-gcc/bin/../lib/gcc/avr/9.2.0/avr6\libgcc.a
LOAD c:/openavrc_builder/avr-gcc/bin/../lib/gcc/avr/9.2.0/../../../../avr/lib/avr6\libm.a
LOAD c:/openavrc_builder/avr-gcc/bin/../lib/gcc/avr/9.2.0/../../../../avr/lib/avr6\libc.a
LOAD c:/openavrc_builder/avr-gcc/bin/../lib/gcc/avr/9.2.0/../../../../avr/lib/avr6\libatmega2560.a
END GROUP
                0x00100000                __TEXT_REGION_LENGTH__ = DEFINED (__TEXT_REGION_LENGTH__)?__TEXT_REGION_LENGTH__:0x100000
                0x0000fe00                __DATA_REGION_LENGTH__ = DEFINED (__DATA_REGION_LENGTH__)?__DATA_REGION_LENGTH__:0xfe00
                0x00010000                __EEPROM_REGION_LENGTH__ = DEFINED (__EEPROM_REGION_LENGTH__)?__EEPROM_REGION_LENGTH__:0x10000
                [0x00000003]                __FUSE_REGION_LENGTH__ = DEFINED (__FUSE_REGION_LENGTH__)?__FUSE_REGION_LENGTH__:0x400
                0x00000400                __LOCK_REGION_LENGTH__ = DEFINED (__LOCK_REGION_LENGTH__)?__LOCK_REGION_LENGTH__:0x400
                0x00000400                __SIGNATURE_REGION_LENGTH__ = DEFINED (__SIGNATURE_REGION_LENGTH__)?__SIGNATURE_REGION_LENGTH__:0x400
                0x00000400                __USER_SIGNATURE_REGION_LENGTH__ = DEFINED (__USER_SIGNATURE_REGION_LENGTH__)?__USER_SIGNATURE_REGION_LENGTH__:0x400

.hash
 *(.hash)

.dynsym
 *(.dynsym)

.dynstr
 *(.dynstr)

.gnu.version
 *(.gnu.version)

.gnu.version_d
 *(.gnu.version_d)

.gnu.version_r
 *(.gnu.version_r)

.rel.init
 *(.rel.init)

.rela.init
 *(.rela.init)

.rel.text
 *(.rel.text)
 *(.rel.text.*)
 *(.rel.gnu.linkonce.t*)

.rela.text
 *(.rela.text)
 *(.rela.text.*)
 *(.rela.gnu.linkonce.t*)

.rel.fini
 *(.rel.fini)

.rela.fini
 *(.rela.fini)

.rel.rodata
 *(.rel.rodata)
 *(.rel.rodata.*)
 *(.rel.gnu.linkonce.r*)

.rela.rodata
 *(.rela.rodata)
 *(.rela.rodata.*)
 *(.rela.gnu.linkonce.r*)

.rel.data
 *(.rel.data)
 *(.rel.data.*)
 *(.rel.gnu.linkonce.d*)

.rela.data
 *(.rela.data)
 *(.rela.data.*)
 *(.rela.gnu.linkonce.d*)

.rel.ctors
 *(.rel.ctors)

.rela.ctors
 *(.rela.ctors)

.rel.dtors
 *(.rel.dtors)

.rela.dtors
 *(.rela.dtors)

.rel.got
 *(.rel.got)

.rela.got
 *(.rela.got)

.rel.bss
 *(.rel.bss)

.rela.bss
 *(.rela.bss)

.rel.plt
 *(.rel.plt)

.rela.plt
 *(.rela.plt)

.text           0x00000000    0x2daae
 *(.vectors)
 .vectors       0x00000000       0xe4 c:/openavrc_builder/avr-gcc/bin/../lib/gcc/avr/9.2.0/../../../../avr/lib/avr6/crtatmega2560.o
                0x00000000                __vector_default
                0x00000000                __vectors
 *(.vectors)
 *(.progmem.gcc*)
                0x000000e4                . = ALIGN (0x2)
                0x000000e4                __trampolines_start = .
 *(.trampolines)
 .trampolines   0x000000e4      0x114 linker stubs
 *(.trampolines*)
                0x000001f8                __trampolines_end = .
 *libprintf_flt.a:*(.progmem.data)
 *libc.a:*(.progmem.data)
 *(.progmem.*)
 .progmem.data  0x000001f8     0x262d C:\Users\pierrot\AppData\Local\Temp\cc5hR31A.o
                0x00002826                . = ALIGN (0x2)
 *fill*         0x00002825        0x1 
 *(.lowtext)
 *(.lowtext*)
                0x00002826                __ctors_start = .
 *(.ctors)
 .ctors         0x00002826        0x2 C:\Users\pierrot\AppData\Local\Temp\cc5hR31A.o
                0x00002828                __ctors_end = .
                0x00002828                __dtors_start = .
 *(.dtors)
                0x00002828                __dtors_end = .
 SORT_BY_NAME(*)(.ctors)
 SORT_BY_NAME(*)(.dtors)
 *(.init0)
 .init0         0x00002828        0x0 c:/openavrc_builder/avr-gcc/bin/../lib/gcc/avr/9.2.0/../../../../avr/lib/avr6/crtatmega2560.o
                0x00002828                __init
 *(.init0)
 *(.init1)
 *(.init1)
 *(.init2)
 .init2         0x00002828       0x10 c:/openavrc_builder/avr-gcc/bin/../lib/gcc/avr/9.2.0/../../../../avr/lib/avr6/crtatmega2560.o
 *(.init2)
 *(.init3)
 *(.init3)
 *(.init4)
 .init4         0x00002838       0x1a c:/openavrc_builder/avr-gcc/bin/../lib/gcc/avr/9.2.0/avr6\libgcc.a(_copy_data.o)
                0x00002838                __do_copy_data
 .init4         0x00002852       0x10 c:/openavrc_builder/avr-gcc/bin/../lib/gcc/avr/9.2.0/avr6\libgcc.a(_clear_bss.o)
                0x00002852                __do_clear_bss
 *(.init4)
 *(.init5)
 *(.init5)
 *(.init6)
 .init6         0x00002862       0x20 c:/openavrc_builder/avr-gcc/bin/../lib/gcc/avr/9.2.0/avr6\libgcc.a(_ctors.o)
                0x00002862                __do_global_ctors
 *(.init6)
 *(.init7)
 *(.init7)
 *(.init8)
 *(.init8)
 *(.init9)
 .init9         0x00002882        0x8 c:/openavrc_builder/avr-gcc/bin/../lib/gcc/avr/9.2.0/../../../../avr/lib/avr6/crtatmega2560.o
 *(.init9)
 *(.text)
 .text          0x0000288a        0x4 c:/openavrc_builder/avr-gcc/bin/../lib/gcc/avr/9.2.0/../../../../avr/lib/avr6/crtatmega2560.o
                0x0000288a                __vector_38
                0x0000288a                __vector_22
                0x0000288a                __vector_28
                0x0000288a                __vector_1
                0x0000288a                __vector_34
                0x0000288a                __vector_24
                0x0000288a                __vector_12
                0x0000288a                __vector_46
                0x0000288a                __bad_interrupt
                0x0000288a                __vector_31
                0x0000288a                __vector_35
                0x0000288a                __vector_3
                0x0000288a                __vector_23
                0x0000288a                __vector_30
                0x0000288a                __vector_45
                0x0000288a                __vector_11
                0x0000288a                __vector_54
                0x0000288a                __vector_13
                0x0000288a                __vector_19
                0x0000288a                __vector_56
                0x0000288a                __vector_49
                0x0000288a                __vector_41
                0x0000288a                __vector_43
                0x0000288a                __vector_27
                0x0000288a                __vector_33
                0x0000288a                __vector_47
                0x0000288a                __vector_52
                0x0000288a                __vector_4
                0x0000288a                __vector_44
                0x0000288a                __vector_51
                0x0000288a                __vector_9
                0x0000288a                __vector_2
                0x0000288a                __vector_21
                0x0000288a                __vector_15
                0x0000288a                __vector_29
                0x0000288a                __vector_40
                0x0000288a                __vector_48
                0x0000288a                __vector_14
                0x0000288a                __vector_53
                0x0000288a                __vector_10
                0x0000288a                __vector_50
                0x0000288a                __vector_20
                0x0000288a                __vector_42
 .text          0x0000288e    0x26d30 C:\Users\pierrot\AppData\Local\Temp\cc5hR31A.o
                0x00028dc4                __vector_39
                0x00028e1c                __vector_5
                0x00028e8a                __vector_6
                0x00028ef8                __vector_8
                0x00028f66                __vector_7
                0x00028fd4                __vector_55
                0x0002901c                __vector_32
                0x00029220                __vector_17
                0x000292ea                __vector_18
                0x00029340                __vector_16
                0x00029440                __vector_36
                0x00029496                __vector_37
                0x000294f2                __vector_25
                0x0002957a                __vector_26
 .text          0x000295be        0x0 c:/openavrc_builder/avr-gcc/bin/../lib/gcc/avr/9.2.0/avr6\libgcc.a(_mulsi3.o)
 .text          0x000295be        0x0 c:/openavrc_builder/avr-gcc/bin/../lib/gcc/avr/9.2.0/avr6\libgcc.a(_udivmodhi4.o)
 .text          0x000295be        0x0 c:/openavrc_builder/avr-gcc/bin/../lib/gcc/avr/9.2.0/avr6\libgcc.a(_divmodhi4.o)
 .text          0x000295be        0x0 c:/openavrc_builder/avr-gcc/bin/../lib/gcc/avr/9.2.0/avr6\libgcc.a(_udivmodsi4.o)
 .text          0x000295be        0x0 c:/openavrc_builder/avr-gcc/bin/../lib/gcc/avr/9.2.0/avr6\libgcc.a(_divmodsi4.o)
 .text          0x000295be        0x0 c:/openavrc_builder/avr-gcc/bin/../lib/gcc/avr/9.2.0/avr6\libgcc.a(_negsi2.o)
 .text          0x000295be        0x0 c:/openavrc_builder/avr-gcc/bin/../lib/gcc/avr/9.2.0/avr6\libgcc.a(_exit.o)
 .text          0x000295be        0x0 c:/openavrc_builder/avr-gcc/bin/../lib/gcc/avr/9.2.0/avr6\libgcc.a(_tablejump2.o)
 .text          0x000295be        0x0 c:/openavrc_builder/avr-gcc/bin/../lib/gcc/avr/9.2.0/avr6\libgcc.a(_copy_data.o)
 .text          0x000295be        0x0 c:/openavrc_builder/avr-gcc/bin/../lib/gcc/avr/9.2.0/avr6\libgcc.a(_clear_bss.o)
 .text          0x000295be        0x0 c:/openavrc_builder/avr-gcc/bin/../lib/gcc/avr/9.2.0/avr6\libgcc.a(_ctors.o)
 .text          0x000295be        0x0 c:/openavrc_builder/avr-gcc/bin/../lib/gcc/avr/9.2.0/avr6\libgcc.a(_bswapsi2.o)
 .text          0x000295be        0x0 c:/openavrc_builder/avr-gcc/bin/../lib/gcc/avr/9.2.0/avr6\libgcc.a(_mulhisi3.o)
 .text          0x000295be        0x0 c:/openavrc_builder/avr-gcc/bin/../lib/gcc/avr/9.2.0/avr6\libgcc.a(_umulhisi3.o)
 .text          0x000295be        0x0 c:/openavrc_builder/avr-gcc/bin/../lib/gcc/avr/9.2.0/avr6\libgcc.a(_usmulhisi3.o)
 .text          0x000295be        0x0 c:/openavrc_builder/avr-gcc/bin/../lib/gcc/avr/9.2.0/avr6\libgcc.a(_muluhisi3.o)
 .text          0x000295be        0x0 c:/openavrc_builder/avr-gcc/bin/../lib/gcc/avr/9.2.0/avr6\libgcc.a(_mulshisi3.o)
 .text          0x000295be        0x0 c:/openavrc_builder/avr-gcc/bin/../lib/gcc/avr/9.2.0/avr6\libgcc.a(_muldi3.o)
 .text          0x000295be        0x0 c:/openavrc_builder/avr-gcc/bin/../lib/gcc/avr/9.2.0/avr6\libgcc.a(_muldi3_6.o)
 .text          0x000295be        0x0 c:/openavrc_builder/avr-gcc/bin/../lib/gcc/avr/9.2.0/avr6\libgcc.a(_umulsidi3.o)
 .text          0x000295be        0x0 c:/openavrc_builder/avr-gcc/bin/../lib/gcc/avr/9.2.0/avr6\libgcc.a(_udivdi3.o)
 .text          0x000295be        0x0 c:/openavrc_builder/avr-gcc/bin/../lib/gcc/avr/9.2.0/avr6\libgcc.a(_udivmod64.o)
 .text          0x000295be        0x0 c:/openavrc_builder/avr-gcc/bin/../lib/gcc/avr/9.2.0/avr6\libgcc.a(_ashldi3.o)
 .text          0x000295be        0x0 c:/openavrc_builder/avr-gcc/bin/../lib/gcc/avr/9.2.0/avr6\libgcc.a(_ashrdi3.o)
 .text          0x000295be        0x0 c:/openavrc_builder/avr-gcc/bin/../lib/gcc/avr/9.2.0/avr6\libgcc.a(_adddi3.o)
 .text          0x000295be        0x0 c:/openavrc_builder/avr-gcc/bin/../lib/gcc/avr/9.2.0/avr6\libgcc.a(_adddi3_s8.o)
 .text          0x000295be        0x0 c:/openavrc_builder/avr-gcc/bin/../lib/gcc/avr/9.2.0/avr6\libgcc.a(_subdi3.o)
 .text          0x000295be        0x0 c:/openavrc_builder/avr-gcc/bin/../lib/gcc/avr/9.2.0/avr6\libgcc.a(_cmpdi2.o)
 .text          0x000295be        0x0 c:/openavrc_builder/avr-gcc/bin/../lib/gcc/avr/9.2.0/avr6\libgcc.a(_cmpdi2_s8.o)
 .text          0x000295be        0x0 c:/openavrc_builder/avr-gcc/bin/../lib/gcc/avr/9.2.0/../../../../avr/lib/avr6\libc.a(random.o)
 .text          0x000295be        0x0 c:/openavrc_builder/avr-gcc/bin/../lib/gcc/avr/9.2.0/../../../../avr/lib/avr6\libc.a(strtol.o)
 .text          0x000295be        0x0 c:/openavrc_builder/avr-gcc/bin/../lib/gcc/avr/9.2.0/../../../../avr/lib/avr6\libc.a(isspace.o)
 .text          0x000295be        0x0 c:/openavrc_builder/avr-gcc/bin/../lib/gcc/avr/9.2.0/../../../../avr/lib/avr6\libc.a(memcmp_P.o)
 .text          0x000295be        0x0 c:/openavrc_builder/avr-gcc/bin/../lib/gcc/avr/9.2.0/../../../../avr/lib/avr6\libc.a(strcmp_P.o)
 .text          0x000295be        0x0 c:/openavrc_builder/avr-gcc/bin/../lib/gcc/avr/9.2.0/../../../../avr/lib/avr6\libc.a(strcpy_P.o)
 .text          0x000295be        0x0 c:/openavrc_builder/avr-gcc/bin/../lib/gcc/avr/9.2.0/../../../../avr/lib/avr6\libc.a(strncmp_P.o)
 .text          0x000295be        0x0 c:/openavrc_builder/avr-gcc/bin/../lib/gcc/avr/9.2.0/../../../../avr/lib/avr6\libc.a(strncpy_P.o)
 .text          0x000295be        0x0 c:/openavrc_builder/avr-gcc/bin/../lib/gcc/avr/9.2.0/../../../../avr/lib/avr6\libc.a(memcpy.o)
 .text          0x000295be        0x0 c:/openavrc_builder/avr-gcc/bin/../lib/gcc/avr/9.2.0/../../../../avr/lib/avr6\libc.a(memmove.o)
 .text          0x000295be        0x0 c:/openavrc_builder/avr-gcc/bin/../lib/gcc/avr/9.2.0/../../../../avr/lib/avr6\libc.a(memset.o)
 .text          0x000295be        0x0 c:/openavrc_builder/avr-gcc/bin/../lib/gcc/avr/9.2.0/../../../../avr/lib/avr6\libc.a(strcasecmp.o)
 .text          0x000295be        0x0 c:/openavrc_builder/avr-gcc/bin/../lib/gcc/avr/9.2.0/../../../../avr/lib/avr6\libc.a(strchr.o)
 .text          0x000295be        0x0 c:/openavrc_builder/avr-gcc/bin/../lib/gcc/avr/9.2.0/../../../../avr/lib/avr6\libc.a(strcmp.o)
 .text          0x000295be        0x0 c:/openavrc_builder/avr-gcc/bin/../lib/gcc/avr/9.2.0/../../../../avr/lib/avr6\libc.a(strcpy.o)
 .text          0x000295be        0x0 c:/openavrc_builder/avr-gcc/bin/../lib/gcc/avr/9.2.0/../../../../avr/lib/avr6\libc.a(strncmp.o)
 .text          0x000295be        0x0 c:/openavrc_builder/avr-gcc/bin/../lib/gcc/avr/9.2.0/../../../../avr/lib/avr6\libc.a(strncpy.o)
 .text          0x000295be        0x0 c:/openavrc_builder/avr-gcc/bin/../lib/gcc/avr/9.2.0/../../../../avr/lib/avr6\libc.a(strrchr.o)
 .text          0x000295be        0x0 c:/openavrc_builder/avr-gcc/bin/../lib/gcc/avr/9.2.0/../../../../avr/lib/avr6\libc.a(sprintf_p.o)
 .text          0x000295be        0xc c:/openavrc_builder/avr-gcc/bin/../lib/gcc/avr/9.2.0/../../../../avr/lib/avr6\libc.a(localtime.o)
                0x000295be                localtime
 .text          0x000295ca       0xa0 c:/openavrc_builder/avr-gcc/bin/../lib/gcc/avr/9.2.0/../../../../avr/lib/avr6\libc.a(localtime_r.o)
                0x000295ca                localtime_r
 .text          0x0002966a      0x1cc c:/openavrc_builder/avr-gcc/bin/../lib/gcc/avr/9.2.0/../../../../avr/lib/avr6\libc.a(mk_gmtime.o)
                0x0002966a                mk_gmtime
 .text          0x00029836        0x0 c:/openavrc_builder/avr-gcc/bin/../lib/gcc/avr/9.2.0/../../../../avr/lib/avr6\libc.a(tm_store.o)
 .text          0x00029836        0x0 c:/openavrc_builder/avr-gcc/bin/../lib/gcc/avr/9.2.0/../../../../avr/lib/avr6\libc.a(utc_offset.o)
 .text          0x00029836        0x0 c:/openavrc_builder/avr-gcc/bin/../lib/gcc/avr/9.2.0/../../../../avr/lib/avr6\libc.a(vfprintf_std.o)
 .text          0x00029836        0x0 c:/openavrc_builder/avr-gcc/bin/../lib/gcc/avr/9.2.0/../../../../avr/lib/avr6\libc.a(errno.o)
 .text          0x00029836        0x0 c:/openavrc_builder/avr-gcc/bin/../lib/gcc/avr/9.2.0/../../../../avr/lib/avr6\libc.a(cty_isfalse.o)
 .text          0x00029836        0x0 c:/openavrc_builder/avr-gcc/bin/../lib/gcc/avr/9.2.0/../../../../avr/lib/avr6\libc.a(strnlen_P.o)
 .text          0x00029836        0x0 c:/openavrc_builder/avr-gcc/bin/../lib/gcc/avr/9.2.0/../../../../avr/lib/avr6\libc.a(strnlen.o)
 .text          0x00029836        0x0 c:/openavrc_builder/avr-gcc/bin/../lib/gcc/avr/9.2.0/../../../../avr/lib/avr6\libc.a(fputc.o)
 .text          0x00029836        0x0 c:/openavrc_builder/avr-gcc/bin/../lib/gcc/avr/9.2.0/../../../../avr/lib/avr6\libc.a(ultoa_invert.o)
 .text          0x00029836        0x0 c:/openavrc_builder/avr-gcc/bin/../lib/gcc/avr/9.2.0/../../../../avr/lib/avr6\libc.a(dst_pointer.o)
 .text          0x00029836      0x1f0 c:/openavrc_builder/avr-gcc/bin/../lib/gcc/avr/9.2.0/../../../../avr/lib/avr6\libc.a(gmtime_r.o)
                0x00029836                gmtime_r
 .text          0x00029a26       0x2c c:/openavrc_builder/avr-gcc/bin/../lib/gcc/avr/9.2.0/../../../../avr/lib/avr6\libc.a(isLeap.o)
                0x00029a26                is_leap_year
                0x00029a52                . = ALIGN (0x2)
 *(.text.*)
 .text.startup  0x00029a52     0x2b18 C:\Users\pierrot\AppData\Local\Temp\cc5hR31A.o
                0x00029a52                main
 .text.libgcc.mul
                0x0002c56a       0x1e c:/openavrc_builder/avr-gcc/bin/../lib/gcc/avr/9.2.0/avr6\libgcc.a(_mulsi3.o)
                0x0002c56a                __mulsi3
 .text.libgcc.div
                0x0002c588        0x0 c:/openavrc_builder/avr-gcc/bin/../lib/gcc/avr/9.2.0/avr6\libgcc.a(_mulsi3.o)
 .text.libgcc   0x0002c588        0x0 c:/openavrc_builder/avr-gcc/bin/../lib/gcc/avr/9.2.0/avr6\libgcc.a(_mulsi3.o)
 .text.libgcc.prologue
                0x0002c588        0x0 c:/openavrc_builder/avr-gcc/bin/../lib/gcc/avr/9.2.0/avr6\libgcc.a(_mulsi3.o)
 .text.libgcc.builtins
                0x0002c588        0x0 c:/openavrc_builder/avr-gcc/bin/../lib/gcc/avr/9.2.0/avr6\libgcc.a(_mulsi3.o)
 .text.libgcc.fmul
                0x0002c588        0x0 c:/openavrc_builder/avr-gcc/bin/../lib/gcc/avr/9.2.0/avr6\libgcc.a(_mulsi3.o)
 .text.libgcc.fixed
                0x0002c588        0x0 c:/openavrc_builder/avr-gcc/bin/../lib/gcc/avr/9.2.0/avr6\libgcc.a(_mulsi3.o)
 .text.libgcc.mul
                0x0002c588        0x0 c:/openavrc_builder/avr-gcc/bin/../lib/gcc/avr/9.2.0/avr6\libgcc.a(_udivmodhi4.o)
 .text.libgcc.div
                0x0002c588       0x28 c:/openavrc_builder/avr-gcc/bin/../lib/gcc/avr/9.2.0/avr6\libgcc.a(_udivmodhi4.o)
                0x0002c588                __udivmodhi4
 .text.libgcc   0x0002c5b0        0x0 c:/openavrc_builder/avr-gcc/bin/../lib/gcc/avr/9.2.0/avr6\libgcc.a(_udivmodhi4.o)
 .text.libgcc.prologue
                0x0002c5b0        0x0 c:/openavrc_builder/avr-gcc/bin/../lib/gcc/avr/9.2.0/avr6\libgcc.a(_udivmodhi4.o)
 .text.libgcc.builtins
                0x0002c5b0        0x0 c:/openavrc_builder/avr-gcc/bin/../lib/gcc/avr/9.2.0/avr6\libgcc.a(_udivmodhi4.o)
 .text.libgcc.fmul
                0x0002c5b0        0x0 c:/openavrc_builder/avr-gcc/bin/../lib/gcc/avr/9.2.0/avr6\libgcc.a(_udivmodhi4.o)
 .text.libgcc.fixed
                0x0002c5b0        0x0 c:/openavrc_builder/avr-gcc/bin/../lib/gcc/avr/9.2.0/avr6\libgcc.a(_udivmodhi4.o)
 .text.libgcc.mul
                0x0002c5b0        0x0 c:/openavrc_builder/avr-gcc/bin/../lib/gcc/avr/9.2.0/avr6\libgcc.a(_divmodhi4.o)
 .text.libgcc.div
                0x0002c5b0       0x26 c:/openavrc_builder/avr-gcc/bin/../lib/gcc/avr/9.2.0/avr6\libgcc.a(_divmodhi4.o)
                0x0002c5b0                _div
                0x0002c5b0                __divmodhi4
 .text.libgcc   0x0002c5d6        0x0 c:/openavrc_builder/avr-gcc/bin/../lib/gcc/avr/9.2.0/avr6\libgcc.a(_divmodhi4.o)
 .text.libgcc.prologue
                0x0002c5d6        0x0 c:/openavrc_builder/avr-gcc/bin/../lib/gcc/avr/9.2.0/avr6\libgcc.a(_divmodhi4.o)
 .text.libgcc.builtins
                0x0002c5d6        0x0 c:/openavrc_builder/avr-gcc/bin/../lib/gcc/avr/9.2.0/avr6\libgcc.a(_divmodhi4.o)
 .text.libgcc.fmul
                0x0002c5d6        0x0 c:/openavrc_builder/avr-gcc/bin/../lib/gcc/avr/9.2.0/avr6\libgcc.a(_divmodhi4.o)
 .text.libgcc.fixed
                0x0002c5d6        0x0 c:/openavrc_builder/avr-gcc/bin/../lib/gcc/avr/9.2.0/avr6\libgcc.a(_divmodhi4.o)
 .text.libgcc.mul
                0x0002c5d6        0x0 c:/openavrc_builder/avr-gcc/bin/../lib/gcc/avr/9.2.0/avr6\libgcc.a(_udivmodsi4.o)
 .text.libgcc.div
                0x0002c5d6       0x44 c:/openavrc_builder/avr-gcc/bin/../lib/gcc/avr/9.2.0/avr6\libgcc.a(_udivmodsi4.o)
                0x0002c5d6                __udivmodsi4
 .text.libgcc   0x0002c61a        0x0 c:/openavrc_builder/avr-gcc/bin/../lib/gcc/avr/9.2.0/avr6\libgcc.a(_udivmodsi4.o)
 .text.libgcc.prologue
                0x0002c61a        0x0 c:/openavrc_builder/avr-gcc/bin/../lib/gcc/avr/9.2.0/avr6\libgcc.a(_udivmodsi4.o)
 .text.libgcc.builtins
                0x0002c61a        0x0 c:/openavrc_builder/avr-gcc/bin/../lib/gcc/avr/9.2.0/avr6\libgcc.a(_udivmodsi4.o)
 .text.libgcc.fmul
                0x0002c61a        0x0 c:/openavrc_builder/avr-gcc/bin/../lib/gcc/avr/9.2.0/avr6\libgcc.a(_udivmodsi4.o)
 .text.libgcc.fixed
                0x0002c61a        0x0 c:/openavrc_builder/avr-gcc/bin/../lib/gcc/avr/9.2.0/avr6\libgcc.a(_udivmodsi4.o)
 .text.libgcc.mul
                0x0002c61a        0x0 c:/openavrc_builder/avr-gcc/bin/../lib/gcc/avr/9.2.0/avr6\libgcc.a(_divmodsi4.o)
 .text.libgcc.div
                0x0002c61a       0x28 c:/openavrc_builder/avr-gcc/bin/../lib/gcc/avr/9.2.0/avr6\libgcc.a(_divmodsi4.o)
                0x0002c61a                __divmodsi4
 .text.libgcc   0x0002c642        0x0 c:/openavrc_builder/avr-gcc/bin/../lib/gcc/avr/9.2.0/avr6\libgcc.a(_divmodsi4.o)
 .text.libgcc.prologue
                0x0002c642        0x0 c:/openavrc_builder/avr-gcc/bin/../lib/gcc/avr/9.2.0/avr6\libgcc.a(_divmodsi4.o)
 .text.libgcc.builtins
                0x0002c642        0x0 c:/openavrc_builder/avr-gcc/bin/../lib/gcc/avr/9.2.0/avr6\libgcc.a(_divmodsi4.o)
 .text.libgcc.fmul
                0x0002c642        0x0 c:/openavrc_builder/avr-gcc/bin/../lib/gcc/avr/9.2.0/avr6\libgcc.a(_divmodsi4.o)
 .text.libgcc.fixed
                0x0002c642        0x0 c:/openavrc_builder/avr-gcc/bin/../lib/gcc/avr/9.2.0/avr6\libgcc.a(_divmodsi4.o)
 .text.libgcc.mul
                0x0002c642        0x0 c:/openavrc_builder/avr-gcc/bin/../lib/gcc/avr/9.2.0/avr6\libgcc.a(_negsi2.o)
 .text.libgcc.div
                0x0002c642       0x10 c:/openavrc_builder/avr-gcc/bin/../lib/gcc/avr/9.2.0/avr6\libgcc.a(_negsi2.o)
                0x0002c642                __negsi2
 .text.libgcc   0x0002c652        0x0 c:/openavrc_builder/avr-gcc/bin/../lib/gcc/avr/9.2.0/avr6\libgcc.a(_negsi2.o)
 .text.libgcc.prologue
                0x0002c652        0x0 c:/openavrc_builder/avr-gcc/bin/../lib/gcc/avr/9.2.0/avr6\libgcc.a(_negsi2.o)
 .text.libgcc.builtins
                0x0002c652        0x0 c:/openavrc_builder/avr-gcc/bin/../lib/gcc/avr/9.2.0/avr6\libgcc.a(_negsi2.o)
 .text.libgcc.fmul
                0x0002c652        0x0 c:/openavrc_builder/avr-gcc/bin/../lib/gcc/avr/9.2.0/avr6\libgcc.a(_negsi2.o)
 .text.libgcc.fixed
                0x0002c652        0x0 c:/openavrc_builder/avr-gcc/bin/../lib/gcc/avr/9.2.0/avr6\libgcc.a(_negsi2.o)
 .text.libgcc.mul
                0x0002c652        0x0 c:/openavrc_builder/avr-gcc/bin/../lib/gcc/avr/9.2.0/avr6\libgcc.a(_exit.o)
 .text.libgcc.div
                0x0002c652        0x0 c:/openavrc_builder/avr-gcc/bin/../lib/gcc/avr/9.2.0/avr6\libgcc.a(_exit.o)
 .text.libgcc   0x0002c652        0x0 c:/openavrc_builder/avr-gcc/bin/../lib/gcc/avr/9.2.0/avr6\libgcc.a(_exit.o)
 .text.libgcc.prologue
                0x0002c652        0x0 c:/openavrc_builder/avr-gcc/bin/../lib/gcc/avr/9.2.0/avr6\libgcc.a(_exit.o)
 .text.libgcc.builtins
                0x0002c652        0x0 c:/openavrc_builder/avr-gcc/bin/../lib/gcc/avr/9.2.0/avr6\libgcc.a(_exit.o)
 .text.libgcc.fmul
                0x0002c652        0x0 c:/openavrc_builder/avr-gcc/bin/../lib/gcc/avr/9.2.0/avr6\libgcc.a(_exit.o)
 .text.libgcc.fixed
                0x0002c652        0x0 c:/openavrc_builder/avr-gcc/bin/../lib/gcc/avr/9.2.0/avr6\libgcc.a(_exit.o)
 .text.libgcc.mul
                0x0002c652        0x0 c:/openavrc_builder/avr-gcc/bin/../lib/gcc/avr/9.2.0/avr6\libgcc.a(_tablejump2.o)
 .text.libgcc.div
                0x0002c652        0x0 c:/openavrc_builder/avr-gcc/bin/../lib/gcc/avr/9.2.0/avr6\libgcc.a(_tablejump2.o)
 .text.libgcc   0x0002c652       0x10 c:/openavrc_builder/avr-gcc/bin/../lib/gcc/avr/9.2.0/avr6\libgcc.a(_tablejump2.o)
                0x0002c652                __tablejump2__
 .text.libgcc.prologue
                0x0002c662        0x0 c:/openavrc_builder/avr-gcc/bin/../lib/gcc/avr/9.2.0/avr6\libgcc.a(_tablejump2.o)
 .text.libgcc.builtins
                0x0002c662        0x0 c:/openavrc_builder/avr-gcc/bin/../lib/gcc/avr/9.2.0/avr6\libgcc.a(_tablejump2.o)
 .text.libgcc.fmul
                0x0002c662        0x0 c:/openavrc_builder/avr-gcc/bin/../lib/gcc/avr/9.2.0/avr6\libgcc.a(_tablejump2.o)
 .text.libgcc.fixed
                0x0002c662        0x0 c:/openavrc_builder/avr-gcc/bin/../lib/gcc/avr/9.2.0/avr6\libgcc.a(_tablejump2.o)
 .text.libgcc.mul
                0x0002c662        0x0 c:/openavrc_builder/avr-gcc/bin/../lib/gcc/avr/9.2.0/avr6\libgcc.a(_copy_data.o)
 .text.libgcc.div
                0x0002c662        0x0 c:/openavrc_builder/avr-gcc/bin/../lib/gcc/avr/9.2.0/avr6\libgcc.a(_copy_data.o)
 .text.libgcc   0x0002c662        0x0 c:/openavrc_builder/avr-gcc/bin/../lib/gcc/avr/9.2.0/avr6\libgcc.a(_copy_data.o)
 .text.libgcc.prologue
                0x0002c662        0x0 c:/openavrc_builder/avr-gcc/bin/../lib/gcc/avr/9.2.0/avr6\libgcc.a(_copy_data.o)
 .text.libgcc.builtins
                0x0002c662        0x0 c:/openavrc_builder/avr-gcc/bin/../lib/gcc/avr/9.2.0/avr6\libgcc.a(_copy_data.o)
 .text.libgcc.fmul
                0x0002c662        0x0 c:/openavrc_builder/avr-gcc/bin/../lib/gcc/avr/9.2.0/avr6\libgcc.a(_copy_data.o)
 .text.libgcc.fixed
                0x0002c662        0x0 c:/openavrc_builder/avr-gcc/bin/../lib/gcc/avr/9.2.0/avr6\libgcc.a(_copy_data.o)
 .text.libgcc.mul
                0x0002c662        0x0 c:/openavrc_builder/avr-gcc/bin/../lib/gcc/avr/9.2.0/avr6\libgcc.a(_clear_bss.o)
 .text.libgcc.div
                0x0002c662        0x0 c:/openavrc_builder/avr-gcc/bin/../lib/gcc/avr/9.2.0/avr6\libgcc.a(_clear_bss.o)
 .text.libgcc   0x0002c662        0x0 c:/openavrc_builder/avr-gcc/bin/../lib/gcc/avr/9.2.0/avr6\libgcc.a(_clear_bss.o)
 .text.libgcc.prologue
                0x0002c662        0x0 c:/openavrc_builder/avr-gcc/bin/../lib/gcc/avr/9.2.0/avr6\libgcc.a(_clear_bss.o)
 .text.libgcc.builtins
                0x0002c662        0x0 c:/openavrc_builder/avr-gcc/bin/../lib/gcc/avr/9.2.0/avr6\libgcc.a(_clear_bss.o)
 .text.libgcc.fmul
                0x0002c662        0x0 c:/openavrc_builder/avr-gcc/bin/../lib/gcc/avr/9.2.0/avr6\libgcc.a(_clear_bss.o)
 .text.libgcc.fixed
                0x0002c662        0x0 c:/openavrc_builder/avr-gcc/bin/../lib/gcc/avr/9.2.0/avr6\libgcc.a(_clear_bss.o)
 .text.libgcc.mul
                0x0002c662        0x0 c:/openavrc_builder/avr-gcc/bin/../lib/gcc/avr/9.2.0/avr6\libgcc.a(_ctors.o)
 .text.libgcc.div
                0x0002c662        0x0 c:/openavrc_builder/avr-gcc/bin/../lib/gcc/avr/9.2.0/avr6\libgcc.a(_ctors.o)
 .text.libgcc   0x0002c662        0x0 c:/openavrc_builder/avr-gcc/bin/../lib/gcc/avr/9.2.0/avr6\libgcc.a(_ctors.o)
 .text.libgcc.prologue
                0x0002c662        0x0 c:/openavrc_builder/avr-gcc/bin/../lib/gcc/avr/9.2.0/avr6\libgcc.a(_ctors.o)
 .text.libgcc.builtins
                0x0002c662        0x0 c:/openavrc_builder/avr-gcc/bin/../lib/gcc/avr/9.2.0/avr6\libgcc.a(_ctors.o)
 .text.libgcc.fmul
                0x0002c662        0x0 c:/openavrc_builder/avr-gcc/bin/../lib/gcc/avr/9.2.0/avr6\libgcc.a(_ctors.o)
 .text.libgcc.fixed
                0x0002c662        0x0 c:/openavrc_builder/avr-gcc/bin/../lib/gcc/avr/9.2.0/avr6\libgcc.a(_ctors.o)
 .text.libgcc.mul
                0x0002c662        0x0 c:/openavrc_builder/avr-gcc/bin/../lib/gcc/avr/9.2.0/avr6\libgcc.a(_bswapsi2.o)
 .text.libgcc.div
                0x0002c662        0x0 c:/openavrc_builder/avr-gcc/bin/../lib/gcc/avr/9.2.0/avr6\libgcc.a(_bswapsi2.o)
 .text.libgcc   0x0002c662        0x0 c:/openavrc_builder/avr-gcc/bin/../lib/gcc/avr/9.2.0/avr6\libgcc.a(_bswapsi2.o)
 .text.libgcc.prologue
                0x0002c662        0x0 c:/openavrc_builder/avr-gcc/bin/../lib/gcc/avr/9.2.0/avr6\libgcc.a(_bswapsi2.o)
 .text.libgcc.builtins
                0x0002c662        0xe c:/openavrc_builder/avr-gcc/bin/../lib/gcc/avr/9.2.0/avr6\libgcc.a(_bswapsi2.o)
                0x0002c662                __bswapsi2
 .text.libgcc.fmul
                0x0002c670        0x0 c:/openavrc_builder/avr-gcc/bin/../lib/gcc/avr/9.2.0/avr6\libgcc.a(_bswapsi2.o)
 .text.libgcc.fixed
                0x0002c670        0x0 c:/openavrc_builder/avr-gcc/bin/../lib/gcc/avr/9.2.0/avr6\libgcc.a(_bswapsi2.o)
 .text.libgcc.mul
                0x0002c670        0xc c:/openavrc_builder/avr-gcc/bin/../lib/gcc/avr/9.2.0/avr6\libgcc.a(_mulhisi3.o)
                0x0002c670                __mulhisi3
 .text.libgcc.div
                0x0002c67c        0x0 c:/openavrc_builder/avr-gcc/bin/../lib/gcc/avr/9.2.0/avr6\libgcc.a(_mulhisi3.o)
 .text.libgcc   0x0002c67c        0x0 c:/openavrc_builder/avr-gcc/bin/../lib/gcc/avr/9.2.0/avr6\libgcc.a(_mulhisi3.o)
 .text.libgcc.prologue
                0x0002c67c        0x0 c:/openavrc_builder/avr-gcc/bin/../lib/gcc/avr/9.2.0/avr6\libgcc.a(_mulhisi3.o)
 .text.libgcc.builtins
                0x0002c67c        0x0 c:/openavrc_builder/avr-gcc/bin/../lib/gcc/avr/9.2.0/avr6\libgcc.a(_mulhisi3.o)
 .text.libgcc.fmul
                0x0002c67c        0x0 c:/openavrc_builder/avr-gcc/bin/../lib/gcc/avr/9.2.0/avr6\libgcc.a(_mulhisi3.o)
 .text.libgcc.fixed
                0x0002c67c        0x0 c:/openavrc_builder/avr-gcc/bin/../lib/gcc/avr/9.2.0/avr6\libgcc.a(_mulhisi3.o)
 .text.libgcc.mul
                0x0002c67c       0x1e c:/openavrc_builder/avr-gcc/bin/../lib/gcc/avr/9.2.0/avr6\libgcc.a(_umulhisi3.o)
                0x0002c67c                __umulhisi3
 .text.libgcc.div
                0x0002c69a        0x0 c:/openavrc_builder/avr-gcc/bin/../lib/gcc/avr/9.2.0/avr6\libgcc.a(_umulhisi3.o)
 .text.libgcc   0x0002c69a        0x0 c:/openavrc_builder/avr-gcc/bin/../lib/gcc/avr/9.2.0/avr6\libgcc.a(_umulhisi3.o)
 .text.libgcc.prologue
                0x0002c69a        0x0 c:/openavrc_builder/avr-gcc/bin/../lib/gcc/avr/9.2.0/avr6\libgcc.a(_umulhisi3.o)
 .text.libgcc.builtins
                0x0002c69a        0x0 c:/openavrc_builder/avr-gcc/bin/../lib/gcc/avr/9.2.0/avr6\libgcc.a(_umulhisi3.o)
 .text.libgcc.fmul
                0x0002c69a        0x0 c:/openavrc_builder/avr-gcc/bin/../lib/gcc/avr/9.2.0/avr6\libgcc.a(_umulhisi3.o)
 .text.libgcc.fixed
                0x0002c69a        0x0 c:/openavrc_builder/avr-gcc/bin/../lib/gcc/avr/9.2.0/avr6\libgcc.a(_umulhisi3.o)
 .text.libgcc.mul
                0x0002c69a        0xc c:/openavrc_builder/avr-gcc/bin/../lib/gcc/avr/9.2.0/avr6\libgcc.a(_usmulhisi3.o)
                0x0002c69a                __usmulhisi3
                0x0002c69c                __usmulhisi3_tail
 .text.libgcc.div
                0x0002c6a6        0x0 c:/openavrc_builder/avr-gcc/bin/../lib/gcc/avr/9.2.0/avr6\libgcc.a(_usmulhisi3.o)
 .text.libgcc   0x0002c6a6        0x0 c:/openavrc_builder/avr-gcc/bin/../lib/gcc/avr/9.2.0/avr6\libgcc.a(_usmulhisi3.o)
 .text.libgcc.prologue
                0x0002c6a6        0x0 c:/openavrc_builder/avr-gcc/bin/../lib/gcc/avr/9.2.0/avr6\libgcc.a(_usmulhisi3.o)
 .text.libgcc.builtins
                0x0002c6a6        0x0 c:/openavrc_builder/avr-gcc/bin/../lib/gcc/avr/9.2.0/avr6\libgcc.a(_usmulhisi3.o)
 .text.libgcc.fmul
                0x0002c6a6        0x0 c:/openavrc_builder/avr-gcc/bin/../lib/gcc/avr/9.2.0/avr6\libgcc.a(_usmulhisi3.o)
 .text.libgcc.fixed
                0x0002c6a6        0x0 c:/openavrc_builder/avr-gcc/bin/../lib/gcc/avr/9.2.0/avr6\libgcc.a(_usmulhisi3.o)
 .text.libgcc.mul
                0x0002c6a6       0x14 c:/openavrc_builder/avr-gcc/bin/../lib/gcc/avr/9.2.0/avr6\libgcc.a(_muluhisi3.o)
                0x0002c6a6                __muluhisi3
 .text.libgcc.div
                0x0002c6ba        0x0 c:/openavrc_builder/avr-gcc/bin/../lib/gcc/avr/9.2.0/avr6\libgcc.a(_muluhisi3.o)
 .text.libgcc   0x0002c6ba        0x0 c:/openavrc_builder/avr-gcc/bin/../lib/gcc/avr/9.2.0/avr6\libgcc.a(_muluhisi3.o)
 .text.libgcc.prologue
                0x0002c6ba        0x0 c:/openavrc_builder/avr-gcc/bin/../lib/gcc/avr/9.2.0/avr6\libgcc.a(_muluhisi3.o)
 .text.libgcc.builtins
                0x0002c6ba        0x0 c:/openavrc_builder/avr-gcc/bin/../lib/gcc/avr/9.2.0/avr6\libgcc.a(_muluhisi3.o)
 .text.libgcc.fmul
                0x0002c6ba        0x0 c:/openavrc_builder/avr-gcc/bin/../lib/gcc/avr/9.2.0/avr6\libgcc.a(_muluhisi3.o)
 .text.libgcc.fixed
                0x0002c6ba        0x0 c:/openavrc_builder/avr-gcc/bin/../lib/gcc/avr/9.2.0/avr6\libgcc.a(_muluhisi3.o)
 .text.libgcc.mul
                0x0002c6ba        0xc c:/openavrc_builder/avr-gcc/bin/../lib/gcc/avr/9.2.0/avr6\libgcc.a(_mulshisi3.o)
                0x0002c6ba                __mulshisi3
                0x0002c6be                __mulohisi3
 .text.libgcc.div
                0x0002c6c6        0x0 c:/openavrc_builder/avr-gcc/bin/../lib/gcc/avr/9.2.0/avr6\libgcc.a(_mulshisi3.o)
 .text.libgcc   0x0002c6c6        0x0 c:/openavrc_builder/avr-gcc/bin/../lib/gcc/avr/9.2.0/avr6\libgcc.a(_mulshisi3.o)
 .text.libgcc.prologue
                0x0002c6c6        0x0 c:/openavrc_builder/avr-gcc/bin/../lib/gcc/avr/9.2.0/avr6\libgcc.a(_mulshisi3.o)
 .text.libgcc.builtins
                0x0002c6c6        0x0 c:/openavrc_builder/avr-gcc/bin/../lib/gcc/avr/9.2.0/avr6\libgcc.a(_mulshisi3.o)
 .text.libgcc.fmul
                0x0002c6c6        0x0 c:/openavrc_builder/avr-gcc/bin/../lib/gcc/avr/9.2.0/avr6\libgcc.a(_mulshisi3.o)
 .text.libgcc.fixed
                0x0002c6c6        0x0 c:/openavrc_builder/avr-gcc/bin/../lib/gcc/avr/9.2.0/avr6\libgcc.a(_mulshisi3.o)
 .text.libgcc.mul
                0x0002c6c6       0x90 c:/openavrc_builder/avr-gcc/bin/../lib/gcc/avr/9.2.0/avr6\libgcc.a(_muldi3.o)
                0x0002c6c6                __muldi3
 .text.libgcc.div
                0x0002c756        0x0 c:/openavrc_builder/avr-gcc/bin/../lib/gcc/avr/9.2.0/avr6\libgcc.a(_muldi3.o)
 .text.libgcc   0x0002c756        0x0 c:/openavrc_builder/avr-gcc/bin/../lib/gcc/avr/9.2.0/avr6\libgcc.a(_muldi3.o)
 .text.libgcc.prologue
                0x0002c756        0x0 c:/openavrc_builder/avr-gcc/bin/../lib/gcc/avr/9.2.0/avr6\libgcc.a(_muldi3.o)
 .text.libgcc.builtins
                0x0002c756        0x0 c:/openavrc_builder/avr-gcc/bin/../lib/gcc/avr/9.2.0/avr6\libgcc.a(_muldi3.o)
 .text.libgcc.fmul
                0x0002c756        0x0 c:/openavrc_builder/avr-gcc/bin/../lib/gcc/avr/9.2.0/avr6\libgcc.a(_muldi3.o)
 .text.libgcc.fixed
                0x0002c756        0x0 c:/openavrc_builder/avr-gcc/bin/../lib/gcc/avr/9.2.0/avr6\libgcc.a(_muldi3.o)
 .text.libgcc.mul
                0x0002c756       0x10 c:/openavrc_builder/avr-gcc/bin/../lib/gcc/avr/9.2.0/avr6\libgcc.a(_muldi3_6.o)
                0x0002c756                __muldi3_6
 .text.libgcc.div
                0x0002c766        0x0 c:/openavrc_builder/avr-gcc/bin/../lib/gcc/avr/9.2.0/avr6\libgcc.a(_muldi3_6.o)
 .text.libgcc   0x0002c766        0x0 c:/openavrc_builder/avr-gcc/bin/../lib/gcc/avr/9.2.0/avr6\libgcc.a(_muldi3_6.o)
 .text.libgcc.prologue
                0x0002c766        0x0 c:/openavrc_builder/avr-gcc/bin/../lib/gcc/avr/9.2.0/avr6\libgcc.a(_muldi3_6.o)
 .text.libgcc.builtins
                0x0002c766        0x0 c:/openavrc_builder/avr-gcc/bin/../lib/gcc/avr/9.2.0/avr6\libgcc.a(_muldi3_6.o)
 .text.libgcc.fmul
                0x0002c766        0x0 c:/openavrc_builder/avr-gcc/bin/../lib/gcc/avr/9.2.0/avr6\libgcc.a(_muldi3_6.o)
 .text.libgcc.fixed
                0x0002c766        0x0 c:/openavrc_builder/avr-gcc/bin/../lib/gcc/avr/9.2.0/avr6\libgcc.a(_muldi3_6.o)
 .text.libgcc.mul
                0x0002c766       0x4e c:/openavrc_builder/avr-gcc/bin/../lib/gcc/avr/9.2.0/avr6\libgcc.a(_umulsidi3.o)
                0x0002c766                __umulsidi3
                0x0002c768                __umulsidi3_helper
 .text.libgcc.div
                0x0002c7b4        0x0 c:/openavrc_builder/avr-gcc/bin/../lib/gcc/avr/9.2.0/avr6\libgcc.a(_umulsidi3.o)
 .text.libgcc   0x0002c7b4        0x0 c:/openavrc_builder/avr-gcc/bin/../lib/gcc/avr/9.2.0/avr6\libgcc.a(_umulsidi3.o)
 .text.libgcc.prologue
                0x0002c7b4        0x0 c:/openavrc_builder/avr-gcc/bin/../lib/gcc/avr/9.2.0/avr6\libgcc.a(_umulsidi3.o)
 .text.libgcc.builtins
                0x0002c7b4        0x0 c:/openavrc_builder/avr-gcc/bin/../lib/gcc/avr/9.2.0/avr6\libgcc.a(_umulsidi3.o)
 .text.libgcc.fmul
                0x0002c7b4        0x0 c:/openavrc_builder/avr-gcc/bin/../lib/gcc/avr/9.2.0/avr6\libgcc.a(_umulsidi3.o)
 .text.libgcc.fixed
                0x0002c7b4        0x0 c:/openavrc_builder/avr-gcc/bin/../lib/gcc/avr/9.2.0/avr6\libgcc.a(_umulsidi3.o)
 .text.libgcc.mul
                0x0002c7b4        0x0 c:/openavrc_builder/avr-gcc/bin/../lib/gcc/avr/9.2.0/avr6\libgcc.a(_udivdi3.o)
 .text.libgcc.div
                0x0002c7b4       0x1a c:/openavrc_builder/avr-gcc/bin/../lib/gcc/avr/9.2.0/avr6\libgcc.a(_udivdi3.o)
                0x0002c7b4                __umoddi3
                0x0002c7b8                __udivdi3
                0x0002c7ba                __udivdi3_umoddi3
 .text.libgcc   0x0002c7ce        0x0 c:/openavrc_builder/avr-gcc/bin/../lib/gcc/avr/9.2.0/avr6\libgcc.a(_udivdi3.o)
 .text.libgcc.prologue
                0x0002c7ce        0x0 c:/openavrc_builder/avr-gcc/bin/../lib/gcc/avr/9.2.0/avr6\libgcc.a(_udivdi3.o)
 .text.libgcc.builtins
                0x0002c7ce        0x0 c:/openavrc_builder/avr-gcc/bin/../lib/gcc/avr/9.2.0/avr6\libgcc.a(_udivdi3.o)
 .text.libgcc.fmul
                0x0002c7ce        0x0 c:/openavrc_builder/avr-gcc/bin/../lib/gcc/avr/9.2.0/avr6\libgcc.a(_udivdi3.o)
 .text.libgcc.fixed
                0x0002c7ce        0x0 c:/openavrc_builder/avr-gcc/bin/../lib/gcc/avr/9.2.0/avr6\libgcc.a(_udivdi3.o)
 .text.libgcc.mul
                0x0002c7ce        0x0 c:/openavrc_builder/avr-gcc/bin/../lib/gcc/avr/9.2.0/avr6\libgcc.a(_udivmod64.o)
 .text.libgcc.div
                0x0002c7ce       0xa2 c:/openavrc_builder/avr-gcc/bin/../lib/gcc/avr/9.2.0/avr6\libgcc.a(_udivmod64.o)
                0x0002c7ce                __udivmod64
 .text.libgcc   0x0002c870        0x0 c:/openavrc_builder/avr-gcc/bin/../lib/gcc/avr/9.2.0/avr6\libgcc.a(_udivmod64.o)
 .text.libgcc.prologue
                0x0002c870        0x0 c:/openavrc_builder/avr-gcc/bin/../lib/gcc/avr/9.2.0/avr6\libgcc.a(_udivmod64.o)
 .text.libgcc.builtins
                0x0002c870        0x0 c:/openavrc_builder/avr-gcc/bin/../lib/gcc/avr/9.2.0/avr6\libgcc.a(_udivmod64.o)
 .text.libgcc.fmul
                0x0002c870        0x0 c:/openavrc_builder/avr-gcc/bin/../lib/gcc/avr/9.2.0/avr6\libgcc.a(_udivmod64.o)
 .text.libgcc.fixed
                0x0002c870        0x0 c:/openavrc_builder/avr-gcc/bin/../lib/gcc/avr/9.2.0/avr6\libgcc.a(_udivmod64.o)
 .text.libgcc.mul
                0x0002c870        0x0 c:/openavrc_builder/avr-gcc/bin/../lib/gcc/avr/9.2.0/avr6\libgcc.a(_ashldi3.o)
 .text.libgcc.div
                0x0002c870        0x0 c:/openavrc_builder/avr-gcc/bin/../lib/gcc/avr/9.2.0/avr6\libgcc.a(_ashldi3.o)
 .text.libgcc   0x0002c870        0x0 c:/openavrc_builder/avr-gcc/bin/../lib/gcc/avr/9.2.0/avr6\libgcc.a(_ashldi3.o)
 .text.libgcc.prologue
                0x0002c870        0x0 c:/openavrc_builder/avr-gcc/bin/../lib/gcc/avr/9.2.0/avr6\libgcc.a(_ashldi3.o)
 .text.libgcc.builtins
                0x0002c870       0x32 c:/openavrc_builder/avr-gcc/bin/../lib/gcc/avr/9.2.0/avr6\libgcc.a(_ashldi3.o)
                0x0002c870                __ashldi3
 .text.libgcc.fmul
                0x0002c8a2        0x0 c:/openavrc_builder/avr-gcc/bin/../lib/gcc/avr/9.2.0/avr6\libgcc.a(_ashldi3.o)
 .text.libgcc.fixed
                0x0002c8a2        0x0 c:/openavrc_builder/avr-gcc/bin/../lib/gcc/avr/9.2.0/avr6\libgcc.a(_ashldi3.o)
 .text.libgcc.mul
                0x0002c8a2        0x0 c:/openavrc_builder/avr-gcc/bin/../lib/gcc/avr/9.2.0/avr6\libgcc.a(_ashrdi3.o)
 .text.libgcc.div
                0x0002c8a2        0x0 c:/openavrc_builder/avr-gcc/bin/../lib/gcc/avr/9.2.0/avr6\libgcc.a(_ashrdi3.o)
 .text.libgcc   0x0002c8a2        0x0 c:/openavrc_builder/avr-gcc/bin/../lib/gcc/avr/9.2.0/avr6\libgcc.a(_ashrdi3.o)
 .text.libgcc.prologue
                0x0002c8a2        0x0 c:/openavrc_builder/avr-gcc/bin/../lib/gcc/avr/9.2.0/avr6\libgcc.a(_ashrdi3.o)
 .text.libgcc.builtins
                0x0002c8a2       0x3a c:/openavrc_builder/avr-gcc/bin/../lib/gcc/avr/9.2.0/avr6\libgcc.a(_ashrdi3.o)
                0x0002c8a2                __ashrdi3
                0x0002c8a6                __lshrdi3
 .text.libgcc.fmul
                0x0002c8dc        0x0 c:/openavrc_builder/avr-gcc/bin/../lib/gcc/avr/9.2.0/avr6\libgcc.a(_ashrdi3.o)
 .text.libgcc.fixed
                0x0002c8dc        0x0 c:/openavrc_builder/avr-gcc/bin/../lib/gcc/avr/9.2.0/avr6\libgcc.a(_ashrdi3.o)
 .text.libgcc.mul
                0x0002c8dc        0x0 c:/openavrc_builder/avr-gcc/bin/../lib/gcc/avr/9.2.0/avr6\libgcc.a(_adddi3.o)
 .text.libgcc.div
                0x0002c8dc        0x0 c:/openavrc_builder/avr-gcc/bin/../lib/gcc/avr/9.2.0/avr6\libgcc.a(_adddi3.o)
 .text.libgcc   0x0002c8dc       0x12 c:/openavrc_builder/avr-gcc/bin/../lib/gcc/avr/9.2.0/avr6\libgcc.a(_adddi3.o)
                0x0002c8dc                __adddi3
 .text.libgcc.prologue
                0x0002c8ee        0x0 c:/openavrc_builder/avr-gcc/bin/../lib/gcc/avr/9.2.0/avr6\libgcc.a(_adddi3.o)
 .text.libgcc.builtins
                0x0002c8ee        0x0 c:/openavrc_builder/avr-gcc/bin/../lib/gcc/avr/9.2.0/avr6\libgcc.a(_adddi3.o)
 .text.libgcc.fmul
                0x0002c8ee        0x0 c:/openavrc_builder/avr-gcc/bin/../lib/gcc/avr/9.2.0/avr6\libgcc.a(_adddi3.o)
 .text.libgcc.fixed
                0x0002c8ee        0x0 c:/openavrc_builder/avr-gcc/bin/../lib/gcc/avr/9.2.0/avr6\libgcc.a(_adddi3.o)
 .text.libgcc.mul
                0x0002c8ee        0x0 c:/openavrc_builder/avr-gcc/bin/../lib/gcc/avr/9.2.0/avr6\libgcc.a(_adddi3_s8.o)
 .text.libgcc.div
                0x0002c8ee        0x0 c:/openavrc_builder/avr-gcc/bin/../lib/gcc/avr/9.2.0/avr6\libgcc.a(_adddi3_s8.o)
 .text.libgcc   0x0002c8ee       0x18 c:/openavrc_builder/avr-gcc/bin/../lib/gcc/avr/9.2.0/avr6\libgcc.a(_adddi3_s8.o)
                0x0002c8ee                __adddi3_s8
 .text.libgcc.prologue
                0x0002c906        0x0 c:/openavrc_builder/avr-gcc/bin/../lib/gcc/avr/9.2.0/avr6\libgcc.a(_adddi3_s8.o)
 .text.libgcc.builtins
                0x0002c906        0x0 c:/openavrc_builder/avr-gcc/bin/../lib/gcc/avr/9.2.0/avr6\libgcc.a(_adddi3_s8.o)
 .text.libgcc.fmul
                0x0002c906        0x0 c:/openavrc_builder/avr-gcc/bin/../lib/gcc/avr/9.2.0/avr6\libgcc.a(_adddi3_s8.o)
 .text.libgcc.fixed
                0x0002c906        0x0 c:/openavrc_builder/avr-gcc/bin/../lib/gcc/avr/9.2.0/avr6\libgcc.a(_adddi3_s8.o)
 .text.libgcc.mul
                0x0002c906        0x0 c:/openavrc_builder/avr-gcc/bin/../lib/gcc/avr/9.2.0/avr6\libgcc.a(_subdi3.o)
 .text.libgcc.div
                0x0002c906        0x0 c:/openavrc_builder/avr-gcc/bin/../lib/gcc/avr/9.2.0/avr6\libgcc.a(_subdi3.o)
 .text.libgcc   0x0002c906       0x12 c:/openavrc_builder/avr-gcc/bin/../lib/gcc/avr/9.2.0/avr6\libgcc.a(_subdi3.o)
                0x0002c906                __subdi3
 .text.libgcc.prologue
                0x0002c918        0x0 c:/openavrc_builder/avr-gcc/bin/../lib/gcc/avr/9.2.0/avr6\libgcc.a(_subdi3.o)
 .text.libgcc.builtins
                0x0002c918        0x0 c:/openavrc_builder/avr-gcc/bin/../lib/gcc/avr/9.2.0/avr6\libgcc.a(_subdi3.o)
 .text.libgcc.fmul
                0x0002c918        0x0 c:/openavrc_builder/avr-gcc/bin/../lib/gcc/avr/9.2.0/avr6\libgcc.a(_subdi3.o)
 .text.libgcc.fixed
                0x0002c918        0x0 c:/openavrc_builder/avr-gcc/bin/../lib/gcc/avr/9.2.0/avr6\libgcc.a(_subdi3.o)
 .text.libgcc.mul
                0x0002c918        0x0 c:/openavrc_builder/avr-gcc/bin/../lib/gcc/avr/9.2.0/avr6\libgcc.a(_cmpdi2.o)
 .text.libgcc.div
                0x0002c918        0x0 c:/openavrc_builder/avr-gcc/bin/../lib/gcc/avr/9.2.0/avr6\libgcc.a(_cmpdi2.o)
 .text.libgcc   0x0002c918       0x12 c:/openavrc_builder/avr-gcc/bin/../lib/gcc/avr/9.2.0/avr6\libgcc.a(_cmpdi2.o)
                0x0002c918                __cmpdi2
 .text.libgcc.prologue
                0x0002c92a        0x0 c:/openavrc_builder/avr-gcc/bin/../lib/gcc/avr/9.2.0/avr6\libgcc.a(_cmpdi2.o)
 .text.libgcc.builtins
                0x0002c92a        0x0 c:/openavrc_builder/avr-gcc/bin/../lib/gcc/avr/9.2.0/avr6\libgcc.a(_cmpdi2.o)
 .text.libgcc.fmul
                0x0002c92a        0x0 c:/openavrc_builder/avr-gcc/bin/../lib/gcc/avr/9.2.0/avr6\libgcc.a(_cmpdi2.o)
 .text.libgcc.fixed
                0x0002c92a        0x0 c:/openavrc_builder/avr-gcc/bin/../lib/gcc/avr/9.2.0/avr6\libgcc.a(_cmpdi2.o)
 .text.libgcc.mul
                0x0002c92a        0x0 c:/openavrc_builder/avr-gcc/bin/../lib/gcc/avr/9.2.0/avr6\libgcc.a(_cmpdi2_s8.o)
 .text.libgcc.div
                0x0002c92a        0x0 c:/openavrc_builder/avr-gcc/bin/../lib/gcc/avr/9.2.0/avr6\libgcc.a(_cmpdi2_s8.o)
 .text.libgcc   0x0002c92a       0x18 c:/openavrc_builder/avr-gcc/bin/../lib/gcc/avr/9.2.0/avr6\libgcc.a(_cmpdi2_s8.o)
                0x0002c92a                __cmpdi2_s8
 .text.libgcc.prologue
                0x0002c942        0x0 c:/openavrc_builder/avr-gcc/bin/../lib/gcc/avr/9.2.0/avr6\libgcc.a(_cmpdi2_s8.o)
 .text.libgcc.builtins
                0x0002c942        0x0 c:/openavrc_builder/avr-gcc/bin/../lib/gcc/avr/9.2.0/avr6\libgcc.a(_cmpdi2_s8.o)
 .text.libgcc.fmul
                0x0002c942        0x0 c:/openavrc_builder/avr-gcc/bin/../lib/gcc/avr/9.2.0/avr6\libgcc.a(_cmpdi2_s8.o)
 .text.libgcc.fixed
                0x0002c942        0x0 c:/openavrc_builder/avr-gcc/bin/../lib/gcc/avr/9.2.0/avr6\libgcc.a(_cmpdi2_s8.o)
 .text.avr-libc
                0x0002c942      0x1a6 c:/openavrc_builder/avr-gcc/bin/../lib/gcc/avr/9.2.0/../../../../avr/lib/avr6\libc.a(random.o)
                0x0002c942                random_r
                0x0002ca0a                random
                0x0002cad6                srandom
 .text.avr-libc
                0x0002cae8      0x2a2 c:/openavrc_builder/avr-gcc/bin/../lib/gcc/avr/9.2.0/../../../../avr/lib/avr6\libc.a(strtol.o)
                0x0002cae8                strtol
 .text.avr-libc
                0x0002cd8a       0x10 c:/openavrc_builder/avr-gcc/bin/../lib/gcc/avr/9.2.0/../../../../avr/lib/avr6\libc.a(isspace.o)
                0x0002cd8a                isspace
 .text.avr-libc
                0x0002cd9a       0x1a c:/openavrc_builder/avr-gcc/bin/../lib/gcc/avr/9.2.0/../../../../avr/lib/avr6\libc.a(memcmp_P.o)
                0x0002cd9a                memcmp_P
 .text.avr-libc
                0x0002cdb4       0x12 c:/openavrc_builder/avr-gcc/bin/../lib/gcc/avr/9.2.0/../../../../avr/lib/avr6\libc.a(strcmp_P.o)
                0x0002cdb4                strcmp_P
 .text.avr-libc
                0x0002cdc6        0xe c:/openavrc_builder/avr-gcc/bin/../lib/gcc/avr/9.2.0/../../../../avr/lib/avr6\libc.a(strcpy_P.o)
                0x0002cdc6                strcpy_P
 .text.avr-libc
                0x0002cdd4       0x1c c:/openavrc_builder/avr-gcc/bin/../lib/gcc/avr/9.2.0/../../../../avr/lib/avr6\libc.a(strncmp_P.o)
                0x0002cdd4                strncmp_P
 .text.avr-libc
                0x0002cdf0       0x1e c:/openavrc_builder/avr-gcc/bin/../lib/gcc/avr/9.2.0/../../../../avr/lib/avr6\libc.a(strncpy_P.o)
                0x0002cdf0                strncpy_P
 .text.avr-libc
                0x0002ce0e       0x12 c:/openavrc_builder/avr-gcc/bin/../lib/gcc/avr/9.2.0/../../../../avr/lib/avr6\libc.a(memcpy.o)
                0x0002ce0e                memcpy
 .text.avr-libc
                0x0002ce20       0x22 c:/openavrc_builder/avr-gcc/bin/../lib/gcc/avr/9.2.0/../../../../avr/lib/avr6\libc.a(memmove.o)
                0x0002ce20                memmove
 .text.avr-libc
                0x0002ce42        0xe c:/openavrc_builder/avr-gcc/bin/../lib/gcc/avr/9.2.0/../../../../avr/lib/avr6\libc.a(memset.o)
                0x0002ce42                memset
 .text.avr-libc
                0x0002ce50       0x26 c:/openavrc_builder/avr-gcc/bin/../lib/gcc/avr/9.2.0/../../../../avr/lib/avr6\libc.a(strcasecmp.o)
                0x0002ce50                strcasecmp
 .text.avr-libc
                0x0002ce76       0x16 c:/openavrc_builder/avr-gcc/bin/../lib/gcc/avr/9.2.0/../../../../avr/lib/avr6\libc.a(strchr.o)
                0x0002ce76                strchr
 .text.avr-libc
                0x0002ce8c       0x12 c:/openavrc_builder/avr-gcc/bin/../lib/gcc/avr/9.2.0/../../../../avr/lib/avr6\libc.a(strcmp.o)
                0x0002ce8c                strcmp
 .text.avr-libc
                0x0002ce9e        0xe c:/openavrc_builder/avr-gcc/bin/../lib/gcc/avr/9.2.0/../../../../avr/lib/avr6\libc.a(strcpy.o)
                0x0002ce9e                strcpy
 .text.avr-libc
                0x0002ceac       0x1c c:/openavrc_builder/avr-gcc/bin/../lib/gcc/avr/9.2.0/../../../../avr/lib/avr6\libc.a(strncmp.o)
                0x0002ceac                strncmp
 .text.avr-libc
                0x0002cec8       0x1e c:/openavrc_builder/avr-gcc/bin/../lib/gcc/avr/9.2.0/../../../../avr/lib/avr6\libc.a(strncpy.o)
                0x0002cec8                strncpy
 .text.avr-libc
                0x0002cee6       0x16 c:/openavrc_builder/avr-gcc/bin/../lib/gcc/avr/9.2.0/../../../../avr/lib/avr6\libc.a(strrchr.o)
                0x0002cee6                strrchr
 .text.avr-libc
                0x0002cefc       0x5e c:/openavrc_builder/avr-gcc/bin/../lib/gcc/avr/9.2.0/../../../../avr/lib/avr6\libc.a(sprintf_p.o)
                0x0002cefc                sprintf_P
 .text.avr-libc
                0x0002cf5a      0x3e8 c:/openavrc_builder/avr-gcc/bin/../lib/gcc/avr/9.2.0/../../../../avr/lib/avr6\libc.a(vfprintf_std.o)
                0x0002cf5a                vfprintf
 .text.avr-libc
                0x0002d342        0x6 c:/openavrc_builder/avr-gcc/bin/../lib/gcc/avr/9.2.0/../../../../avr/lib/avr6\libc.a(cty_isfalse.o)
                0x0002d342                __ctype_isfalse
                0x0002d346                __ctype_istrue
 .text.avr-libc
                0x0002d348       0x16 c:/openavrc_builder/avr-gcc/bin/../lib/gcc/avr/9.2.0/../../../../avr/lib/avr6\libc.a(strnlen_P.o)
                0x0002d348                strnlen_P
 .text.avr-libc
                0x0002d35e       0x16 c:/openavrc_builder/avr-gcc/bin/../lib/gcc/avr/9.2.0/../../../../avr/lib/avr6\libc.a(strnlen.o)
                0x0002d35e                strnlen
 .text.avr-libc
                0x0002d374       0x60 c:/openavrc_builder/avr-gcc/bin/../lib/gcc/avr/9.2.0/../../../../avr/lib/avr6\libc.a(fputc.o)
                0x0002d374                fputc
 .text.avr-libc
                0x0002d3d4       0xbc c:/openavrc_builder/avr-gcc/bin/../lib/gcc/avr/9.2.0/../../../../avr/lib/avr6\libc.a(ultoa_invert.o)
                0x0002d3d4                __ultoa_invert
                0x0002d490                . = ALIGN (0x2)
 *(.fini9)
 .fini9         0x0002d490        0x0 c:/openavrc_builder/avr-gcc/bin/../lib/gcc/avr/9.2.0/avr6\libgcc.a(_exit.o)
                0x0002d490                _exit
                0x0002d490                exit
 *(.fini9)
 *(.fini8)
 *(.fini8)
 *(.fini7)
 *(.fini7)
 *(.fini6)
 *(.fini6)
 *(.fini5)
 *(.fini5)
 *(.fini4)
 *(.fini4)
 *(.fini3)
 *(.fini3)
 *(.fini2)
 *(.fini2)
 *(.fini1)
 *(.fini1)
 *(.fini0)
 .fini0         0x0002d490        0x4 c:/openavrc_builder/avr-gcc/bin/../lib/gcc/avr/9.2.0/avr6\libgcc.a(_exit.o)
 *(.fini0)
 *(.hightext)
 *(.hightext*)
 *(.progmemx.*)
                0x0002d494                . = ALIGN (0x2)
 *(.jumptables)
 *(.jumptables*)
 .jumptables.gcc._Z22convert8bitsTelemValuehh
                0x0002d494       0x54 C:\Users\pierrot\AppData\Local\Temp\cc5hR31A.o
 .jumptables.gcc._Z13applyTemplateh
                0x0002d4e8        0xe C:\Users\pierrot\AppData\Local\Temp\cc5hR31A.o
 .jumptables.gcc._Z16processHubPackethj
                0x0002d4f6       0xea C:\Users\pierrot\AppData\Local\Temp\cc5hR31A.o
 .jumptables.gcc._Z7per10msv
                0x0002d5e0       0xec C:\Users\pierrot\AppData\Local\Temp\cc5hR31A.o
 .jumptables.gcc._Z11switchState8EnumKeys.part.0
                0x0002d6cc       0x12 C:\Users\pierrot\AppData\Local\Temp\cc5hR31A.o
 .jumptables.gcc._Z28lcdPutsTelemetryChannelValuehhhih
                0x0002d6de       0x56 C:\Users\pierrot\AppData\Local\Temp\cc5hR31A.o
 .jumptables.gcc._Z10applyCurveia
                0x0002d734        0xe C:\Users\pierrot\AppData\Local\Temp\cc5hR31A.o
 .jumptables.gcc._ZN10audioQueue5eventEhh.constprop.0
                0x0002d742       0x3a C:\Users\pierrot\AppData\Local\Temp\cc5hR31A.o
 .jumptables.gcc._Z5checkhhPKPFvhEhPKhhj
                0x0002d77c      0x100 C:\Users\pierrot\AppData\Local\Temp\cc5hR31A.o
 .jumptables.gcc._Z15menuModelMixOneh
                0x0002d87c       0x34 C:\Users\pierrot\AppData\Local\Temp\cc5hR31A.o
 .jumptables.gcc._Z18menuModelTelemetryh
                0x0002d8b0       0x36 C:\Users\pierrot\AppData\Local\Temp\cc5hR31A.o
 .jumptables.gcc._Z14menuModelSetuph
                0x0002d8e6       0x36 C:\Users\pierrot\AppData\Local\Temp\cc5hR31A.o
 .jumptables.gcc._ZL8HITEC_cbv
                0x0002d91c       0x32 C:\Users\pierrot\AppData\Local\Temp\cc5hR31A.o
 .jumptables.gcc._Z17menuModelPhaseOneh
                0x0002d94e       0x1c C:\Users\pierrot\AppData\Local\Temp\cc5hR31A.o
 .jumptables.gcc._Z12menuMainViewh
                0x0002d96a       0x4a C:\Users\pierrot\AppData\Local\Temp\cc5hR31A.o
 .jumptables.gcc._Z16menuGeneralSetuph
                0x0002d9b4       0x3a C:\Users\pierrot\AppData\Local\Temp\cc5hR31A.o
 .jumptables.gcc._Z9HUBSAN_cbv
                0x0002d9ee       0x18 C:\Users\pierrot\AppData\Local\Temp\cc5hR31A.o
 .jumptables.gcc._Z13menuModelXanyh
                0x0002da06       0x1c C:\Users\pierrot\AppData\Local\Temp\cc5hR31A.o
 .jumptables.gcc._Z19doMixerCalculationsv
                0x0002da22       0x6e C:\Users\pierrot\AppData\Local\Temp\cc5hR31A.o
 .jumptables.gcc._Z24menuGeneralSdManagerInfoh
                0x0002da90       0x1e C:\Users\pierrot\AppData\Local\Temp\cc5hR31A.o
                0x0002daae                _etext = .

.data           0x00800200      0x862 load address 0x0002daae
                0x00800200                PROVIDE (__data_start = .)
 *(.data)
 .data          0x00800200        0x0 c:/openavrc_builder/avr-gcc/bin/../lib/gcc/avr/9.2.0/../../../../avr/lib/avr6/crtatmega2560.o
 .data          0x00800200       0x1b C:\Users\pierrot\AppData\Local\Temp\cc5hR31A.o
 .data          0x0080021b        0x0 c:/openavrc_builder/avr-gcc/bin/../lib/gcc/avr/9.2.0/avr6\libgcc.a(_mulsi3.o)
 .data          0x0080021b        0x0 c:/openavrc_builder/avr-gcc/bin/../lib/gcc/avr/9.2.0/avr6\libgcc.a(_udivmodhi4.o)
 .data          0x0080021b        0x0 c:/openavrc_builder/avr-gcc/bin/../lib/gcc/avr/9.2.0/avr6\libgcc.a(_divmodhi4.o)
 .data          0x0080021b        0x0 c:/openavrc_builder/avr-gcc/bin/../lib/gcc/avr/9.2.0/avr6\libgcc.a(_udivmodsi4.o)
 .data          0x0080021b        0x0 c:/openavrc_builder/avr-gcc/bin/../lib/gcc/avr/9.2.0/avr6\libgcc.a(_divmodsi4.o)
 .data          0x0080021b        0x0 c:/openavrc_builder/avr-gcc/bin/../lib/gcc/avr/9.2.0/avr6\libgcc.a(_negsi2.o)
 .data          0x0080021b        0x0 c:/openavrc_builder/avr-gcc/bin/../lib/gcc/avr/9.2.0/avr6\libgcc.a(_exit.o)
 .data          0x0080021b        0x0 c:/openavrc_builder/avr-gcc/bin/../lib/gcc/avr/9.2.0/avr6\libgcc.a(_tablejump2.o)
 .data          0x0080021b        0x0 c:/openavrc_builder/avr-gcc/bin/../lib/gcc/avr/9.2.0/avr6\libgcc.a(_copy_data.o)
 .data          0x0080021b        0x0 c:/openavrc_builder/avr-gcc/bin/../lib/gcc/avr/9.2.0/avr6\libgcc.a(_clear_bss.o)
 .data          0x0080021b        0x0 c:/openavrc_builder/avr-gcc/bin/../lib/gcc/avr/9.2.0/avr6\libgcc.a(_ctors.o)
 .data          0x0080021b        0x0 c:/openavrc_builder/avr-gcc/bin/../lib/gcc/avr/9.2.0/avr6\libgcc.a(_bswapsi2.o)
 .data          0x0080021b        0x0 c:/openavrc_builder/avr-gcc/bin/../lib/gcc/avr/9.2.0/avr6\libgcc.a(_mulhisi3.o)
 .data          0x0080021b        0x0 c:/openavrc_builder/avr-gcc/bin/../lib/gcc/avr/9.2.0/avr6\libgcc.a(_umulhisi3.o)
 .data          0x0080021b        0x0 c:/openavrc_builder/avr-gcc/bin/../lib/gcc/avr/9.2.0/avr6\libgcc.a(_usmulhisi3.o)
 .data          0x0080021b        0x0 c:/openavrc_builder/avr-gcc/bin/../lib/gcc/avr/9.2.0/avr6\libgcc.a(_muluhisi3.o)
 .data          0x0080021b        0x0 c:/openavrc_builder/avr-gcc/bin/../lib/gcc/avr/9.2.0/avr6\libgcc.a(_mulshisi3.o)
 .data          0x0080021b        0x0 c:/openavrc_builder/avr-gcc/bin/../lib/gcc/avr/9.2.0/avr6\libgcc.a(_muldi3.o)
 .data          0x0080021b        0x0 c:/openavrc_builder/avr-gcc/bin/../lib/gcc/avr/9.2.0/avr6\libgcc.a(_muldi3_6.o)
 .data          0x0080021b        0x0 c:/openavrc_builder/avr-gcc/bin/../lib/gcc/avr/9.2.0/avr6\libgcc.a(_umulsidi3.o)
 .data          0x0080021b        0x0 c:/openavrc_builder/avr-gcc/bin/../lib/gcc/avr/9.2.0/avr6\libgcc.a(_udivdi3.o)
 .data          0x0080021b        0x0 c:/openavrc_builder/avr-gcc/bin/../lib/gcc/avr/9.2.0/avr6\libgcc.a(_udivmod64.o)
 .data          0x0080021b        0x0 c:/openavrc_builder/avr-gcc/bin/../lib/gcc/avr/9.2.0/avr6\libgcc.a(_ashldi3.o)
 .data          0x0080021b        0x0 c:/openavrc_builder/avr-gcc/bin/../lib/gcc/avr/9.2.0/avr6\libgcc.a(_ashrdi3.o)
 .data          0x0080021b        0x0 c:/openavrc_builder/avr-gcc/bin/../lib/gcc/avr/9.2.0/avr6\libgcc.a(_adddi3.o)
 .data          0x0080021b        0x0 c:/openavrc_builder/avr-gcc/bin/../lib/gcc/avr/9.2.0/avr6\libgcc.a(_adddi3_s8.o)
 .data          0x0080021b        0x0 c:/openavrc_builder/avr-gcc/bin/../lib/gcc/avr/9.2.0/avr6\libgcc.a(_subdi3.o)
 .data          0x0080021b        0x0 c:/openavrc_builder/avr-gcc/bin/../lib/gcc/avr/9.2.0/avr6\libgcc.a(_cmpdi2.o)
 .data          0x0080021b        0x0 c:/openavrc_builder/avr-gcc/bin/../lib/gcc/avr/9.2.0/avr6\libgcc.a(_cmpdi2_s8.o)
 .data          0x0080021b        0x4 c:/openavrc_builder/avr-gcc/bin/../lib/gcc/avr/9.2.0/../../../../avr/lib/avr6\libc.a(random.o)
 .data          0x0080021f        0x0 c:/openavrc_builder/avr-gcc/bin/../lib/gcc/avr/9.2.0/../../../../avr/lib/avr6\libc.a(strtol.o)
 .data          0x0080021f        0x0 c:/openavrc_builder/avr-gcc/bin/../lib/gcc/avr/9.2.0/../../../../avr/lib/avr6\libc.a(isspace.o)
 .data          0x0080021f        0x0 c:/openavrc_builder/avr-gcc/bin/../lib/gcc/avr/9.2.0/../../../../avr/lib/avr6\libc.a(memcmp_P.o)
 .data          0x0080021f        0x0 c:/openavrc_builder/avr-gcc/bin/../lib/gcc/avr/9.2.0/../../../../avr/lib/avr6\libc.a(strcmp_P.o)
 .data          0x0080021f        0x0 c:/openavrc_builder/avr-gcc/bin/../lib/gcc/avr/9.2.0/../../../../avr/lib/avr6\libc.a(strcpy_P.o)
 .data          0x0080021f        0x0 c:/openavrc_builder/avr-gcc/bin/../lib/gcc/avr/9.2.0/../../../../avr/lib/avr6\libc.a(strncmp_P.o)
 .data          0x0080021f        0x0 c:/openavrc_builder/avr-gcc/bin/../lib/gcc/avr/9.2.0/../../../../avr/lib/avr6\libc.a(strncpy_P.o)
 .data          0x0080021f        0x0 c:/openavrc_builder/avr-gcc/bin/../lib/gcc/avr/9.2.0/../../../../avr/lib/avr6\libc.a(memcpy.o)
 .data          0x0080021f        0x0 c:/openavrc_builder/avr-gcc/bin/../lib/gcc/avr/9.2.0/../../../../avr/lib/avr6\libc.a(memmove.o)
 .data          0x0080021f        0x0 c:/openavrc_builder/avr-gcc/bin/../lib/gcc/avr/9.2.0/../../../../avr/lib/avr6\libc.a(memset.o)
 .data          0x0080021f        0x0 c:/openavrc_builder/avr-gcc/bin/../lib/gcc/avr/9.2.0/../../../../avr/lib/avr6\libc.a(strcasecmp.o)
 .data          0x0080021f        0x0 c:/openavrc_builder/avr-gcc/bin/../lib/gcc/avr/9.2.0/../../../../avr/lib/avr6\libc.a(strchr.o)
 .data          0x0080021f        0x0 c:/openavrc_builder/avr-gcc/bin/../lib/gcc/avr/9.2.0/../../../../avr/lib/avr6\libc.a(strcmp.o)
 .data          0x0080021f        0x0 c:/openavrc_builder/avr-gcc/bin/../lib/gcc/avr/9.2.0/../../../../avr/lib/avr6\libc.a(strcpy.o)
 .data          0x0080021f        0x0 c:/openavrc_builder/avr-gcc/bin/../lib/gcc/avr/9.2.0/../../../../avr/lib/avr6\libc.a(strncmp.o)
 .data          0x0080021f        0x0 c:/openavrc_builder/avr-gcc/bin/../lib/gcc/avr/9.2.0/../../../../avr/lib/avr6\libc.a(strncpy.o)
 .data          0x0080021f        0x0 c:/openavrc_builder/avr-gcc/bin/../lib/gcc/avr/9.2.0/../../../../avr/lib/avr6\libc.a(strrchr.o)
 .data          0x0080021f        0x0 c:/openavrc_builder/avr-gcc/bin/../lib/gcc/avr/9.2.0/../../../../avr/lib/avr6\libc.a(sprintf_p.o)
 .data          0x0080021f        0x0 c:/openavrc_builder/avr-gcc/bin/../lib/gcc/avr/9.2.0/../../../../avr/lib/avr6\libc.a(localtime.o)
 .data          0x0080021f        0x0 c:/openavrc_builder/avr-gcc/bin/../lib/gcc/avr/9.2.0/../../../../avr/lib/avr6\libc.a(localtime_r.o)
 .data          0x0080021f        0x0 c:/openavrc_builder/avr-gcc/bin/../lib/gcc/avr/9.2.0/../../../../avr/lib/avr6\libc.a(mk_gmtime.o)
 .data          0x0080021f        0x0 c:/openavrc_builder/avr-gcc/bin/../lib/gcc/avr/9.2.0/../../../../avr/lib/avr6\libc.a(tm_store.o)
 .data          0x0080021f        0x0 c:/openavrc_builder/avr-gcc/bin/../lib/gcc/avr/9.2.0/../../../../avr/lib/avr6\libc.a(utc_offset.o)
 .data          0x0080021f        0x0 c:/openavrc_builder/avr-gcc/bin/../lib/gcc/avr/9.2.0/../../../../avr/lib/avr6\libc.a(vfprintf_std.o)
 .data          0x0080021f        0x0 c:/openavrc_builder/avr-gcc/bin/../lib/gcc/avr/9.2.0/../../../../avr/lib/avr6\libc.a(errno.o)
 .data          0x0080021f        0x0 c:/openavrc_builder/avr-gcc/bin/../lib/gcc/avr/9.2.0/../../../../avr/lib/avr6\libc.a(cty_isfalse.o)
 .data          0x0080021f        0x0 c:/openavrc_builder/avr-gcc/bin/../lib/gcc/avr/9.2.0/../../../../avr/lib/avr6\libc.a(strnlen_P.o)
 .data          0x0080021f        0x0 c:/openavrc_builder/avr-gcc/bin/../lib/gcc/avr/9.2.0/../../../../avr/lib/avr6\libc.a(strnlen.o)
 .data          0x0080021f        0x0 c:/openavrc_builder/avr-gcc/bin/../lib/gcc/avr/9.2.0/../../../../avr/lib/avr6\libc.a(fputc.o)
 .data          0x0080021f        0x0 c:/openavrc_builder/avr-gcc/bin/../lib/gcc/avr/9.2.0/../../../../avr/lib/avr6\libc.a(ultoa_invert.o)
 .data          0x0080021f        0x0 c:/openavrc_builder/avr-gcc/bin/../lib/gcc/avr/9.2.0/../../../../avr/lib/avr6\libc.a(dst_pointer.o)
 .data          0x0080021f        0x0 c:/openavrc_builder/avr-gcc/bin/../lib/gcc/avr/9.2.0/../../../../avr/lib/avr6\libc.a(gmtime_r.o)
 .data          0x0080021f        0x0 c:/openavrc_builder/avr-gcc/bin/../lib/gcc/avr/9.2.0/../../../../avr/lib/avr6\libc.a(isLeap.o)
 *(.data*)
 *(.gnu.linkonce.d*)
 *(.rodata)
 .rodata        0x0080021f      0x80b C:\Users\pierrot\AppData\Local\Temp\cc5hR31A.o
 *(.rodata*)
 .rodata.str1.1
                0x00800a2a       0x37 C:\Users\pierrot\AppData\Local\Temp\cc5hR31A.o
                                 0x43 (size before relaxing)
 *(.gnu.linkonce.r*)
                0x00800a62                . = ALIGN (0x2)
 *fill*         0x00800a61        0x1 
                0x00800a62                _edata = .
                0x00800a62                PROVIDE (__data_end = .)

.bss            0x00800a62     0x1328
                0x00800a62                PROVIDE (__bss_start = .)
 *(.bss)
 .bss           0x00800a62        0x0 c:/openavrc_builder/avr-gcc/bin/../lib/gcc/avr/9.2.0/../../../../avr/lib/avr6/crtatmega2560.o
 .bss           0x00800a62     0x1314 C:\Users\pierrot\AppData\Local\Temp\cc5hR31A.o
 .bss           0x00801d76        0x0 c:/openavrc_builder/avr-gcc/bin/../lib/gcc/avr/9.2.0/avr6\libgcc.a(_mulsi3.o)
 .bss           0x00801d76        0x0 c:/openavrc_builder/avr-gcc/bin/../lib/gcc/avr/9.2.0/avr6\libgcc.a(_udivmodhi4.o)
 .bss           0x00801d76        0x0 c:/openavrc_builder/avr-gcc/bin/../lib/gcc/avr/9.2.0/avr6\libgcc.a(_divmodhi4.o)
 .bss           0x00801d76        0x0 c:/openavrc_builder/avr-gcc/bin/../lib/gcc/avr/9.2.0/avr6\libgcc.a(_udivmodsi4.o)
 .bss           0x00801d76        0x0 c:/openavrc_builder/avr-gcc/bin/../lib/gcc/avr/9.2.0/avr6\libgcc.a(_divmodsi4.o)
 .bss           0x00801d76        0x0 c:/openavrc_builder/avr-gcc/bin/../lib/gcc/avr/9.2.0/avr6\libgcc.a(_negsi2.o)
 .bss           0x00801d76        0x0 c:/openavrc_builder/avr-gcc/bin/../lib/gcc/avr/9.2.0/avr6\libgcc.a(_exit.o)
 .bss           0x00801d76        0x0 c:/openavrc_builder/avr-gcc/bin/../lib/gcc/avr/9.2.0/avr6\libgcc.a(_tablejump2.o)
 .bss           0x00801d76        0x0 c:/openavrc_builder/avr-gcc/bin/../lib/gcc/avr/9.2.0/avr6\libgcc.a(_copy_data.o)
 .bss           0x00801d76        0x0 c:/openavrc_builder/avr-gcc/bin/../lib/gcc/avr/9.2.0/avr6\libgcc.a(_clear_bss.o)
 .bss           0x00801d76        0x0 c:/openavrc_builder/avr-gcc/bin/../lib/gcc/avr/9.2.0/avr6\libgcc.a(_ctors.o)
 .bss           0x00801d76        0x0 c:/openavrc_builder/avr-gcc/bin/../lib/gcc/avr/9.2.0/avr6\libgcc.a(_bswapsi2.o)
 .bss           0x00801d76        0x0 c:/openavrc_builder/avr-gcc/bin/../lib/gcc/avr/9.2.0/avr6\libgcc.a(_mulhisi3.o)
 .bss           0x00801d76        0x0 c:/openavrc_builder/avr-gcc/bin/../lib/gcc/avr/9.2.0/avr6\libgcc.a(_umulhisi3.o)
 .bss           0x00801d76        0x0 c:/openavrc_builder/avr-gcc/bin/../lib/gcc/avr/9.2.0/avr6\libgcc.a(_usmulhisi3.o)
 .bss           0x00801d76        0x0 c:/openavrc_builder/avr-gcc/bin/../lib/gcc/avr/9.2.0/avr6\libgcc.a(_muluhisi3.o)
 .bss           0x00801d76        0x0 c:/openavrc_builder/avr-gcc/bin/../lib/gcc/avr/9.2.0/avr6\libgcc.a(_mulshisi3.o)
 .bss           0x00801d76        0x0 c:/openavrc_builder/avr-gcc/bin/../lib/gcc/avr/9.2.0/avr6\libgcc.a(_muldi3.o)
 .bss           0x00801d76        0x0 c:/openavrc_builder/avr-gcc/bin/../lib/gcc/avr/9.2.0/avr6\libgcc.a(_muldi3_6.o)
 .bss           0x00801d76        0x0 c:/openavrc_builder/avr-gcc/bin/../lib/gcc/avr/9.2.0/avr6\libgcc.a(_umulsidi3.o)
 .bss           0x00801d76        0x0 c:/openavrc_builder/avr-gcc/bin/../lib/gcc/avr/9.2.0/avr6\libgcc.a(_udivdi3.o)
 .bss           0x00801d76        0x0 c:/openavrc_builder/avr-gcc/bin/../lib/gcc/avr/9.2.0/avr6\libgcc.a(_udivmod64.o)
 .bss           0x00801d76        0x0 c:/openavrc_builder/avr-gcc/bin/../lib/gcc/avr/9.2.0/avr6\libgcc.a(_ashldi3.o)
 .bss           0x00801d76        0x0 c:/openavrc_builder/avr-gcc/bin/../lib/gcc/avr/9.2.0/avr6\libgcc.a(_ashrdi3.o)
 .bss           0x00801d76        0x0 c:/openavrc_builder/avr-gcc/bin/../lib/gcc/avr/9.2.0/avr6\libgcc.a(_adddi3.o)
 .bss           0x00801d76        0x0 c:/openavrc_builder/avr-gcc/bin/../lib/gcc/avr/9.2.0/avr6\libgcc.a(_adddi3_s8.o)
 .bss           0x00801d76        0x0 c:/openavrc_builder/avr-gcc/bin/../lib/gcc/avr/9.2.0/avr6\libgcc.a(_subdi3.o)
 .bss           0x00801d76        0x0 c:/openavrc_builder/avr-gcc/bin/../lib/gcc/avr/9.2.0/avr6\libgcc.a(_cmpdi2.o)
 .bss           0x00801d76        0x0 c:/openavrc_builder/avr-gcc/bin/../lib/gcc/avr/9.2.0/avr6\libgcc.a(_cmpdi2_s8.o)
 .bss           0x00801d76        0x0 c:/openavrc_builder/avr-gcc/bin/../lib/gcc/avr/9.2.0/../../../../avr/lib/avr6\libc.a(random.o)
 .bss           0x00801d76        0x0 c:/openavrc_builder/avr-gcc/bin/../lib/gcc/avr/9.2.0/../../../../avr/lib/avr6\libc.a(strtol.o)
 .bss           0x00801d76        0x0 c:/openavrc_builder/avr-gcc/bin/../lib/gcc/avr/9.2.0/../../../../avr/lib/avr6\libc.a(isspace.o)
 .bss           0x00801d76        0x0 c:/openavrc_builder/avr-gcc/bin/../lib/gcc/avr/9.2.0/../../../../avr/lib/avr6\libc.a(memcmp_P.o)
 .bss           0x00801d76        0x0 c:/openavrc_builder/avr-gcc/bin/../lib/gcc/avr/9.2.0/../../../../avr/lib/avr6\libc.a(strcmp_P.o)
 .bss           0x00801d76        0x0 c:/openavrc_builder/avr-gcc/bin/../lib/gcc/avr/9.2.0/../../../../avr/lib/avr6\libc.a(strcpy_P.o)
 .bss           0x00801d76        0x0 c:/openavrc_builder/avr-gcc/bin/../lib/gcc/avr/9.2.0/../../../../avr/lib/avr6\libc.a(strncmp_P.o)
 .bss           0x00801d76        0x0 c:/openavrc_builder/avr-gcc/bin/../lib/gcc/avr/9.2.0/../../../../avr/lib/avr6\libc.a(strncpy_P.o)
 .bss           0x00801d76        0x0 c:/openavrc_builder/avr-gcc/bin/../lib/gcc/avr/9.2.0/../../../../avr/lib/avr6\libc.a(memcpy.o)
 .bss           0x00801d76        0x0 c:/openavrc_builder/avr-gcc/bin/../lib/gcc/avr/9.2.0/../../../../avr/lib/avr6\libc.a(memmove.o)
 .bss           0x00801d76        0x0 c:/openavrc_builder/avr-gcc/bin/../lib/gcc/avr/9.2.0/../../../../avr/lib/avr6\libc.a(memset.o)
 .bss           0x00801d76        0x0 c:/openavrc_builder/avr-gcc/bin/../lib/gcc/avr/9.2.0/../../../../avr/lib/avr6\libc.a(strcasecmp.o)
 .bss           0x00801d76        0x0 c:/openavrc_builder/avr-gcc/bin/../lib/gcc/avr/9.2.0/../../../../avr/lib/avr6\libc.a(strchr.o)
 .bss           0x00801d76        0x0 c:/openavrc_builder/avr-gcc/bin/../lib/gcc/avr/9.2.0/../../../../avr/lib/avr6\libc.a(strcmp.o)
 .bss           0x00801d76        0x0 c:/openavrc_builder/avr-gcc/bin/../lib/gcc/avr/9.2.0/../../../../avr/lib/avr6\libc.a(strcpy.o)
 .bss           0x00801d76        0x0 c:/openavrc_builder/avr-gcc/bin/../lib/gcc/avr/9.2.0/../../../../avr/lib/avr6\libc.a(strncmp.o)
 .bss           0x00801d76        0x0 c:/openavrc_builder/avr-gcc/bin/../lib/gcc/avr/9.2.0/../../../../avr/lib/avr6\libc.a(strncpy.o)
 .bss           0x00801d76        0x0 c:/openavrc_builder/avr-gcc/bin/../lib/gcc/avr/9.2.0/../../../../avr/lib/avr6\libc.a(strrchr.o)
 .bss           0x00801d76        0x0 c:/openavrc_builder/avr-gcc/bin/../lib/gcc/avr/9.2.0/../../../../avr/lib/avr6\libc.a(sprintf_p.o)
 .bss           0x00801d76        0x0 c:/openavrc_builder/avr-gcc/bin/../lib/gcc/avr/9.2.0/../../../../avr/lib/avr6\libc.a(localtime.o)
 .bss           0x00801d76        0x0 c:/openavrc_builder/avr-gcc/bin/../lib/gcc/avr/9.2.0/../../../../avr/lib/avr6\libc.a(localtime_r.o)
 .bss           0x00801d76        0x0 c:/openavrc_builder/avr-gcc/bin/../lib/gcc/avr/9.2.0/../../../../avr/lib/avr6\libc.a(mk_gmtime.o)
 .bss           0x00801d76        0x0 c:/openavrc_builder/avr-gcc/bin/../lib/gcc/avr/9.2.0/../../../../avr/lib/avr6\libc.a(tm_store.o)
 .bss           0x00801d76        0x0 c:/openavrc_builder/avr-gcc/bin/../lib/gcc/avr/9.2.0/../../../../avr/lib/avr6\libc.a(utc_offset.o)
 .bss           0x00801d76        0x0 c:/openavrc_builder/avr-gcc/bin/../lib/gcc/avr/9.2.0/../../../../avr/lib/avr6\libc.a(vfprintf_std.o)
 .bss           0x00801d76        0x0 c:/openavrc_builder/avr-gcc/bin/../lib/gcc/avr/9.2.0/../../../../avr/lib/avr6\libc.a(errno.o)
 .bss           0x00801d76        0x0 c:/openavrc_builder/avr-gcc/bin/../lib/gcc/avr/9.2.0/../../../../avr/lib/avr6\libc.a(cty_isfalse.o)
 .bss           0x00801d76        0x0 c:/openavrc_builder/avr-gcc/bin/../lib/gcc/avr/9.2.0/../../../../avr/lib/avr6\libc.a(strnlen_P.o)
 .bss           0x00801d76        0x0 c:/openavrc_builder/avr-gcc/bin/../lib/gcc/avr/9.2.0/../../../../avr/lib/avr6\libc.a(strnlen.o)
 .bss           0x00801d76        0x0 c:/openavrc_builder/avr-gcc/bin/../lib/gcc/avr/9.2.0/../../../../avr/lib/avr6\libc.a(fputc.o)
 .bss           0x00801d76        0x0 c:/openavrc_builder/avr-gcc/bin/../lib/gcc/avr/9.2.0/../../../../avr/lib/avr6\libc.a(ultoa_invert.o)
 .bss           0x00801d76        0x0 c:/openavrc_builder/avr-gcc/bin/../lib/gcc/avr/9.2.0/../../../../avr/lib/avr6\libc.a(dst_pointer.o)
 .bss           0x00801d76        0x0 c:/openavrc_builder/avr-gcc/bin/../lib/gcc/avr/9.2.0/../../../../avr/lib/avr6\libc.a(gmtime_r.o)
 .bss           0x00801d76        0x0 c:/openavrc_builder/avr-gcc/bin/../lib/gcc/avr/9.2.0/../../../../avr/lib/avr6\libc.a(isLeap.o)
 *(.bss*)
 *(COMMON)
 COMMON         0x00801d76        0xc c:/openavrc_builder/avr-gcc/bin/../lib/gcc/avr/9.2.0/../../../../avr/lib/avr6\libc.a(tm_store.o)
                0x00801d76                __tm_store
 COMMON         0x00801d82        0x4 c:/openavrc_builder/avr-gcc/bin/../lib/gcc/avr/9.2.0/../../../../avr/lib/avr6\libc.a(utc_offset.o)
                0x00801d82                __utc_offset
 COMMON         0x00801d86        0x2 c:/openavrc_builder/avr-gcc/bin/../lib/gcc/avr/9.2.0/../../../../avr/lib/avr6\libc.a(errno.o)
                0x00801d86                errno
 COMMON         0x00801d88        0x2 c:/openavrc_builder/avr-gcc/bin/../lib/gcc/avr/9.2.0/../../../../avr/lib/avr6\libc.a(dst_pointer.o)
                0x00801d88                __dst_ptr
                0x00801d8a                PROVIDE (__bss_end = .)
                0x0002daae                __data_load_start = LOADADDR (.data)
                0x0002e310                __data_load_end = (__data_load_start + SIZEOF (.data))

.noinit         0x00801d8a        0x0
                [!provide]                PROVIDE (__noinit_start = .)
 *(.noinit*)
                [!provide]                PROVIDE (__noinit_end = .)
                0x00801d8a                _end = .
                [!provide]                PROVIDE (__heap_start = .)

.eeprom         0x00810000        0x0
 *(.eeprom*)
                0x00810000                __eeprom_end = .

.fuse
 *(.fuse)
 *(.lfuse)
 *(.hfuse)
 *(.efuse)

.lock
 *(.lock*)

.signature
 *(.signature*)

.stab
 *(.stab)

.stabstr
 *(.stabstr)

.stab.excl
 *(.stab.excl)

.stab.exclstr
 *(.stab.exclstr)

.stab.index
 *(.stab.index)

.stab.indexstr
 *(.stab.indexstr)

.comment        0x00000000       0x11
 *(.comment)
 .comment       0x00000000       0x11 C:\Users\pierrot\AppData\Local\Temp\cc5hR31A.o
                                 0x12 (size before relaxing)
 .comment       0x00000011       0x12 c:/openavrc_builder/avr-gcc/bin/../lib/gcc/avr/9.2.0/../../../../avr/lib/avr6\libc.a(random.o)
 .comment       0x00000011       0x12 c:/openavrc_builder/avr-gcc/bin/../lib/gcc/avr/9.2.0/../../../../avr/lib/avr6\libc.a(strtol.o)
 .comment       0x00000011       0x12 c:/openavrc_builder/avr-gcc/bin/../lib/gcc/avr/9.2.0/../../../../avr/lib/avr6\libc.a(sprintf_p.o)
 .comment       0x00000011       0x12 c:/openavrc_builder/avr-gcc/bin/../lib/gcc/avr/9.2.0/../../../../avr/lib/avr6\libc.a(localtime.o)
 .comment       0x00000011       0x12 c:/openavrc_builder/avr-gcc/bin/../lib/gcc/avr/9.2.0/../../../../avr/lib/avr6\libc.a(localtime_r.o)
 .comment       0x00000011       0x12 c:/openavrc_builder/avr-gcc/bin/../lib/gcc/avr/9.2.0/../../../../avr/lib/avr6\libc.a(mk_gmtime.o)
 .comment       0x00000011       0x12 c:/openavrc_builder/avr-gcc/bin/../lib/gcc/avr/9.2.0/../../../../avr/lib/avr6\libc.a(tm_store.o)
 .comment       0x00000011       0x12 c:/openavrc_builder/avr-gcc/bin/../lib/gcc/avr/9.2.0/../../../../avr/lib/avr6\libc.a(utc_offset.o)
 .comment       0x00000011       0x12 c:/openavrc_builder/avr-gcc/bin/../lib/gcc/avr/9.2.0/../../../../avr/lib/avr6\libc.a(vfprintf_std.o)
 .comment       0x00000011       0x12 c:/openavrc_builder/avr-gcc/bin/../lib/gcc/avr/9.2.0/../../../../avr/lib/avr6\libc.a(errno.o)
 .comment       0x00000011       0x12 c:/openavrc_builder/avr-gcc/bin/../lib/gcc/avr/9.2.0/../../../../avr/lib/avr6\libc.a(fputc.o)
 .comment       0x00000011       0x12 c:/openavrc_builder/avr-gcc/bin/../lib/gcc/avr/9.2.0/../../../../avr/lib/avr6\libc.a(dst_pointer.o)
 .comment       0x00000011       0x12 c:/openavrc_builder/avr-gcc/bin/../lib/gcc/avr/9.2.0/../../../../avr/lib/avr6\libc.a(gmtime_r.o)
 .comment       0x00000011       0x12 c:/openavrc_builder/avr-gcc/bin/../lib/gcc/avr/9.2.0/../../../../avr/lib/avr6\libc.a(isLeap.o)

.note.gnu.avr.deviceinfo
                0x00000000       0x40
 .note.gnu.avr.deviceinfo
                0x00000000       0x40 c:/openavrc_builder/avr-gcc/bin/../lib/gcc/avr/9.2.0/../../../../avr/lib/avr6/crtatmega2560.o

.note.gnu.build-id
 *(.note.gnu.build-id)

.debug
 *(.debug)

.line
 *(.line)

.debug_srcinfo
 *(.debug_srcinfo)

.debug_sfnames
 *(.debug_sfnames)

.debug_aranges  0x00000000      0x3d0
 *(.debug_aranges)
 .debug_aranges
                0x00000000       0x30 C:\Users\pierrot\AppData\Local\Temp\cc5hR31A.o
 .debug_aranges
                0x00000030       0x20 c:/openavrc_builder/avr-gcc/bin/../lib/gcc/avr/9.2.0/avr6\libgcc.a(_mulsi3.o)
 .debug_aranges
                0x00000050       0x20 c:/openavrc_builder/avr-gcc/bin/../lib/gcc/avr/9.2.0/avr6\libgcc.a(_udivmodhi4.o)
 .debug_aranges
                0x00000070       0x20 c:/openavrc_builder/avr-gcc/bin/../lib/gcc/avr/9.2.0/avr6\libgcc.a(_divmodhi4.o)
 .debug_aranges
                0x00000090       0x20 c:/openavrc_builder/avr-gcc/bin/../lib/gcc/avr/9.2.0/avr6\libgcc.a(_udivmodsi4.o)
 .debug_aranges
                0x000000b0       0x20 c:/openavrc_builder/avr-gcc/bin/../lib/gcc/avr/9.2.0/avr6\libgcc.a(_divmodsi4.o)
 .debug_aranges
                0x000000d0       0x20 c:/openavrc_builder/avr-gcc/bin/../lib/gcc/avr/9.2.0/avr6\libgcc.a(_negsi2.o)
 .debug_aranges
                0x000000f0       0x20 c:/openavrc_builder/avr-gcc/bin/../lib/gcc/avr/9.2.0/avr6\libgcc.a(_exit.o)
 .debug_aranges
                0x00000110       0x20 c:/openavrc_builder/avr-gcc/bin/../lib/gcc/avr/9.2.0/avr6\libgcc.a(_tablejump2.o)
 .debug_aranges
                0x00000130       0x20 c:/openavrc_builder/avr-gcc/bin/../lib/gcc/avr/9.2.0/avr6\libgcc.a(_copy_data.o)
 .debug_aranges
                0x00000150       0x20 c:/openavrc_builder/avr-gcc/bin/../lib/gcc/avr/9.2.0/avr6\libgcc.a(_clear_bss.o)
 .debug_aranges
                0x00000170       0x20 c:/openavrc_builder/avr-gcc/bin/../lib/gcc/avr/9.2.0/avr6\libgcc.a(_ctors.o)
 .debug_aranges
                0x00000190       0x20 c:/openavrc_builder/avr-gcc/bin/../lib/gcc/avr/9.2.0/avr6\libgcc.a(_bswapsi2.o)
 .debug_aranges
                0x000001b0       0x20 c:/openavrc_builder/avr-gcc/bin/../lib/gcc/avr/9.2.0/avr6\libgcc.a(_mulhisi3.o)
 .debug_aranges
                0x000001d0       0x20 c:/openavrc_builder/avr-gcc/bin/../lib/gcc/avr/9.2.0/avr6\libgcc.a(_umulhisi3.o)
 .debug_aranges
                0x000001f0       0x20 c:/openavrc_builder/avr-gcc/bin/../lib/gcc/avr/9.2.0/avr6\libgcc.a(_usmulhisi3.o)
 .debug_aranges
                0x00000210       0x20 c:/openavrc_builder/avr-gcc/bin/../lib/gcc/avr/9.2.0/avr6\libgcc.a(_muluhisi3.o)
 .debug_aranges
                0x00000230       0x20 c:/openavrc_builder/avr-gcc/bin/../lib/gcc/avr/9.2.0/avr6\libgcc.a(_mulshisi3.o)
 .debug_aranges
                0x00000250       0x20 c:/openavrc_builder/avr-gcc/bin/../lib/gcc/avr/9.2.0/avr6\libgcc.a(_muldi3.o)
 .debug_aranges
                0x00000270       0x20 c:/openavrc_builder/avr-gcc/bin/../lib/gcc/avr/9.2.0/avr6\libgcc.a(_muldi3_6.o)
 .debug_aranges
                0x00000290       0x20 c:/openavrc_builder/avr-gcc/bin/../lib/gcc/avr/9.2.0/avr6\libgcc.a(_umulsidi3.o)
 .debug_aranges
                0x000002b0       0x20 c:/openavrc_builder/avr-gcc/bin/../lib/gcc/avr/9.2.0/avr6\libgcc.a(_udivdi3.o)
 .debug_aranges
                0x000002d0       0x20 c:/openavrc_builder/avr-gcc/bin/../lib/gcc/avr/9.2.0/avr6\libgcc.a(_udivmod64.o)
 .debug_aranges
                0x000002f0       0x20 c:/openavrc_builder/avr-gcc/bin/../lib/gcc/avr/9.2.0/avr6\libgcc.a(_ashldi3.o)
 .debug_aranges
                0x00000310       0x20 c:/openavrc_builder/avr-gcc/bin/../lib/gcc/avr/9.2.0/avr6\libgcc.a(_ashrdi3.o)
 .debug_aranges
                0x00000330       0x20 c:/openavrc_builder/avr-gcc/bin/../lib/gcc/avr/9.2.0/avr6\libgcc.a(_adddi3.o)
 .debug_aranges
                0x00000350       0x20 c:/openavrc_builder/avr-gcc/bin/../lib/gcc/avr/9.2.0/avr6\libgcc.a(_adddi3_s8.o)
 .debug_aranges
                0x00000370       0x20 c:/openavrc_builder/avr-gcc/bin/../lib/gcc/avr/9.2.0/avr6\libgcc.a(_subdi3.o)
 .debug_aranges
                0x00000390       0x20 c:/openavrc_builder/avr-gcc/bin/../lib/gcc/avr/9.2.0/avr6\libgcc.a(_cmpdi2.o)
 .debug_aranges
                0x000003b0       0x20 c:/openavrc_builder/avr-gcc/bin/../lib/gcc/avr/9.2.0/avr6\libgcc.a(_cmpdi2_s8.o)

.debug_pubnames
 *(.debug_pubnames)

.debug_info     0x00000000    0x4f18e
 *(.debug_info .gnu.linkonce.wi.*)
 .debug_info    0x00000000      0xbbc c:/openavrc_builder/avr-gcc/bin/../lib/gcc/avr/9.2.0/../../../../avr/lib/avr6/crtatmega2560.o
 .debug_info    0x00000bbc    0x4e184 C:\Users\pierrot\AppData\Local\Temp\cc5hR31A.o
 .debug_info    0x0004ed40       0x26 c:/openavrc_builder/avr-gcc/bin/../lib/gcc/avr/9.2.0/avr6\libgcc.a(_mulsi3.o)
 .debug_info    0x0004ed66       0x26 c:/openavrc_builder/avr-gcc/bin/../lib/gcc/avr/9.2.0/avr6\libgcc.a(_udivmodhi4.o)
 .debug_info    0x0004ed8c       0x26 c:/openavrc_builder/avr-gcc/bin/../lib/gcc/avr/9.2.0/avr6\libgcc.a(_divmodhi4.o)
 .debug_info    0x0004edb2       0x26 c:/openavrc_builder/avr-gcc/bin/../lib/gcc/avr/9.2.0/avr6\libgcc.a(_udivmodsi4.o)
 .debug_info    0x0004edd8       0x26 c:/openavrc_builder/avr-gcc/bin/../lib/gcc/avr/9.2.0/avr6\libgcc.a(_divmodsi4.o)
 .debug_info    0x0004edfe       0x26 c:/openavrc_builder/avr-gcc/bin/../lib/gcc/avr/9.2.0/avr6\libgcc.a(_negsi2.o)
 .debug_info    0x0004ee24       0x26 c:/openavrc_builder/avr-gcc/bin/../lib/gcc/avr/9.2.0/avr6\libgcc.a(_exit.o)
 .debug_info    0x0004ee4a       0x26 c:/openavrc_builder/avr-gcc/bin/../lib/gcc/avr/9.2.0/avr6\libgcc.a(_tablejump2.o)
 .debug_info    0x0004ee70       0x26 c:/openavrc_builder/avr-gcc/bin/../lib/gcc/avr/9.2.0/avr6\libgcc.a(_copy_data.o)
 .debug_info    0x0004ee96       0x26 c:/openavrc_builder/avr-gcc/bin/../lib/gcc/avr/9.2.0/avr6\libgcc.a(_clear_bss.o)
 .debug_info    0x0004eebc       0x26 c:/openavrc_builder/avr-gcc/bin/../lib/gcc/avr/9.2.0/avr6\libgcc.a(_ctors.o)
 .debug_info    0x0004eee2       0x26 c:/openavrc_builder/avr-gcc/bin/../lib/gcc/avr/9.2.0/avr6\libgcc.a(_bswapsi2.o)
 .debug_info    0x0004ef08       0x26 c:/openavrc_builder/avr-gcc/bin/../lib/gcc/avr/9.2.0/avr6\libgcc.a(_mulhisi3.o)
 .debug_info    0x0004ef2e       0x26 c:/openavrc_builder/avr-gcc/bin/../lib/gcc/avr/9.2.0/avr6\libgcc.a(_umulhisi3.o)
 .debug_info    0x0004ef54       0x26 c:/openavrc_builder/avr-gcc/bin/../lib/gcc/avr/9.2.0/avr6\libgcc.a(_usmulhisi3.o)
 .debug_info    0x0004ef7a       0x26 c:/openavrc_builder/avr-gcc/bin/../lib/gcc/avr/9.2.0/avr6\libgcc.a(_muluhisi3.o)
 .debug_info    0x0004efa0       0x26 c:/openavrc_builder/avr-gcc/bin/../lib/gcc/avr/9.2.0/avr6\libgcc.a(_mulshisi3.o)
 .debug_info    0x0004efc6       0x26 c:/openavrc_builder/avr-gcc/bin/../lib/gcc/avr/9.2.0/avr6\libgcc.a(_muldi3.o)
 .debug_info    0x0004efec       0x26 c:/openavrc_builder/avr-gcc/bin/../lib/gcc/avr/9.2.0/avr6\libgcc.a(_muldi3_6.o)
 .debug_info    0x0004f012       0x26 c:/openavrc_builder/avr-gcc/bin/../lib/gcc/avr/9.2.0/avr6\libgcc.a(_umulsidi3.o)
 .debug_info    0x0004f038       0x26 c:/openavrc_builder/avr-gcc/bin/../lib/gcc/avr/9.2.0/avr6\libgcc.a(_udivdi3.o)
 .debug_info    0x0004f05e       0x26 c:/openavrc_builder/avr-gcc/bin/../lib/gcc/avr/9.2.0/avr6\libgcc.a(_udivmod64.o)
 .debug_info    0x0004f084       0x26 c:/openavrc_builder/avr-gcc/bin/../lib/gcc/avr/9.2.0/avr6\libgcc.a(_ashldi3.o)
 .debug_info    0x0004f0aa       0x26 c:/openavrc_builder/avr-gcc/bin/../lib/gcc/avr/9.2.0/avr6\libgcc.a(_ashrdi3.o)
 .debug_info    0x0004f0d0       0x26 c:/openavrc_builder/avr-gcc/bin/../lib/gcc/avr/9.2.0/avr6\libgcc.a(_adddi3.o)
 .debug_info    0x0004f0f6       0x26 c:/openavrc_builder/avr-gcc/bin/../lib/gcc/avr/9.2.0/avr6\libgcc.a(_adddi3_s8.o)
 .debug_info    0x0004f11c       0x26 c:/openavrc_builder/avr-gcc/bin/../lib/gcc/avr/9.2.0/avr6\libgcc.a(_subdi3.o)
 .debug_info    0x0004f142       0x26 c:/openavrc_builder/avr-gcc/bin/../lib/gcc/avr/9.2.0/avr6\libgcc.a(_cmpdi2.o)
 .debug_info    0x0004f168       0x26 c:/openavrc_builder/avr-gcc/bin/../lib/gcc/avr/9.2.0/avr6\libgcc.a(_cmpdi2_s8.o)

.debug_abbrev   0x00000000     0x1f48
 *(.debug_abbrev)
 .debug_abbrev  0x00000000      0xb1a c:/openavrc_builder/avr-gcc/bin/../lib/gcc/avr/9.2.0/../../../../avr/lib/avr6/crtatmega2560.o
 .debug_abbrev  0x00000b1a     0x11ea C:\Users\pierrot\AppData\Local\Temp\cc5hR31A.o
 .debug_abbrev  0x00001d04       0x14 c:/openavrc_builder/avr-gcc/bin/../lib/gcc/avr/9.2.0/avr6\libgcc.a(_mulsi3.o)
 .debug_abbrev  0x00001d18       0x14 c:/openavrc_builder/avr-gcc/bin/../lib/gcc/avr/9.2.0/avr6\libgcc.a(_udivmodhi4.o)
 .debug_abbrev  0x00001d2c       0x14 c:/openavrc_builder/avr-gcc/bin/../lib/gcc/avr/9.2.0/avr6\libgcc.a(_divmodhi4.o)
 .debug_abbrev  0x00001d40       0x14 c:/openavrc_builder/avr-gcc/bin/../lib/gcc/avr/9.2.0/avr6\libgcc.a(_udivmodsi4.o)
 .debug_abbrev  0x00001d54       0x14 c:/openavrc_builder/avr-gcc/bin/../lib/gcc/avr/9.2.0/avr6\libgcc.a(_divmodsi4.o)
 .debug_abbrev  0x00001d68       0x14 c:/openavrc_builder/avr-gcc/bin/../lib/gcc/avr/9.2.0/avr6\libgcc.a(_negsi2.o)
 .debug_abbrev  0x00001d7c       0x14 c:/openavrc_builder/avr-gcc/bin/../lib/gcc/avr/9.2.0/avr6\libgcc.a(_exit.o)
 .debug_abbrev  0x00001d90       0x14 c:/openavrc_builder/avr-gcc/bin/../lib/gcc/avr/9.2.0/avr6\libgcc.a(_tablejump2.o)
 .debug_abbrev  0x00001da4       0x14 c:/openavrc_builder/avr-gcc/bin/../lib/gcc/avr/9.2.0/avr6\libgcc.a(_copy_data.o)
 .debug_abbrev  0x00001db8       0x14 c:/openavrc_builder/avr-gcc/bin/../lib/gcc/avr/9.2.0/avr6\libgcc.a(_clear_bss.o)
 .debug_abbrev  0x00001dcc       0x14 c:/openavrc_builder/avr-gcc/bin/../lib/gcc/avr/9.2.0/avr6\libgcc.a(_ctors.o)
 .debug_abbrev  0x00001de0       0x14 c:/openavrc_builder/avr-gcc/bin/../lib/gcc/avr/9.2.0/avr6\libgcc.a(_bswapsi2.o)
 .debug_abbrev  0x00001df4       0x14 c:/openavrc_builder/avr-gcc/bin/../lib/gcc/avr/9.2.0/avr6\libgcc.a(_mulhisi3.o)
 .debug_abbrev  0x00001e08       0x14 c:/openavrc_builder/avr-gcc/bin/../lib/gcc/avr/9.2.0/avr6\libgcc.a(_umulhisi3.o)
 .debug_abbrev  0x00001e1c       0x14 c:/openavrc_builder/avr-gcc/bin/../lib/gcc/avr/9.2.0/avr6\libgcc.a(_usmulhisi3.o)
 .debug_abbrev  0x00001e30       0x14 c:/openavrc_builder/avr-gcc/bin/../lib/gcc/avr/9.2.0/avr6\libgcc.a(_muluhisi3.o)
 .debug_abbrev  0x00001e44       0x14 c:/openavrc_builder/avr-gcc/bin/../lib/gcc/avr/9.2.0/avr6\libgcc.a(_mulshisi3.o)
 .debug_abbrev  0x00001e58       0x14 c:/openavrc_builder/avr-gcc/bin/../lib/gcc/avr/9.2.0/avr6\libgcc.a(_muldi3.o)
 .debug_abbrev  0x00001e6c       0x14 c:/openavrc_builder/avr-gcc/bin/../lib/gcc/avr/9.2.0/avr6\libgcc.a(_muldi3_6.o)
 .debug_abbrev  0x00001e80       0x14 c:/openavrc_builder/avr-gcc/bin/../lib/gcc/avr/9.2.0/avr6\libgcc.a(_umulsidi3.o)
 .debug_abbrev  0x00001e94       0x14 c:/openavrc_builder/avr-gcc/bin/../lib/gcc/avr/9.2.0/avr6\libgcc.a(_udivdi3.o)
 .debug_abbrev  0x00001ea8       0x14 c:/openavrc_builder/avr-gcc/bin/../lib/gcc/avr/9.2.0/avr6\libgcc.a(_udivmod64.o)
 .debug_abbrev  0x00001ebc       0x14 c:/openavrc_builder/avr-gcc/bin/../lib/gcc/avr/9.2.0/avr6\libgcc.a(_ashldi3.o)
 .debug_abbrev  0x00001ed0       0x14 c:/openavrc_builder/avr-gcc/bin/../lib/gcc/avr/9.2.0/avr6\libgcc.a(_ashrdi3.o)
 .debug_abbrev  0x00001ee4       0x14 c:/openavrc_builder/avr-gcc/bin/../lib/gcc/avr/9.2.0/avr6\libgcc.a(_adddi3.o)
 .debug_abbrev  0x00001ef8       0x14 c:/openavrc_builder/avr-gcc/bin/../lib/gcc/avr/9.2.0/avr6\libgcc.a(_adddi3_s8.o)
 .debug_abbrev  0x00001f0c       0x14 c:/openavrc_builder/avr-gcc/bin/../lib/gcc/avr/9.2.0/avr6\libgcc.a(_subdi3.o)
 .debug_abbrev  0x00001f20       0x14 c:/openavrc_builder/avr-gcc/bin/../lib/gcc/avr/9.2.0/avr6\libgcc.a(_cmpdi2.o)
 .debug_abbrev  0x00001f34       0x14 c:/openavrc_builder/avr-gcc/bin/../lib/gcc/avr/9.2.0/avr6\libgcc.a(_cmpdi2_s8.o)

.debug_line     0x00000000    0x5c069
 *(.debug_line .debug_line.* .debug_line_end)
 .debug_line    0x00000000       0x1d c:/openavrc_builder/avr-gcc/bin/../lib/gcc/avr/9.2.0/../../../../avr/lib/avr6/crtatmega2560.o
 .debug_line    0x0000001d    0x5aceb C:\Users\pierrot\AppData\Local\Temp\cc5hR31A.o
 .debug_line    0x0005ad08       0xaf c:/openavrc_builder/avr-gcc/bin/../lib/gcc/avr/9.2.0/avr6\libgcc.a(_mulsi3.o)
 .debug_line    0x0005adb7       0xcd c:/openavrc_builder/avr-gcc/bin/../lib/gcc/avr/9.2.0/avr6\libgcc.a(_udivmodhi4.o)
 .debug_line    0x0005ae84       0xc7 c:/openavrc_builder/avr-gcc/bin/../lib/gcc/avr/9.2.0/avr6\libgcc.a(_divmodhi4.o)
 .debug_line    0x0005af4b      0x121 c:/openavrc_builder/avr-gcc/bin/../lib/gcc/avr/9.2.0/avr6\libgcc.a(_udivmodsi4.o)
 .debug_line    0x0005b06c       0xcd c:/openavrc_builder/avr-gcc/bin/../lib/gcc/avr/9.2.0/avr6\libgcc.a(_divmodsi4.o)
 .debug_line    0x0005b139       0x61 c:/openavrc_builder/avr-gcc/bin/../lib/gcc/avr/9.2.0/avr6\libgcc.a(_negsi2.o)
 .debug_line    0x0005b19a       0x61 c:/openavrc_builder/avr-gcc/bin/../lib/gcc/avr/9.2.0/avr6\libgcc.a(_exit.o)
 .debug_line    0x0005b1fb       0x85 c:/openavrc_builder/avr-gcc/bin/../lib/gcc/avr/9.2.0/avr6\libgcc.a(_tablejump2.o)
 .debug_line    0x0005b280       0xa3 c:/openavrc_builder/avr-gcc/bin/../lib/gcc/avr/9.2.0/avr6\libgcc.a(_copy_data.o)
 .debug_line    0x0005b323       0x85 c:/openavrc_builder/avr-gcc/bin/../lib/gcc/avr/9.2.0/avr6\libgcc.a(_clear_bss.o)
 .debug_line    0x0005b3a8       0xaf c:/openavrc_builder/avr-gcc/bin/../lib/gcc/avr/9.2.0/avr6\libgcc.a(_ctors.o)
 .debug_line    0x0005b457       0x67 c:/openavrc_builder/avr-gcc/bin/../lib/gcc/avr/9.2.0/avr6\libgcc.a(_bswapsi2.o)
 .debug_line    0x0005b4be       0x79 c:/openavrc_builder/avr-gcc/bin/../lib/gcc/avr/9.2.0/avr6\libgcc.a(_mulhisi3.o)
 .debug_line    0x0005b537       0xaf c:/openavrc_builder/avr-gcc/bin/../lib/gcc/avr/9.2.0/avr6\libgcc.a(_umulhisi3.o)
 .debug_line    0x0005b5e6       0x79 c:/openavrc_builder/avr-gcc/bin/../lib/gcc/avr/9.2.0/avr6\libgcc.a(_usmulhisi3.o)
 .debug_line    0x0005b65f       0x91 c:/openavrc_builder/avr-gcc/bin/../lib/gcc/avr/9.2.0/avr6\libgcc.a(_muluhisi3.o)
 .debug_line    0x0005b6f0       0x79 c:/openavrc_builder/avr-gcc/bin/../lib/gcc/avr/9.2.0/avr6\libgcc.a(_mulshisi3.o)
 .debug_line    0x0005b769      0x16f c:/openavrc_builder/avr-gcc/bin/../lib/gcc/avr/9.2.0/avr6\libgcc.a(_muldi3.o)
 .debug_line    0x0005b8d8       0x85 c:/openavrc_builder/avr-gcc/bin/../lib/gcc/avr/9.2.0/avr6\libgcc.a(_muldi3_6.o)
 .debug_line    0x0005b95d      0x10f c:/openavrc_builder/avr-gcc/bin/../lib/gcc/avr/9.2.0/avr6\libgcc.a(_umulsidi3.o)
 .debug_line    0x0005ba6c       0xa3 c:/openavrc_builder/avr-gcc/bin/../lib/gcc/avr/9.2.0/avr6\libgcc.a(_udivdi3.o)
 .debug_line    0x0005bb0f      0x145 c:/openavrc_builder/avr-gcc/bin/../lib/gcc/avr/9.2.0/avr6\libgcc.a(_udivmod64.o)
 .debug_line    0x0005bc54       0xeb c:/openavrc_builder/avr-gcc/bin/../lib/gcc/avr/9.2.0/avr6\libgcc.a(_ashldi3.o)
 .debug_line    0x0005bd3f      0x103 c:/openavrc_builder/avr-gcc/bin/../lib/gcc/avr/9.2.0/avr6\libgcc.a(_ashrdi3.o)
 .debug_line    0x0005be42       0x67 c:/openavrc_builder/avr-gcc/bin/../lib/gcc/avr/9.2.0/avr6\libgcc.a(_adddi3.o)
 .debug_line    0x0005bea9       0x79 c:/openavrc_builder/avr-gcc/bin/../lib/gcc/avr/9.2.0/avr6\libgcc.a(_adddi3_s8.o)
 .debug_line    0x0005bf22       0x67 c:/openavrc_builder/avr-gcc/bin/../lib/gcc/avr/9.2.0/avr6\libgcc.a(_subdi3.o)
 .debug_line    0x0005bf89       0x67 c:/openavrc_builder/avr-gcc/bin/../lib/gcc/avr/9.2.0/avr6\libgcc.a(_cmpdi2.o)
 .debug_line    0x0005bff0       0x79 c:/openavrc_builder/avr-gcc/bin/../lib/gcc/avr/9.2.0/avr6\libgcc.a(_cmpdi2_s8.o)

.debug_frame    0x00000000     0x4330
 *(.debug_frame)
 .debug_frame   0x00000000     0x4330 C:\Users\pierrot\AppData\Local\Temp\cc5hR31A.o

.debug_str      0x00000000     0xf699
 *(.debug_str)
 .debug_str     0x00000000      0x3e9 c:/openavrc_builder/avr-gcc/bin/../lib/gcc/avr/9.2.0/../../../../avr/lib/avr6/crtatmega2560.o
 .debug_str     0x000003e9     0xf24e C:\Users\pierrot\AppData\Local\Temp\cc5hR31A.o
                               0xfad7 (size before relaxing)
 .debug_str     0x0000f637       0x62 c:/openavrc_builder/avr-gcc/bin/../lib/gcc/avr/9.2.0/avr6\libgcc.a(_mulsi3.o)
 .debug_str     0x0000f699       0x62 c:/openavrc_builder/avr-gcc/bin/../lib/gcc/avr/9.2.0/avr6\libgcc.a(_udivmodhi4.o)
 .debug_str     0x0000f699       0x62 c:/openavrc_builder/avr-gcc/bin/../lib/gcc/avr/9.2.0/avr6\libgcc.a(_divmodhi4.o)
 .debug_str     0x0000f699       0x62 c:/openavrc_builder/avr-gcc/bin/../lib/gcc/avr/9.2.0/avr6\libgcc.a(_udivmodsi4.o)
 .debug_str     0x0000f699       0x62 c:/openavrc_builder/avr-gcc/bin/../lib/gcc/avr/9.2.0/avr6\libgcc.a(_divmodsi4.o)
 .debug_str     0x0000f699       0x62 c:/openavrc_builder/avr-gcc/bin/../lib/gcc/avr/9.2.0/avr6\libgcc.a(_negsi2.o)
 .debug_str     0x0000f699       0x62 c:/openavrc_builder/avr-gcc/bin/../lib/gcc/avr/9.2.0/avr6\libgcc.a(_exit.o)
 .debug_str     0x0000f699       0x62 c:/openavrc_builder/avr-gcc/bin/../lib/gcc/avr/9.2.0/avr6\libgcc.a(_tablejump2.o)
 .debug_str     0x0000f699       0x62 c:/openavrc_builder/avr-gcc/bin/../lib/gcc/avr/9.2.0/avr6\libgcc.a(_copy_data.o)
 .debug_str     0x0000f699       0x62 c:/openavrc_builder/avr-gcc/bin/../lib/gcc/avr/9.2.0/avr6\libgcc.a(_clear_bss.o)
 .debug_str     0x0000f699       0x62 c:/openavrc_builder/avr-gcc/bin/../lib/gcc/avr/9.2.0/avr6\libgcc.a(_ctors.o)
 .debug_str     0x0000f699       0x62 c:/openavrc_builder/avr-gcc/bin/../lib/gcc/avr/9.2.0/avr6\libgcc.a(_bswapsi2.o)
 .debug_str     0x0000f699       0x62 c:/openavrc_builder/avr-gcc/bin/../lib/gcc/avr/9.2.0/avr6\libgcc.a(_mulhisi3.o)
 .debug_str     0x0000f699       0x62 c:/openavrc_builder/avr-gcc/bin/../lib/gcc/avr/9.2.0/avr6\libgcc.a(_umulhisi3.o)
 .debug_str     0x0000f699       0x62 c:/openavrc_builder/avr-gcc/bin/../lib/gcc/avr/9.2.0/avr6\libgcc.a(_usmulhisi3.o)
 .debug_str     0x0000f699       0x62 c:/openavrc_builder/avr-gcc/bin/../lib/gcc/avr/9.2.0/avr6\libgcc.a(_muluhisi3.o)
 .debug_str     0x0000f699       0x62 c:/openavrc_builder/avr-gcc/bin/../lib/gcc/avr/9.2.0/avr6\libgcc.a(_mulshisi3.o)
 .debug_str     0x0000f699       0x62 c:/openavrc_builder/avr-gcc/bin/../lib/gcc/avr/9.2.0/avr6\libgcc.a(_muldi3.o)
 .debug_str     0x0000f699       0x62 c:/openavrc_builder/avr-gcc/bin/../lib/gcc/avr/9.2.0/avr6\libgcc.a(_muldi3_6.o)
 .debug_str     0x0000f699       0x62 c:/openavrc_builder/avr-gcc/bin/../lib/gcc/avr/9.2.0/avr6\libgcc.a(_umulsidi3.o)
 .debug_str     0x0000f699       0x62 c:/openavrc_builder/avr-gcc/bin/../lib/gcc/avr/9.2.0/avr6\libgcc.a(_udivdi3.o)
 .debug_str     0x0000f699       0x62 c:/openavrc_builder/avr-gcc/bin/../lib/gcc/avr/9.2.0/avr6\libgcc.a(_udivmod64.o)
 .debug_str     0x0000f699       0x62 c:/openavrc_builder/avr-gcc/bin/../lib/gcc/avr/9.2.0/avr6\libgcc.a(_ashldi3.o)
 .debug_str     0x0000f699       0x62 c:/openavrc_builder/avr-gcc/bin/../lib/gcc/avr/9.2.0/avr6\libgcc.a(_ashrdi3.o)