Archive member included to satisfy reference by file (symbol)

c:/openavrc_builder/avr-gcc/bin/../lib/gcc/avr/9.2.0/avr6\libgcc.a(_mulsi3.o)
                              C:\Users\pierrot\AppData\Local\Temp\ccXz8YL5.o (__mulsi3)
c:/openavrc_builder/avr-gcc/bin/../lib/gcc/avr/9.2.0/avr6\libgcc.a(_udivmodhi4.o)
                              C:\Users\pierrot\AppData\Local\Temp\ccXz8YL5.o (__udivmodhi4)
c:/openavrc_builder/avr-gcc/bin/../lib/gcc/avr/9.2.0/avr6\libgcc.a(_divmodhi4.o)
                              C:\Users\pierrot\AppData\Local\Temp\ccXz8YL5.o (__divmodhi4)
c:/openavrc_builder/avr-gcc/bin/../lib/gcc/avr/9.2.0/avr6\libgcc.a(_udivmodsi4.o)
                              C:\Users\pierrot\AppData\Local\Temp\ccXz8YL5.o (__udivmodsi4)
c:/openavrc_builder/avr-gcc/bin/../lib/gcc/avr/9.2.0/avr6\libgcc.a(_divmodsi4.o)
                              C:\Users\pierrot\AppData\Local\Temp\ccXz8YL5.o (__divmodsi4)
c:/openavrc_builder/avr-gcc/bin/../lib/gcc/avr/9.2.0/avr6\libgcc.a(_negsi2.o)
                              c:/openavrc_builder/avr-gcc/bin/../lib/gcc/avr/9.2.0/avr6\libgcc.a(_divmodsi4.o) (__negsi2)
c:/openavrc_builder/avr-gcc/bin/../lib/gcc/avr/9.2.0/avr6\libgcc.a(_exit.o)
                              c:/openavrc_builder/avr-gcc/bin/../lib/gcc/avr/9.2.0/../../../../avr/lib/avr6/crtatmega2560.o (exit)
c:/openavrc_builder/avr-gcc/bin/../lib/gcc/avr/9.2.0/avr6\libgcc.a(_tablejump2.o)
                              C:\Users\pierrot\AppData\Local\Temp\ccXz8YL5.o (__tablejump2__)
c:/openavrc_builder/avr-gcc/bin/../lib/gcc/avr/9.2.0/avr6\libgcc.a(_copy_data.o)
                              C:\Users\pierrot\AppData\Local\Temp\ccXz8YL5.o (__do_copy_data)
c:/openavrc_builder/avr-gcc/bin/../lib/gcc/avr/9.2.0/avr6\libgcc.a(_clear_bss.o)
                              C:\Users\pierrot\AppData\Local\Temp\ccXz8YL5.o (__do_clear_bss)
c:/openavrc_builder/avr-gcc/bin/../lib/gcc/avr/9.2.0/avr6\libgcc.a(_ctors.o)
                              C:\Users\pierrot\AppData\Local\Temp\ccXz8YL5.o (__do_global_ctors)
c:/openavrc_builder/avr-gcc/bin/../lib/gcc/avr/9.2.0/avr6\libgcc.a(_bswapsi2.o)
                              C:\Users\pierrot\AppData\Local\Temp\ccXz8YL5.o (__bswapsi2)
c:/openavrc_builder/avr-gcc/bin/../lib/gcc/avr/9.2.0/avr6\libgcc.a(_mulhisi3.o)
                              C:\Users\pierrot\AppData\Local\Temp\ccXz8YL5.o (__mulhisi3)
c:/openavrc_builder/avr-gcc/bin/../lib/gcc/avr/9.2.0/avr6\libgcc.a(_umulhisi3.o)
                              C:\Users\pierrot\AppData\Local\Temp\ccXz8YL5.o (__umulhisi3)
c:/openavrc_builder/avr-gcc/bin/../lib/gcc/avr/9.2.0/avr6\libgcc.a(_usmulhisi3.o)
                              C:\Users\pierrot\AppData\Local\Temp\ccXz8YL5.o (__usmulhisi3)
c:/openavrc_builder/avr-gcc/bin/../lib/gcc/avr/9.2.0/avr6\libgcc.a(_muluhisi3.o)
                              C:\Users\pierrot\AppData\Local\Temp\ccXz8YL5.o (__muluhisi3)
c:/openavrc_builder/avr-gcc/bin/../lib/gcc/avr/9.2.0/avr6\libgcc.a(_mulshisi3.o)
                              C:\Users\pierrot\AppData\Local\Temp\ccXz8YL5.o (__mulshisi3)
c:/openavrc_builder/avr-gcc/bin/../lib/gcc/avr/9.2.0/avr6\libgcc.a(_muldi3.o)
                              C:\Users\pierrot\AppData\Local\Temp\ccXz8YL5.o (__muldi3)
c:/openavrc_builder/avr-gcc/bin/../lib/gcc/avr/9.2.0/avr6\libgcc.a(_muldi3_6.o)
                              c:/openavrc_builder/avr-gcc/bin/../lib/gcc/avr/9.2.0/avr6\libgcc.a(_muldi3.o) (__muldi3_6)
c:/openavrc_builder/avr-gcc/bin/../lib/gcc/avr/9.2.0/avr6\libgcc.a(_umulsidi3.o)
                              C:\Users\pierrot\AppData\Local\Temp\ccXz8YL5.o (__umulsidi3)
c:/openavrc_builder/avr-gcc/bin/../lib/gcc/avr/9.2.0/avr6\libgcc.a(_udivdi3.o)
                              C:\Users\pierrot\AppData\Local\Temp\ccXz8YL5.o (__umoddi3)
c:/openavrc_builder/avr-gcc/bin/../lib/gcc/avr/9.2.0/avr6\libgcc.a(_udivmod64.o)
                              c:/openavrc_builder/avr-gcc/bin/../lib/gcc/avr/9.2.0/avr6\libgcc.a(_udivdi3.o) (__udivmod64)
c:/openavrc_builder/avr-gcc/bin/../lib/gcc/avr/9.2.0/avr6\libgcc.a(_ashldi3.o)
                              C:\Users\pierrot\AppData\Local\Temp\ccXz8YL5.o (__ashldi3)
c:/openavrc_builder/avr-gcc/bin/../lib/gcc/avr/9.2.0/avr6\libgcc.a(_ashrdi3.o)
                              C:\Users\pierrot\AppData\Local\Temp\ccXz8YL5.o (__lshrdi3)
c:/openavrc_builder/avr-gcc/bin/../lib/gcc/avr/9.2.0/avr6\libgcc.a(_adddi3.o)
                              C:\Users\pierrot\AppData\Local\Temp\ccXz8YL5.o (__adddi3)
c:/openavrc_builder/avr-gcc/bin/../lib/gcc/avr/9.2.0/avr6\libgcc.a(_adddi3_s8.o)
                              C:\Users\pierrot\AppData\Local\Temp\ccXz8YL5.o (__adddi3_s8)
c:/openavrc_builder/avr-gcc/bin/../lib/gcc/avr/9.2.0/avr6\libgcc.a(_subdi3.o)
                              C:\Users\pierrot\AppData\Local\Temp\ccXz8YL5.o (__subdi3)
c:/openavrc_builder/avr-gcc/bin/../lib/gcc/avr/9.2.0/avr6\libgcc.a(_cmpdi2.o)
                              C:\Users\pierrot\AppData\Local\Temp\ccXz8YL5.o (__cmpdi2)
[...]
Memory Configuration

Name             Origin             Length             Attributes
text             0x00000000         0x00100000         xr
data             0x00800200         0x0000fe00         rw !x
eeprom           0x00810000         0x00010000         rw !x
fuse             0x00820000         0x00000003         rw !x
lock             0x00830000         0x00000400         rw !x
signature        0x00840000         0x00000400         rw !x
user_signatures  0x00850000         0x00000400         rw !x
*default*        0x00000000         0xffffffff

Linker script and memory map

Address of section .data set to 0x800200
LOAD c:/openavrc_builder/avr-gcc/bin/../lib/gcc/avr/9.2.0/../../../../avr/lib/avr6/crtatmega2560.o
LOAD C:\Users\pierrot\AppData\Local\Temp\ccXz8YL5.o
LOAD c:/openavrc_builder/avr-gcc/bin/../lib/gcc/avr/9.2.0/../../../../avr/lib/avr6\libm.a
START GROUP
LOAD c:/openavrc_builder/avr-gcc/bin/../lib/gcc/avr/9.2.0/avr6\libgcc.a
LOAD c:/openavrc_builder/avr-gcc/bin/../lib/gcc/avr/9.2.0/../../../../avr/lib/avr6\libm.a
LOAD c:/openavrc_builder/avr-gcc/bin/../lib/gcc/avr/9.2.0/../../../../avr/lib/avr6\libc.a
LOAD c:/openavrc_builder/avr-gcc/bin/../lib/gcc/avr/9.2.0/../../../../avr/lib/avr6\libatmega2560.a
END GROUP
                0x00100000                __TEXT_REGION_LENGTH__ = DEFINED (__TEXT_REGION_LENGTH__)?__TEXT_REGION_LENGTH__:0x100000
                0x0000fe00                __DATA_REGION_LENGTH__ = DEFINED (__DATA_REGION_LENGTH__)?__DATA_REGION_LENGTH__:0xfe00
                0x00010000                __EEPROM_REGION_LENGTH__ = DEFINED (__EEPROM_REGION_LENGTH__)?__EEPROM_REGION_LENGTH__:0x10000
                [0x00000003]                __FUSE_REGION_LENGTH__ = DEFINED (__FUSE_REGION_LENGTH__)?__FUSE_REGION_LENGTH__:0x400
                0x00000400                __LOCK_REGION_LENGTH__ = DEFINED (__LOCK_REGION_LENGTH__)?__LOCK_REGION_LENGTH__:0x400
                0x00000400                __SIGNATURE_REGION_LENGTH__ = DEFINED (__SIGNATURE_REGION_LENGTH__)?__SIGNATURE_REGION_LENGTH__:0x400
                0x00000400                __USER_SIGNATURE_REGION_LENGTH__ = DEFINED (__USER_SIGNATURE_REGION_LENGTH__)?__USER_SIGNATURE_REGION_LENGTH__:0x400

.hash
 *(.hash)

.dynsym
 *(.dynsym)

.dynstr
 *(.dynstr)

.gnu.version
 *(.gnu.version)

.gnu.version_d
 *(.gnu.version_d)

.gnu.version_r
 *(.gnu.version_r)

.rel.init
 *(.rel.init)

.rela.init
 *(.rela.init)

.rel.text
 *(.rel.text)
 *(.rel.text.*)
 *(.rel.gnu.linkonce.t*)

.rela.text
 *(.rela.text)
 *(.rela.text.*)
 *(.rela.gnu.linkonce.t*)

.rel.fini
 *(.rel.fini)

.rela.fini
 *(.rela.fini)

.rel.rodata
 *(.rel.rodata)
 *(.rel.rodata.*)
 *(.rel.gnu.linkonce.r*)

.rela.rodata
 *(.rela.rodata)
 *(.rela.rodata.*)
 *(.rela.gnu.linkonce.r*)

.rel.data
 *(.rel.data)
 *(.rel.data.*)
 *(.rel.gnu.linkonce.d*)

.rela.data
 *(.rela.data)
 *(.rela.data.*)
 *(.rela.gnu.linkonce.d*)

.rel.ctors
 *(.rel.ctors)

.rela.ctors
 *(.rela.ctors)

.rel.dtors
 *(.rel.dtors)

.rela.dtors
 *(.rela.dtors)

.rel.got
 *(.rel.got)

.rela.got
 *(.rela.got)

.rel.bss
 *(.rel.bss)

.rela.bss
 *(.rela.bss)

.rel.plt
 *(.rel.plt)

.rela.plt
 *(.rela.plt)

.text           0x00000000    0x2612e
 *(.vectors)
 .vectors       0x00000000       0xe4 c:/openavrc_builder/avr-gcc/bin/../lib/gcc/avr/9.2.0/../../../../avr/lib/avr6/crtatmega2560.o
                0x00000000                __vector_default
                0x00000000                __vectors
 *(.vectors)
 *(.progmem.gcc*)
                0x000000e4                . = ALIGN (0x2)
                0x000000e4                __trampolines_start = .
 *(.trampolines)
 .trampolines   0x000000e4       0x5c linker stubs
 *(.trampolines*)
                0x00000140                __trampolines_end = .
 *libprintf_flt.a:*(.progmem.data)
 *libc.a:*(.progmem.data)
 *(.progmem.*)
 .progmem.data  0x00000140     0x213b C:\Users\pierrot\AppData\Local\Temp\ccXz8YL5.o
                0x0000227c                . = ALIGN (0x2)
 *fill*         0x0000227b        0x1 
 *(.lowtext)
 *(.lowtext*)
                0x0000227c                __ctors_start = .
 *(.ctors)
 .ctors         0x0000227c        0x2 C:\Users\pierrot\AppData\Local\Temp\ccXz8YL5.o
                0x0000227e                __ctors_end = .
                0x0000227e                __dtors_start = .
 *(.dtors)
                0x0000227e                __dtors_end = .
 SORT_BY_NAME(*)(.ctors)
 SORT_BY_NAME(*)(.dtors)
 *(.init0)
 .init0         0x0000227e        0x0 c:/openavrc_builder/avr-gcc/bin/../lib/gcc/avr/9.2.0/../../../../avr/lib/avr6/crtatmega2560.o
                0x0000227e                __init
 *(.init0)
 *(.init1)
 *(.init1)
 *(.init2)
 .init2         0x0000227e       0x10 c:/openavrc_builder/avr-gcc/bin/../lib/gcc/avr/9.2.0/../../../../avr/lib/avr6/crtatmega2560.o
 *(.init2)
 *(.init3)
 *(.init3)
 *(.init4)
 .init4         0x0000228e       0x1a c:/openavrc_builder/avr-gcc/bin/../lib/gcc/avr/9.2.0/avr6\libgcc.a(_copy_data.o)
                0x0000228e                __do_copy_data
 .init4         0x000022a8       0x10 c:/openavrc_builder/avr-gcc/bin/../lib/gcc/avr/9.2.0/avr6\libgcc.a(_clear_bss.o)
                0x000022a8                __do_clear_bss
 *(.init4)
 *(.init5)
 *(.init5)
 *(.init6)
 .init6         0x000022b8       0x20 c:/openavrc_builder/avr-gcc/bin/../lib/gcc/avr/9.2.0/avr6\libgcc.a(_ctors.o)
                0x000022b8                __do_global_ctors
 *(.init6)
 *(.init7)
 *(.init7)
 *(.init8)
 *(.init8)
 *(.init9)
 .init9         0x000022d8        0x8 c:/openavrc_builder/avr-gcc/bin/../lib/gcc/avr/9.2.0/../../../../avr/lib/avr6/crtatmega2560.o
 *(.init9)
 *(.text)
 .text          0x000022e0        0x4 c:/openavrc_builder/avr-gcc/bin/../lib/gcc/avr/9.2.0/../../../../avr/lib/avr6/crtatmega2560.o
                0x000022e0                __vector_38
                0x000022e0                __vector_22
                0x000022e0                __vector_28
                0x000022e0                __vector_1
                0x000022e0                __vector_34
                0x000022e0                __vector_24
                0x000022e0                __vector_12
                0x000022e0                __vector_46
                0x000022e0                __bad_interrupt
                0x000022e0                __vector_31
                0x000022e0                __vector_35
                0x000022e0                __vector_3
                0x000022e0                __vector_23
                0x000022e0                __vector_30
                0x000022e0                __vector_45
                0x000022e0                __vector_11
                0x000022e0                __vector_54
                0x000022e0                __vector_13
                0x000022e0                __vector_19
                0x000022e0                __vector_56
                0x000022e0                __vector_49
                0x000022e0                __vector_41
                0x000022e0                __vector_43
                0x000022e0                __vector_27
                0x000022e0                __vector_33
                0x000022e0                __vector_47
                0x000022e0                __vector_52
                0x000022e0                __vector_37
                0x000022e0                __vector_4
                0x000022e0                __vector_44
                0x000022e0                __vector_51
                0x000022e0                __vector_9
                0x000022e0                __vector_2
                0x000022e0                __vector_21
                0x000022e0                __vector_15
                0x000022e0                __vector_36
                0x000022e0                __vector_29
                0x000022e0                __vector_40
                0x000022e0                __vector_48
                0x000022e0                __vector_14
                0x000022e0                __vector_53
                0x000022e0                __vector_10
                0x000022e0                __vector_50
                0x000022e0                __vector_20
                0x000022e0                __vector_42
 .text          0x000022e4    0x2179e C:\Users\pierrot\AppData\Local\Temp\ccXz8YL5.o
                0x0002333a                __vector_39
                0x00023392                __vector_5
                0x00023400                __vector_6
                0x0002346e                __vector_8
                0x000234dc                __vector_7
                0x0002354a                __vector_55
                0x00023592                __vector_32
                0x00023796                __vector_17
                0x00023860                __vector_18
                0x000238b6                __vector_16
                0x000239b6                __vector_25
                0x00023a3e                __vector_26
 .text          0x00023a82        0x0 c:/openavrc_builder/avr-gcc/bin/../lib/gcc/avr/9.2.0/avr6\libgcc.a(_mulsi3.o)
 .text          0x00023a82        0x0 c:/openavrc_builder/avr-gcc/bin/../lib/gcc/avr/9.2.0/avr6\libgcc.a(_udivmodhi4.o)
 .text          0x00023a82        0x0 c:/openavrc_builder/avr-gcc/bin/../lib/gcc/avr/9.2.0/avr6\libgcc.a(_divmodhi4.o)
 .text          0x00023a82        0x0 c:/openavrc_builder/avr-gcc/bin/../lib/gcc/avr/9.2.0/avr6\libgcc.a(_udivmodsi4.o)
 .text          0x00023a82        0x0 c:/openavrc_builder/avr-gcc/bin/../lib/gcc/avr/9.2.0/avr6\libgcc.a(_divmodsi4.o)
 .text          0x00023a82        0x0 c:/openavrc_builder/avr-gcc/bin/../lib/gcc/avr/9.2.0/avr6\libgcc.a(_negsi2.o)
 .text          0x00023a82        0x0 c:/openavrc_builder/avr-gcc/bin/../lib/gcc/avr/9.2.0/avr6\libgcc.a(_exit.o)
 .text          0x00023a82        0x0 c:/openavrc_builder/avr-gcc/bin/../lib/gcc/avr/9.2.0/avr6\libgcc.a(_tablejump2.o)
 .text          0x00023a82        0x0 c:/openavrc_builder/avr-gcc/bin/../lib/gcc/avr/9.2.0/avr6\libgcc.a(_copy_data.o)
 .text          0x00023a82        0x0 c:/openavrc_builder/avr-gcc/bin/../lib/gcc/avr/9.2.0/avr6\libgcc.a(_clear_bss.o)
 .text          0x00023a82        0x0 c:/openavrc_builder/avr-gcc/bin/../lib/gcc/avr/9.2.0/avr6\libgcc.a(_ctors.o)
 .text          0x00023a82        0x0 c:/openavrc_builder/avr-gcc/bin/../lib/gcc/avr/9.2.0/avr6\libgcc.a(_bswapsi2.o)
 .text          0x00023a82        0x0 c:/openavrc_builder/avr-gcc/bin/../lib/gcc/avr/9.2.0/avr6\libgcc.a(_mulhisi3.o)
 .text          0x00023a82        0x0 c:/openavrc_builder/avr-gcc/bin/../lib/gcc/avr/9.2.0/avr6\libgcc.a(_umulhisi3.o)
 .text          0x00023a82        0x0 c:/openavrc_builder/avr-gcc/bin/../lib/gcc/avr/9.2.0/avr6\libgcc.a(_usmulhisi3.o)
 .text          0x00023a82        0x0 c:/openavrc_builder/avr-gcc/bin/../lib/gcc/avr/9.2.0/avr6\libgcc.a(_muluhisi3.o)
 .text          0x00023a82        0x0 c:/openavrc_builder/avr-gcc/bin/../lib/gcc/avr/9.2.0/avr6\libgcc.a(_mulshisi3.o)
 .text          0x00023a82        0x0 c:/openavrc_builder/avr-gcc/bin/../lib/gcc/avr/9.2.0/avr6\libgcc.a(_muldi3.o)
 .text          0x00023a82        0x0 c:/openavrc_builder/avr-gcc/bin/../lib/gcc/avr/9.2.0/avr6\libgcc.a(_muldi3_6.o)
 .text          0x00023a82        0x0 c:/openavrc_builder/avr-gcc/bin/../lib/gcc/avr/9.2.0/avr6\libgcc.a(_umulsidi3.o)
 .text          0x00023a82        0x0 c:/openavrc_builder/avr-gcc/bin/../lib/gcc/avr/9.2.0/avr6\libgcc.a(_udivdi3.o)
 .text          0x00023a82        0x0 c:/openavrc_builder/avr-gcc/bin/../lib/gcc/avr/9.2.0/avr6\libgcc.a(_udivmod64.o)
 .text          0x00023a82        0x0 c:/openavrc_builder/avr-gcc/bin/../lib/gcc/avr/9.2.0/avr6\libgcc.a(_ashldi3.o)
 .text          0x00023a82        0x0 c:/openavrc_builder/avr-gcc/bin/../lib/gcc/avr/9.2.0/avr6\libgcc.a(_ashrdi3.o)
 .text          0x00023a82        0x0 c:/openavrc_builder/avr-gcc/bin/../lib/gcc/avr/9.2.0/avr6\libgcc.a(_adddi3.o)
 .text          0x00023a82        0x0 c:/openavrc_builder/avr-gcc/bin/../lib/gcc/avr/9.2.0/avr6\libgcc.a(_adddi3_s8.o)
 .text          0x00023a82        0x0 c:/openavrc_builder/avr-gcc/bin/../lib/gcc/avr/9.2.0/avr6\libgcc.a(_subdi3.o)
 .text          0x00023a82        0x0 c:/openavrc_builder/avr-gcc/bin/../lib/gcc/avr/9.2.0/avr6\libgcc.a(_cmpdi2.o)
 .text          0x00023a82        0x0 c:/openavrc_builder/avr-gcc/bin/../lib/gcc/avr/9.2.0/avr6\libgcc.a(_cmpdi2_s8.o)
 .text          0x00023a82        0x0 c:/openavrc_builder/avr-gcc/bin/../lib/gcc/avr/9.2.0/../../../../avr/lib/avr6\libc.a(random.o)
 .text          0x00023a82        0x0 c:/openavrc_builder/avr-gcc/bin/../lib/gcc/avr/9.2.0/../../../../avr/lib/avr6\libc.a(memcpy_P.o)
 .text          0x00023a82        0x0 c:/openavrc_builder/avr-gcc/bin/../lib/gcc/avr/9.2.0/../../../../avr/lib/avr6\libc.a(memcpy.o)
 .text          0x00023a82        0x0 c:/openavrc_builder/avr-gcc/bin/../lib/gcc/avr/9.2.0/../../../../avr/lib/avr6\libc.a(memmove.o)
 .text          0x00023a82        0x0 c:/openavrc_builder/avr-gcc/bin/../lib/gcc/avr/9.2.0/../../../../avr/lib/avr6\libc.a(memset.o)
 .text          0x00023a82        0xc c:/openavrc_builder/avr-gcc/bin/../lib/gcc/avr/9.2.0/../../../../avr/lib/avr6\libc.a(localtime.o)
                0x00023a82                localtime
 .text          0x00023a8e       0xa0 c:/openavrc_builder/avr-gcc/bin/../lib/gcc/avr/9.2.0/../../../../avr/lib/avr6\libc.a(localtime_r.o)
                0x00023a8e                localtime_r
 .text          0x00023b2e      0x1cc c:/openavrc_builder/avr-gcc/bin/../lib/gcc/avr/9.2.0/../../../../avr/lib/avr6\libc.a(mk_gmtime.o)
                0x00023b2e                mk_gmtime
 .text          0x00023cfa        0x0 c:/openavrc_builder/avr-gcc/bin/../lib/gcc/avr/9.2.0/../../../../avr/lib/avr6\libc.a(tm_store.o)
 .text          0x00023cfa        0x0 c:/openavrc_builder/avr-gcc/bin/../lib/gcc/avr/9.2.0/../../../../avr/lib/avr6\libc.a(utc_offset.o)
 .text          0x00023cfa        0x0 c:/openavrc_builder/avr-gcc/bin/../lib/gcc/avr/9.2.0/../../../../avr/lib/avr6\libc.a(dst_pointer.o)
 .text          0x00023cfa      0x1f0 c:/openavrc_builder/avr-gcc/bin/../lib/gcc/avr/9.2.0/../../../../avr/lib/avr6\libc.a(gmtime_r.o)
                0x00023cfa                gmtime_r
 .text          0x00023eea       0x2c c:/openavrc_builder/avr-gcc/bin/../lib/gcc/avr/9.2.0/../../../../avr/lib/avr6\libc.a(isLeap.o)
                0x00023eea                is_leap_year
                0x00023f16                . = ALIGN (0x2)
 *(.text.*)
 .text.startup  0x00023f16     0x1646 C:\Users\pierrot\AppData\Local\Temp\ccXz8YL5.o
                0x00023f16                main
 .text.libgcc.mul
                0x0002555c       0x1e c:/openavrc_builder/avr-gcc/bin/../lib/gcc/avr/9.2.0/avr6\libgcc.a(_mulsi3.o)
                0x0002555c                __mulsi3
 .text.libgcc.div
                0x0002557a        0x0 c:/openavrc_builder/avr-gcc/bin/../lib/gcc/avr/9.2.0/avr6\libgcc.a(_mulsi3.o)
 .text.libgcc   0x0002557a        0x0 c:/openavrc_builder/avr-gcc/bin/../lib/gcc/avr/9.2.0/avr6\libgcc.a(_mulsi3.o)
 .text.libgcc.prologue
                0x0002557a        0x0 c:/openavrc_builder/avr-gcc/bin/../lib/gcc/avr/9.2.0/avr6\libgcc.a(_mulsi3.o)
 .text.libgcc.builtins
                0x0002557a        0x0 c:/openavrc_builder/avr-gcc/bin/../lib/gcc/avr/9.2.0/avr6\libgcc.a(_mulsi3.o)
 .text.libgcc.fmul
                0x0002557a        0x0 c:/openavrc_builder/avr-gcc/bin/../lib/gcc/avr/9.2.0/avr6\libgcc.a(_mulsi3.o)
 .text.libgcc.fixed
                0x0002557a        0x0 c:/openavrc_builder/avr-gcc/bin/../lib/gcc/avr/9.2.0/avr6\libgcc.a(_mulsi3.o)
 .text.libgcc.mul
                0x0002557a        0x0 c:/openavrc_builder/avr-gcc/bin/../lib/gcc/avr/9.2.0/avr6\libgcc.a(_udivmodhi4.o)
 .text.libgcc.div
                0x0002557a       0x28 c:/openavrc_builder/avr-gcc/bin/../lib/gcc/avr/9.2.0/avr6\libgcc.a(_udivmodhi4.o)
                0x0002557a                __udivmodhi4
 .text.libgcc   0x000255a2        0x0 c:/openavrc_builder/avr-gcc/bin/../lib/gcc/avr/9.2.0/avr6\libgcc.a(_udivmodhi4.o)
 .text.libgcc.prologue
                0x000255a2        0x0 c:/openavrc_builder/avr-gcc/bin/../lib/gcc/avr/9.2.0/avr6\libgcc.a(_udivmodhi4.o)
 .text.libgcc.builtins
                0x000255a2        0x0 c:/openavrc_builder/avr-gcc/bin/../lib/gcc/avr/9.2.0/avr6\libgcc.a(_udivmodhi4.o)
 .text.libgcc.fmul
                0x000255a2        0x0 c:/openavrc_builder/avr-gcc/bin/../lib/gcc/avr/9.2.0/avr6\libgcc.a(_udivmodhi4.o)
 .text.libgcc.fixed
                0x000255a2        0x0 c:/openavrc_builder/avr-gcc/bin/../lib/gcc/avr/9.2.0/avr6\libgcc.a(_udivmodhi4.o)
 .text.libgcc.mul
                0x000255a2        0x0 c:/openavrc_builder/avr-gcc/bin/../lib/gcc/avr/9.2.0/avr6\libgcc.a(_divmodhi4.o)
 .text.libgcc.div
                0x000255a2       0x26 c:/openavrc_builder/avr-gcc/bin/../lib/gcc/avr/9.2.0/avr6\libgcc.a(_divmodhi4.o)
                0x000255a2                _div
                0x000255a2                __divmodhi4
 .text.libgcc   0x000255c8        0x0 c:/openavrc_builder/avr-gcc/bin/../lib/gcc/avr/9.2.0/avr6\libgcc.a(_divmodhi4.o)
 .text.libgcc.prologue
                0x000255c8        0x0 c:/openavrc_builder/avr-gcc/bin/../lib/gcc/avr/9.2.0/avr6\libgcc.a(_divmodhi4.o)
 .text.libgcc.builtins
                0x000255c8        0x0 c:/openavrc_builder/avr-gcc/bin/../lib/gcc/avr/9.2.0/avr6\libgcc.a(_divmodhi4.o)
 .text.libgcc.fmul
                0x000255c8        0x0 c:/openavrc_builder/avr-gcc/bin/../lib/gcc/avr/9.2.0/avr6\libgcc.a(_divmodhi4.o)
 .text.libgcc.fixed
                0x000255c8        0x0 c:/openavrc_builder/avr-gcc/bin/../lib/gcc/avr/9.2.0/avr6\libgcc.a(_divmodhi4.o)
 .text.libgcc.mul
                0x000255c8        0x0 c:/openavrc_builder/avr-gcc/bin/../lib/gcc/avr/9.2.0/avr6\libgcc.a(_udivmodsi4.o)
 .text.libgcc.div
                0x000255c8       0x44 c:/openavrc_builder/avr-gcc/bin/../lib/gcc/avr/9.2.0/avr6\libgcc.a(_udivmodsi4.o)
                0x000255c8                __udivmodsi4
 .text.libgcc   0x0002560c        0x0 c:/openavrc_builder/avr-gcc/bin/../lib/gcc/avr/9.2.0/avr6\libgcc.a(_udivmodsi4.o)
 .text.libgcc.prologue
                0x0002560c        0x0 c:/openavrc_builder/avr-gcc/bin/../lib/gcc/avr/9.2.0/avr6\libgcc.a(_udivmodsi4.o)
 .text.libgcc.builtins
                0x0002560c        0x0 c:/openavrc_builder/avr-gcc/bin/../lib/gcc/avr/9.2.0/avr6\libgcc.a(_udivmodsi4.o)
 .text.libgcc.fmul
                0x0002560c        0x0 c:/openavrc_builder/avr-gcc/bin/../lib/gcc/avr/9.2.0/avr6\libgcc.a(_udivmodsi4.o)
 .text.libgcc.fixed
                0x0002560c        0x0 c:/openavrc_builder/avr-gcc/bin/../lib/gcc/avr/9.2.0/avr6\libgcc.a(_udivmodsi4.o)
 .text.libgcc.mul
                0x0002560c        0x0 c:/openavrc_builder/avr-gcc/bin/../lib/gcc/avr/9.2.0/avr6\libgcc.a(_divmodsi4.o)
 .text.libgcc.div
                0x0002560c       0x28 c:/openavrc_builder/avr-gcc/bin/../lib/gcc/avr/9.2.0/avr6\libgcc.a(_divmodsi4.o)
                0x0002560c                __divmodsi4
 .text.libgcc   0x00025634        0x0 c:/openavrc_builder/avr-gcc/bin/../lib/gcc/avr/9.2.0/avr6\libgcc.a(_divmodsi4.o)
 .text.libgcc.prologue
                0x00025634        0x0 c:/openavrc_builder/avr-gcc/bin/../lib/gcc/avr/9.2.0/avr6\libgcc.a(_divmodsi4.o)
 .text.libgcc.builtins
                0x00025634        0x0 c:/openavrc_builder/avr-gcc/bin/../lib/gcc/avr/9.2.0/avr6\libgcc.a(_divmodsi4.o)
 .text.libgcc.fmul
                0x00025634        0x0 c:/openavrc_builder/avr-gcc/bin/../lib/gcc/avr/9.2.0/avr6\libgcc.a(_divmodsi4.o)
 .text.libgcc.fixed
                0x00025634        0x0 c:/openavrc_builder/avr-gcc/bin/../lib/gcc/avr/9.2.0/avr6\libgcc.a(_divmodsi4.o)
 .text.libgcc.mul
                0x00025634        0x0 c:/openavrc_builder/avr-gcc/bin/../lib/gcc/avr/9.2.0/avr6\libgcc.a(_negsi2.o)
 .text.libgcc.div
                0x00025634       0x10 c:/openavrc_builder/avr-gcc/bin/../lib/gcc/avr/9.2.0/avr6\libgcc.a(_negsi2.o)
                0x00025634                __negsi2
 .text.libgcc   0x00025644        0x0 c:/openavrc_builder/avr-gcc/bin/../lib/gcc/avr/9.2.0/avr6\libgcc.a(_negsi2.o)
 .text.libgcc.prologue
                0x00025644        0x0 c:/openavrc_builder/avr-gcc/bin/../lib/gcc/avr/9.2.0/avr6\libgcc.a(_negsi2.o)
 .text.libgcc.builtins
                0x00025644        0x0 c:/openavrc_builder/avr-gcc/bin/../lib/gcc/avr/9.2.0/avr6\libgcc.a(_negsi2.o)
 .text.libgcc.fmul
                0x00025644        0x0 c:/openavrc_builder/avr-gcc/bin/../lib/gcc/avr/9.2.0/avr6\libgcc.a(_negsi2.o)
 .text.libgcc.fixed
                0x00025644        0x0 c:/openavrc_builder/avr-gcc/bin/../lib/gcc/avr/9.2.0/avr6\libgcc.a(_negsi2.o)
 .text.libgcc.mul
                0x00025644        0x0 c:/openavrc_builder/avr-gcc/bin/../lib/gcc/avr/9.2.0/avr6\libgcc.a(_exit.o)
 .text.libgcc.div
                0x00025644        0x0 c:/openavrc_builder/avr-gcc/bin/../lib/gcc/avr/9.2.0/avr6\libgcc.a(_exit.o)
 .text.libgcc   0x00025644        0x0 c:/openavrc_builder/avr-gcc/bin/../lib/gcc/avr/9.2.0/avr6\libgcc.a(_exit.o)
 .text.libgcc.prologue
                0x00025644        0x0 c:/openavrc_builder/avr-gcc/bin/../lib/gcc/avr/9.2.0/avr6\libgcc.a(_exit.o)
 .text.libgcc.builtins
                0x00025644        0x0 c:/openavrc_builder/avr-gcc/bin/../lib/gcc/avr/9.2.0/avr6\libgcc.a(_exit.o)
 .text.libgcc.fmul
                0x00025644        0x0 c:/openavrc_builder/avr-gcc/bin/../lib/gcc/avr/9.2.0/avr6\libgcc.a(_exit.o)
 .text.libgcc.fixed
                0x00025644        0x0 c:/openavrc_builder/avr-gcc/bin/../lib/gcc/avr/9.2.0/avr6\libgcc.a(_exit.o)
 .text.libgcc.mul
                0x00025644        0x0 c:/openavrc_builder/avr-gcc/bin/../lib/gcc/avr/9.2.0/avr6\libgcc.a(_tablejump2.o)
 .text.libgcc.div
                0x00025644        0x0 c:/openavrc_builder/avr-gcc/bin/../lib/gcc/avr/9.2.0/avr6\libgcc.a(_tablejump2.o)
 .text.libgcc   0x00025644       0x10 c:/openavrc_builder/avr-gcc/bin/../lib/gcc/avr/9.2.0/avr6\libgcc.a(_tablejump2.o)
                0x00025644                __tablejump2__
 .text.libgcc.prologue
                0x00025654        0x0 c:/openavrc_builder/avr-gcc/bin/../lib/gcc/avr/9.2.0/avr6\libgcc.a(_tablejump2.o)
 .text.libgcc.builtins
                0x00025654        0x0 c:/openavrc_builder/avr-gcc/bin/../lib/gcc/avr/9.2.0/avr6\libgcc.a(_tablejump2.o)
 .text.libgcc.fmul
                0x00025654        0x0 c:/openavrc_builder/avr-gcc/bin/../lib/gcc/avr/9.2.0/avr6\libgcc.a(_tablejump2.o)
 .text.libgcc.fixed
                0x00025654        0x0 c:/openavrc_builder/avr-gcc/bin/../lib/gcc/avr/9.2.0/avr6\libgcc.a(_tablejump2.o)
 .text.libgcc.mul
                0x00025654        0x0 c:/openavrc_builder/avr-gcc/bin/../lib/gcc/avr/9.2.0/avr6\libgcc.a(_copy_data.o)
 .text.libgcc.div
                0x00025654        0x0 c:/openavrc_builder/avr-gcc/bin/../lib/gcc/avr/9.2.0/avr6\libgcc.a(_copy_data.o)
 .text.libgcc   0x00025654        0x0 c:/openavrc_builder/avr-gcc/bin/../lib/gcc/avr/9.2.0/avr6\libgcc.a(_copy_data.o)
 .text.libgcc.prologue
                0x00025654        0x0 c:/openavrc_builder/avr-gcc/bin/../lib/gcc/avr/9.2.0/avr6\libgcc.a(_copy_data.o)
 .text.libgcc.builtins
                0x00025654        0x0 c:/openavrc_builder/avr-gcc/bin/../lib/gcc/avr/9.2.0/avr6\libgcc.a(_copy_data.o)
 .text.libgcc.fmul
                0x00025654        0x0 c:/openavrc_builder/avr-gcc/bin/../lib/gcc/avr/9.2.0/avr6\libgcc.a(_copy_data.o)
 .text.libgcc.fixed
                0x00025654        0x0 c:/openavrc_builder/avr-gcc/bin/../lib/gcc/avr/9.2.0/avr6\libgcc.a(_copy_data.o)
 .text.libgcc.mul
                0x00025654        0x0 c:/openavrc_builder/avr-gcc/bin/../lib/gcc/avr/9.2.0/avr6\libgcc.a(_clear_bss.o)
 .text.libgcc.div
                0x00025654        0x0 c:/openavrc_builder/avr-gcc/bin/../lib/gcc/avr/9.2.0/avr6\libgcc.a(_clear_bss.o)
 .text.libgcc   0x00025654        0x0 c:/openavrc_builder/avr-gcc/bin/../lib/gcc/avr/9.2.0/avr6\libgcc.a(_clear_bss.o)
 .text.libgcc.prologue
                0x00025654        0x0 c:/openavrc_builder/avr-gcc/bin/../lib/gcc/avr/9.2.0/avr6\libgcc.a(_clear_bss.o)
 .text.libgcc.builtins
                0x00025654        0x0 c:/openavrc_builder/avr-gcc/bin/../lib/gcc/avr/9.2.0/avr6\libgcc.a(_clear_bss.o)
 .text.libgcc.fmul
                0x00025654        0x0 c:/openavrc_builder/avr-gcc/bin/../lib/gcc/avr/9.2.0/avr6\libgcc.a(_clear_bss.o)
 .text.libgcc.fixed
                0x00025654        0x0 c:/openavrc_builder/avr-gcc/bin/../lib/gcc/avr/9.2.0/avr6\libgcc.a(_clear_bss.o)
 .text.libgcc.mul
                0x00025654        0x0 c:/openavrc_builder/avr-gcc/bin/../lib/gcc/avr/9.2.0/avr6\libgcc.a(_ctors.o)
 .text.libgcc.div
                0x00025654        0x0 c:/openavrc_builder/avr-gcc/bin/../lib/gcc/avr/9.2.0/avr6\libgcc.a(_ctors.o)
 .text.libgcc   0x00025654        0x0 c:/openavrc_builder/avr-gcc/bin/../lib/gcc/avr/9.2.0/avr6\libgcc.a(_ctors.o)
 .text.libgcc.prologue
                0x00025654        0x0 c:/openavrc_builder/avr-gcc/bin/../lib/gcc/avr/9.2.0/avr6\libgcc.a(_ctors.o)
 .text.libgcc.builtins
                0x00025654        0x0 c:/openavrc_builder/avr-gcc/bin/../lib/gcc/avr/9.2.0/avr6\libgcc.a(_ctors.o)
 .text.libgcc.fmul
                0x00025654        0x0 c:/openavrc_builder/avr-gcc/bin/../lib/gcc/avr/9.2.0/avr6\libgcc.a(_ctors.o)
 .text.libgcc.fixed
                0x00025654        0x0 c:/openavrc_builder/avr-gcc/bin/../lib/gcc/avr/9.2.0/avr6\libgcc.a(_ctors.o)
 .text.libgcc.mul
                0x00025654        0x0 c:/openavrc_builder/avr-gcc/bin/../lib/gcc/avr/9.2.0/avr6\libgcc.a(_bswapsi2.o)
 .text.libgcc.div
                0x00025654        0x0 c:/openavrc_builder/avr-gcc/bin/../lib/gcc/avr/9.2.0/avr6\libgcc.a(_bswapsi2.o)
 .text.libgcc   0x00025654        0x0 c:/openavrc_builder/avr-gcc/bin/../lib/gcc/avr/9.2.0/avr6\libgcc.a(_bswapsi2.o)
 .text.libgcc.prologue
                0x00025654        0x0 c:/openavrc_builder/avr-gcc/bin/../lib/gcc/avr/9.2.0/avr6\libgcc.a(_bswapsi2.o)
 .text.libgcc.builtins
                0x00025654        0xe c:/openavrc_builder/avr-gcc/bin/../lib/gcc/avr/9.2.0/avr6\libgcc.a(_bswapsi2.o)
                0x00025654                __bswapsi2
 .text.libgcc.fmul
                0x00025662        0x0 c:/openavrc_builder/avr-gcc/bin/../lib/gcc/avr/9.2.0/avr6\libgcc.a(_bswapsi2.o)
 .text.libgcc.fixed
                0x00025662        0x0 c:/openavrc_builder/avr-gcc/bin/../lib/gcc/avr/9.2.0/avr6\libgcc.a(_bswapsi2.o)
 .text.libgcc.mul
                0x00025662        0xc c:/openavrc_builder/avr-gcc/bin/../lib/gcc/avr/9.2.0/avr6\libgcc.a(_mulhisi3.o)
                0x00025662                __mulhisi3
 .text.libgcc.div
                0x0002566e        0x0 c:/openavrc_builder/avr-gcc/bin/../lib/gcc/avr/9.2.0/avr6\libgcc.a(_mulhisi3.o)
 .text.libgcc   0x0002566e        0x0 c:/openavrc_builder/avr-gcc/bin/../lib/gcc/avr/9.2.0/avr6\libgcc.a(_mulhisi3.o)
 .text.libgcc.prologue
                0x0002566e        0x0 c:/openavrc_builder/avr-gcc/bin/../lib/gcc/avr/9.2.0/avr6\libgcc.a(_mulhisi3.o)
 .text.libgcc.builtins
                0x0002566e        0x0 c:/openavrc_builder/avr-gcc/bin/../lib/gcc/avr/9.2.0/avr6\libgcc.a(_mulhisi3.o)
 .text.libgcc.fmul
                0x0002566e        0x0 c:/openavrc_builder/avr-gcc/bin/../lib/gcc/avr/9.2.0/avr6\libgcc.a(_mulhisi3.o)
 .text.libgcc.fixed
                0x0002566e        0x0 c:/openavrc_builder/avr-gcc/bin/../lib/gcc/avr/9.2.0/avr6\libgcc.a(_mulhisi3.o)
 .text.libgcc.mul
                0x0002566e       0x1e c:/openavrc_builder/avr-gcc/bin/../lib/gcc/avr/9.2.0/avr6\libgcc.a(_umulhisi3.o)
                0x0002566e                __umulhisi3
 .text.libgcc.div
                0x0002568c        0x0 c:/openavrc_builder/avr-gcc/bin/../lib/gcc/avr/9.2.0/avr6\libgcc.a(_umulhisi3.o)
 .text.libgcc   0x0002568c        0x0 c:/openavrc_builder/avr-gcc/bin/../lib/gcc/avr/9.2.0/avr6\libgcc.a(_umulhisi3.o)
 .text.libgcc.prologue
                0x0002568c        0x0 c:/openavrc_builder/avr-gcc/bin/../lib/gcc/avr/9.2.0/avr6\libgcc.a(_umulhisi3.o)
 .text.libgcc.builtins
                0x0002568c        0x0 c:/openavrc_builder/avr-gcc/bin/../lib/gcc/avr/9.2.0/avr6\libgcc.a(_umulhisi3.o)
 .text.libgcc.fmul
                0x0002568c        0x0 c:/openavrc_builder/avr-gcc/bin/../lib/gcc/avr/9.2.0/avr6\libgcc.a(_umulhisi3.o)
 .text.libgcc.fixed
                0x0002568c        0x0 c:/openavrc_builder/avr-gcc/bin/../lib/gcc/avr/9.2.0/avr6\libgcc.a(_umulhisi3.o)
 .text.libgcc.mul
                0x0002568c        0xc c:/openavrc_builder/avr-gcc/bin/../lib/gcc/avr/9.2.0/avr6\libgcc.a(_usmulhisi3.o)
                0x0002568c                __usmulhisi3
                0x0002568e                __usmulhisi3_tail
 .text.libgcc.div
                0x00025698        0x0 c:/openavrc_builder/avr-gcc/bin/../lib/gcc/avr/9.2.0/avr6\libgcc.a(_usmulhisi3.o)
 .text.libgcc   0x00025698        0x0 c:/openavrc_builder/avr-gcc/bin/../lib/gcc/avr/9.2.0/avr6\libgcc.a(_usmulhisi3.o)
 .text.libgcc.prologue
                0x00025698        0x0 c:/openavrc_builder/avr-gcc/bin/../lib/gcc/avr/9.2.0/avr6\libgcc.a(_usmulhisi3.o)
 .text.libgcc.builtins
                0x00025698        0x0 c:/openavrc_builder/avr-gcc/bin/../lib/gcc/avr/9.2.0/avr6\libgcc.a(_usmulhisi3.o)
 .text.libgcc.fmul
                0x00025698        0x0 c:/openavrc_builder/avr-gcc/bin/../lib/gcc/avr/9.2.0/avr6\libgcc.a(_usmulhisi3.o)
 .text.libgcc.fixed
                0x00025698        0x0 c:/openavrc_builder/avr-gcc/bin/../lib/gcc/avr/9.2.0/avr6\libgcc.a(_usmulhisi3.o)
 .text.libgcc.mul
                0x00025698       0x14 c:/openavrc_builder/avr-gcc/bin/../lib/gcc/avr/9.2.0/avr6\libgcc.a(_muluhisi3.o)
                0x00025698                __muluhisi3
 .text.libgcc.div
                0x000256ac        0x0 c:/openavrc_builder/avr-gcc/bin/../lib/gcc/avr/9.2.0/avr6\libgcc.a(_muluhisi3.o)
 .text.libgcc   0x000256ac        0x0 c:/openavrc_builder/avr-gcc/bin/../lib/gcc/avr/9.2.0/avr6\libgcc.a(_muluhisi3.o)
 .text.libgcc.prologue
                0x000256ac        0x0 c:/openavrc_builder/avr-gcc/bin/../lib/gcc/avr/9.2.0/avr6\libgcc.a(_muluhisi3.o)
 .text.libgcc.builtins
                0x000256ac        0x0 c:/openavrc_builder/avr-gcc/bin/../lib/gcc/avr/9.2.0/avr6\libgcc.a(_muluhisi3.o)
 .text.libgcc.fmul
                0x000256ac        0x0 c:/openavrc_builder/avr-gcc/bin/../lib/gcc/avr/9.2.0/avr6\libgcc.a(_muluhisi3.o)
 .text.libgcc.fixed
                0x000256ac        0x0 c:/openavrc_builder/avr-gcc/bin/../lib/gcc/avr/9.2.0/avr6\libgcc.a(_muluhisi3.o)
 .text.libgcc.mul
                0x000256ac        0xc c:/openavrc_builder/avr-gcc/bin/../lib/gcc/avr/9.2.0/avr6\libgcc.a(_mulshisi3.o)
                0x000256ac                __mulshisi3
                0x000256b0                __mulohisi3
 .text.libgcc.div
                0x000256b8        0x0 c:/openavrc_builder/avr-gcc/bin/../lib/gcc/avr/9.2.0/avr6\libgcc.a(_mulshisi3.o)
 .text.libgcc   0x000256b8        0x0 c:/openavrc_builder/avr-gcc/bin/../lib/gcc/avr/9.2.0/avr6\libgcc.a(_mulshisi3.o)
 .text.libgcc.prologue
                0x000256b8        0x0 c:/openavrc_builder/avr-gcc/bin/../lib/gcc/avr/9.2.0/avr6\libgcc.a(_mulshisi3.o)
 .text.libgcc.builtins
                0x000256b8        0x0 c:/openavrc_builder/avr-gcc/bin/../lib/gcc/avr/9.2.0/avr6\libgcc.a(_mulshisi3.o)
 .text.libgcc.fmul
                0x000256b8        0x0 c:/openavrc_builder/avr-gcc/bin/../lib/gcc/avr/9.2.0/avr6\libgcc.a(_mulshisi3.o)
 .text.libgcc.fixed
                0x000256b8        0x0 c:/openavrc_builder/avr-gcc/bin/../lib/gcc/avr/9.2.0/avr6\libgcc.a(_mulshisi3.o)
 .text.libgcc.mul
                0x000256b8       0x90 c:/openavrc_builder/avr-gcc/bin/../lib/gcc/avr/9.2.0/avr6\libgcc.a(_muldi3.o)
                0x000256b8                __muldi3
 .text.libgcc.div
                0x00025748        0x0 c:/openavrc_builder/avr-gcc/bin/../lib/gcc/avr/9.2.0/avr6\libgcc.a(_muldi3.o)
 .text.libgcc   0x00025748        0x0 c:/openavrc_builder/avr-gcc/bin/../lib/gcc/avr/9.2.0/avr6\libgcc.a(_muldi3.o)
 .text.libgcc.prologue
                0x00025748        0x0 c:/openavrc_builder/avr-gcc/bin/../lib/gcc/avr/9.2.0/avr6\libgcc.a(_muldi3.o)
 .text.libgcc.builtins
                0x00025748        0x0 c:/openavrc_builder/avr-gcc/bin/../lib/gcc/avr/9.2.0/avr6\libgcc.a(_muldi3.o)
 .text.libgcc.fmul
                0x00025748        0x0 c:/openavrc_builder/avr-gcc/bin/../lib/gcc/avr/9.2.0/avr6\libgcc.a(_muldi3.o)
 .text.libgcc.fixed
                0x00025748        0x0 c:/openavrc_builder/avr-gcc/bin/../lib/gcc/avr/9.2.0/avr6\libgcc.a(_muldi3.o)
 .text.libgcc.mul
                0x00025748       0x10 c:/openavrc_builder/avr-gcc/bin/../lib/gcc/avr/9.2.0/avr6\libgcc.a(_muldi3_6.o)
                0x00025748                __muldi3_6
 .text.libgcc.div
                0x00025758        0x0 c:/openavrc_builder/avr-gcc/bin/../lib/gcc/avr/9.2.0/avr6\libgcc.a(_muldi3_6.o)
 .text.libgcc   0x00025758        0x0 c:/openavrc_builder/avr-gcc/bin/../lib/gcc/avr/9.2.0/avr6\libgcc.a(_muldi3_6.o)
 .text.libgcc.prologue
                0x00025758        0x0 c:/openavrc_builder/avr-gcc/bin/../lib/gcc/avr/9.2.0/avr6\libgcc.a(_muldi3_6.o)
 .text.libgcc.builtins
                0x00025758        0x0 c:/openavrc_builder/avr-gcc/bin/../lib/gcc/avr/9.2.0/avr6\libgcc.a(_muldi3_6.o)
 .text.libgcc.fmul
                0x00025758        0x0 c:/openavrc_builder/avr-gcc/bin/../lib/gcc/avr/9.2.0/avr6\libgcc.a(_muldi3_6.o)
 .text.libgcc.fixed
                0x00025758        0x0 c:/openavrc_builder/avr-gcc/bin/../lib/gcc/avr/9.2.0/avr6\libgcc.a(_muldi3_6.o)
 .text.libgcc.mul
                0x00025758       0x4e c:/openavrc_builder/avr-gcc/bin/../lib/gcc/avr/9.2.0/avr6\libgcc.a(_umulsidi3.o)
                0x00025758                __umulsidi3
                0x0002575a                __umulsidi3_helper
 .text.libgcc.div
                0x000257a6        0x0 c:/openavrc_builder/avr-gcc/bin/../lib/gcc/avr/9.2.0/avr6\libgcc.a(_umulsidi3.o)
 .text.libgcc   0x000257a6        0x0 c:/openavrc_builder/avr-gcc/bin/../lib/gcc/avr/9.2.0/avr6\libgcc.a(_umulsidi3.o)
 .text.libgcc.prologue
                0x000257a6        0x0 c:/openavrc_builder/avr-gcc/bin/../lib/gcc/avr/9.2.0/avr6\libgcc.a(_umulsidi3.o)
 .text.libgcc.builtins
                0x000257a6        0x0 c:/openavrc_builder/avr-gcc/bin/../lib/gcc/avr/9.2.0/avr6\libgcc.a(_umulsidi3.o)
 .text.libgcc.fmul
                0x000257a6        0x0 c:/openavrc_builder/avr-gcc/bin/../lib/gcc/avr/9.2.0/avr6\libgcc.a(_umulsidi3.o)
 .text.libgcc.fixed
                0x000257a6        0x0 c:/openavrc_builder/avr-gcc/bin/../lib/gcc/avr/9.2.0/avr6\libgcc.a(_umulsidi3.o)
 .text.libgcc.mul
                0x000257a6        0x0 c:/openavrc_builder/avr-gcc/bin/../lib/gcc/avr/9.2.0/avr6\libgcc.a(_udivdi3.o)
 .text.libgcc.div
                0x000257a6       0x1a c:/openavrc_builder/avr-gcc/bin/../lib/gcc/avr/9.2.0/avr6\libgcc.a(_udivdi3.o)
                0x000257a6                __umoddi3
                0x000257aa                __udivdi3
                0x000257ac                __udivdi3_umoddi3
 .text.libgcc   0x000257c0        0x0 c:/openavrc_builder/avr-gcc/bin/../lib/gcc/avr/9.2.0/avr6\libgcc.a(_udivdi3.o)
 .text.libgcc.prologue
                0x000257c0        0x0 c:/openavrc_builder/avr-gcc/bin/../lib/gcc/avr/9.2.0/avr6\libgcc.a(_udivdi3.o)
 .text.libgcc.builtins
                0x000257c0        0x0 c:/openavrc_builder/avr-gcc/bin/../lib/gcc/avr/9.2.0/avr6\libgcc.a(_udivdi3.o)
 .text.libgcc.fmul
                0x000257c0        0x0 c:/openavrc_builder/avr-gcc/bin/../lib/gcc/avr/9.2.0/avr6\libgcc.a(_udivdi3.o)
 .text.libgcc.fixed
                0x000257c0        0x0 c:/openavrc_builder/avr-gcc/bin/../lib/gcc/avr/9.2.0/avr6\libgcc.a(_udivdi3.o)
 .text.libgcc.mul
                0x000257c0        0x0 c:/openavrc_builder/avr-gcc/bin/../lib/gcc/avr/9.2.0/avr6\libgcc.a(_udivmod64.o)
 .text.libgcc.div
                0x000257c0       0xa2 c:/openavrc_builder/avr-gcc/bin/../lib/gcc/avr/9.2.0/avr6\libgcc.a(_udivmod64.o)
                0x000257c0                __udivmod64
 .text.libgcc   0x00025862        0x0 c:/openavrc_builder/avr-gcc/bin/../lib/gcc/avr/9.2.0/avr6\libgcc.a(_udivmod64.o)
 .text.libgcc.prologue
                0x00025862        0x0 c:/openavrc_builder/avr-gcc/bin/../lib/gcc/avr/9.2.0/avr6\libgcc.a(_udivmod64.o)
 .text.libgcc.builtins
                0x00025862        0x0 c:/openavrc_builder/avr-gcc/bin/../lib/gcc/avr/9.2.0/avr6\libgcc.a(_udivmod64.o)
 .text.libgcc.fmul
                0x00025862        0x0 c:/openavrc_builder/avr-gcc/bin/../lib/gcc/avr/9.2.0/avr6\libgcc.a(_udivmod64.o)
 .text.libgcc.fixed
                0x00025862        0x0 c:/openavrc_builder/avr-gcc/bin/../lib/gcc/avr/9.2.0/avr6\libgcc.a(_udivmod64.o)
 .text.libgcc.mul
                0x00025862        0x0 c:/openavrc_builder/avr-gcc/bin/../lib/gcc/avr/9.2.0/avr6\libgcc.a(_ashldi3.o)
 .text.libgcc.div
                0x00025862        0x0 c:/openavrc_builder/avr-gcc/bin/../lib/gcc/avr/9.2.0/avr6\libgcc.a(_ashldi3.o)
 .text.libgcc   0x00025862        0x0 c:/openavrc_builder/avr-gcc/bin/../lib/gcc/avr/9.2.0/avr6\libgcc.a(_ashldi3.o)
 .text.libgcc.prologue
                0x00025862        0x0 c:/openavrc_builder/avr-gcc/bin/../lib/gcc/avr/9.2.0/avr6\libgcc.a(_ashldi3.o)
 .text.libgcc.builtins
                0x00025862       0x32 c:/openavrc_builder/avr-gcc/bin/../lib/gcc/avr/9.2.0/avr6\libgcc.a(_ashldi3.o)
                0x00025862                __ashldi3
 .text.libgcc.fmul
                0x00025894        0x0 c:/openavrc_builder/avr-gcc/bin/../lib/gcc/avr/9.2.0/avr6\libgcc.a(_ashldi3.o)
 .text.libgcc.fixed
                0x00025894        0x0 c:/openavrc_builder/avr-gcc/bin/../lib/gcc/avr/9.2.0/avr6\libgcc.a(_ashldi3.o)
 .text.libgcc.mul
                0x00025894        0x0 c:/openavrc_builder/avr-gcc/bin/../lib/gcc/avr/9.2.0/avr6\libgcc.a(_ashrdi3.o)
 .text.libgcc.div
                0x00025894        0x0 c:/openavrc_builder/avr-gcc/bin/../lib/gcc/avr/9.2.0/avr6\libgcc.a(_ashrdi3.o)
 .text.libgcc   0x00025894        0x0 c:/openavrc_builder/avr-gcc/bin/../lib/gcc/avr/9.2.0/avr6\libgcc.a(_ashrdi3.o)
 .text.libgcc.prologue
                0x00025894        0x0 c:/openavrc_builder/avr-gcc/bin/../lib/gcc/avr/9.2.0/avr6\libgcc.a(_ashrdi3.o)
 .text.libgcc.builtins
                0x00025894       0x3a c:/openavrc_builder/avr-gcc/bin/../lib/gcc/avr/9.2.0/avr6\libgcc.a(_ashrdi3.o)
                0x00025894                __ashrdi3
                0x00025898                __lshrdi3
 .text.libgcc.fmul
                0x000258ce        0x0 c:/openavrc_builder/avr-gcc/bin/../lib/gcc/avr/9.2.0/avr6\libgcc.a(_ashrdi3.o)
 .text.libgcc.fixed
                0x000258ce        0x0 c:/openavrc_builder/avr-gcc/bin/../lib/gcc/avr/9.2.0/avr6\libgcc.a(_ashrdi3.o)
 .text.libgcc.mul
                0x000258ce        0x0 c:/openavrc_builder/avr-gcc/bin/../lib/gcc/avr/9.2.0/avr6\libgcc.a(_adddi3.o)
 .text.libgcc.div
                0x000258ce        0x0 c:/openavrc_builder/avr-gcc/bin/../lib/gcc/avr/9.2.0/avr6\libgcc.a(_adddi3.o)
 .text.libgcc   0x000258ce       0x12 c:/openavrc_builder/avr-gcc/bin/../lib/gcc/avr/9.2.0/avr6\libgcc.a(_adddi3.o)
                0x000258ce                __adddi3
 .text.libgcc.prologue
                0x000258e0        0x0 c:/openavrc_builder/avr-gcc/bin/../lib/gcc/avr/9.2.0/avr6\libgcc.a(_adddi3.o)
 .text.libgcc.builtins
                0x000258e0        0x0 c:/openavrc_builder/avr-gcc/bin/../lib/gcc/avr/9.2.0/avr6\libgcc.a(_adddi3.o)
 .text.libgcc.fmul
                0x000258e0        0x0 c:/openavrc_builder/avr-gcc/bin/../lib/gcc/avr/9.2.0/avr6\libgcc.a(_adddi3.o)
 .text.libgcc.fixed
                0x000258e0        0x0 c:/openavrc_builder/avr-gcc/bin/../lib/gcc/avr/9.2.0/avr6\libgcc.a(_adddi3.o)
 .text.libgcc.mul
                0x000258e0        0x0 c:/openavrc_builder/avr-gcc/bin/../lib/gcc/avr/9.2.0/avr6\libgcc.a(_adddi3_s8.o)
 .text.libgcc.div
                0x000258e0        0x0 c:/openavrc_builder/avr-gcc/bin/../lib/gcc/avr/9.2.0/avr6\libgcc.a(_adddi3_s8.o)
 .text.libgcc   0x000258e0       0x18 c:/openavrc_builder/avr-gcc/bin/../lib/gcc/avr/9.2.0/avr6\libgcc.a(_adddi3_s8.o)
                0x000258e0                __adddi3_s8
 .text.libgcc.prologue
                0x000258f8        0x0 c:/openavrc_builder/avr-gcc/bin/../lib/gcc/avr/9.2.0/avr6\libgcc.a(_adddi3_s8.o)
 .text.libgcc.builtins
                0x000258f8        0x0 c:/openavrc_builder/avr-gcc/bin/../lib/gcc/avr/9.2.0/avr6\libgcc.a(_adddi3_s8.o)
 .text.libgcc.fmul
                0x000258f8        0x0 c:/openavrc_builder/avr-gcc/bin/../lib/gcc/avr/9.2.0/avr6\libgcc.a(_adddi3_s8.o)
 .text.libgcc.fixed
                0x000258f8        0x0 c:/openavrc_builder/avr-gcc/bin/../lib/gcc/avr/9.2.0/avr6\libgcc.a(_adddi3_s8.o)
 .text.libgcc.mul
                0x000258f8        0x0 c:/openavrc_builder/avr-gcc/bin/../lib/gcc/avr/9.2.0/avr6\libgcc.a(_subdi3.o)
 .text.libgcc.div
                0x000258f8        0x0 c:/openavrc_builder/avr-gcc/bin/../lib/gcc/avr/9.2.0/avr6\libgcc.a(_subdi3.o)
 .text.libgcc   0x000258f8       0x12 c:/openavrc_builder/avr-gcc/bin/../lib/gcc/avr/9.2.0/avr6\libgcc.a(_subdi3.o)
                0x000258f8                __subdi3
 .text.libgcc.prologue
                0x0002590a        0x0 c:/openavrc_builder/avr-gcc/bin/../lib/gcc/avr/9.2.0/avr6\libgcc.a(_subdi3.o)
 .text.libgcc.builtins
                0x0002590a        0x0 c:/openavrc_builder/avr-gcc/bin/../lib/gcc/avr/9.2.0/avr6\libgcc.a(_subdi3.o)
 .text.libgcc.fmul
                0x0002590a        0x0 c:/openavrc_builder/avr-gcc/bin/../lib/gcc/avr/9.2.0/avr6\libgcc.a(_subdi3.o)
 .text.libgcc.fixed
                0x0002590a        0x0 c:/openavrc_builder/avr-gcc/bin/../lib/gcc/avr/9.2.0/avr6\libgcc.a(_subdi3.o)
 .text.libgcc.mul
                0x0002590a        0x0 c:/openavrc_builder/avr-gcc/bin/../lib/gcc/avr/9.2.0/avr6\libgcc.a(_cmpdi2.o)
 .text.libgcc.div
                0x0002590a        0x0 c:/openavrc_builder/avr-gcc/bin/../lib/gcc/avr/9.2.0/avr6\libgcc.a(_cmpdi2.o)
 .text.libgcc   0x0002590a       0x12 c:/openavrc_builder/avr-gcc/bin/../lib/gcc/avr/9.2.0/avr6\libgcc.a(_cmpdi2.o)
                0x0002590a                __cmpdi2
 .text.libgcc.prologue
                0x0002591c        0x0 c:/openavrc_builder/avr-gcc/bin/../lib/gcc/avr/9.2.0/avr6\libgcc.a(_cmpdi2.o)
 .text.libgcc.builtins
                0x0002591c        0x0 c:/openavrc_builder/avr-gcc/bin/../lib/gcc/avr/9.2.0/avr6\libgcc.a(_cmpdi2.o)
 .text.libgcc.fmul
                0x0002591c        0x0 c:/openavrc_builder/avr-gcc/bin/../lib/gcc/avr/9.2.0/avr6\libgcc.a(_cmpdi2.o)
 .text.libgcc.fixed
                0x0002591c        0x0 c:/openavrc_builder/avr-gcc/bin/../lib/gcc/avr/9.2.0/avr6\libgcc.a(_cmpdi2.o)
 .text.libgcc.mul
                0x0002591c        0x0 c:/openavrc_builder/avr-gcc/bin/../lib/gcc/avr/9.2.0/avr6\libgcc.a(_cmpdi2_s8.o)
 .text.libgcc.div
                0x0002591c        0x0 c:/openavrc_builder/avr-gcc/bin/../lib/gcc/avr/9.2.0/avr6\libgcc.a(_cmpdi2_s8.o)
 .text.libgcc   0x0002591c       0x18 c:/openavrc_builder/avr-gcc/bin/../lib/gcc/avr/9.2.0/avr6\libgcc.a(_cmpdi2_s8.o)
                0x0002591c                __cmpdi2_s8
 .text.libgcc.prologue
                0x00025934        0x0 c:/openavrc_builder/avr-gcc/bin/../lib/gcc/avr/9.2.0/avr6\libgcc.a(_cmpdi2_s8.o)
 .text.libgcc.builtins
                0x00025934        0x0 c:/openavrc_builder/avr-gcc/bin/../lib/gcc/avr/9.2.0/avr6\libgcc.a(_cmpdi2_s8.o)
 .text.libgcc.fmul
                0x00025934        0x0 c:/openavrc_builder/avr-gcc/bin/../lib/gcc/avr/9.2.0/avr6\libgcc.a(_cmpdi2_s8.o)
 .text.libgcc.fixed
                0x00025934        0x0 c:/openavrc_builder/avr-gcc/bin/../lib/gcc/avr/9.2.0/avr6\libgcc.a(_cmpdi2_s8.o)
 .text.avr-libc
                0x00025934      0x1a6 c:/openavrc_builder/avr-gcc/bin/../lib/gcc/avr/9.2.0/../../../../avr/lib/avr6\libc.a(random.o)
                0x00025934                random_r
                0x000259fc                random
                0x00025ac8                srandom
 .text.avr-libc
                0x00025ada       0x12 c:/openavrc_builder/avr-gcc/bin/../lib/gcc/avr/9.2.0/../../../../avr/lib/avr6\libc.a(memcpy_P.o)
                0x00025ada                memcpy_P
 .text.avr-libc
                0x00025aec       0x12 c:/openavrc_builder/avr-gcc/bin/../lib/gcc/avr/9.2.0/../../../../avr/lib/avr6\libc.a(memcpy.o)
                0x00025aec                memcpy
 .text.avr-libc
                0x00025afe       0x22 c:/openavrc_builder/avr-gcc/bin/../lib/gcc/avr/9.2.0/../../../../avr/lib/avr6\libc.a(memmove.o)
                0x00025afe                memmove
 .text.avr-libc
                0x00025b20        0xe c:/openavrc_builder/avr-gcc/bin/../lib/gcc/avr/9.2.0/../../../../avr/lib/avr6\libc.a(memset.o)
                0x00025b20                memset
                0x00025b2e                . = ALIGN (0x2)
 *(.fini9)
 .fini9         0x00025b2e        0x0 c:/openavrc_builder/avr-gcc/bin/../lib/gcc/avr/9.2.0/avr6\libgcc.a(_exit.o)
                0x00025b2e                _exit
                0x00025b2e                exit
 *(.fini9)
 *(.fini8)
 *(.fini8)
 *(.fini7)
 *(.fini7)
 *(.fini6)
 *(.fini6)
 *(.fini5)
 *(.fini5)
 *(.fini4)
 *(.fini4)
 *(.fini3)
 *(.fini3)
 *(.fini2)
 *(.fini2)
 *(.fini1)
 *(.fini1)
 *(.fini0)
 .fini0         0x00025b2e        0x4 c:/openavrc_builder/avr-gcc/bin/../lib/gcc/avr/9.2.0/avr6\libgcc.a(_exit.o)
 *(.fini0)
 *(.hightext)
 *(.hightext*)
 *(.progmemx.*)
                0x00025b32                . = ALIGN (0x2)
 *(.jumptables)
 *(.jumptables*)
 .jumptables.gcc._Z22convert8bitsTelemValuehh
                0x00025b32       0x54 C:\Users\pierrot\AppData\Local\Temp\ccXz8YL5.o
 .jumptables.gcc._Z13applyTemplateh
                0x00025b86        0xe C:\Users\pierrot\AppData\Local\Temp\ccXz8YL5.o
 .jumptables.gcc._Z16processHubPackethj
                0x00025b94       0xea C:\Users\pierrot\AppData\Local\Temp\ccXz8YL5.o
 .jumptables.gcc._Z7per10msv
                0x00025c7e       0xec C:\Users\pierrot\AppData\Local\Temp\ccXz8YL5.o
 .jumptables.gcc._Z11switchState8EnumKeys.part.0
                0x00025d6a       0x12 C:\Users\pierrot\AppData\Local\Temp\ccXz8YL5.o
 .jumptables.gcc._Z28lcdPutsTelemetryChannelValuehhhih
                0x00025d7c       0x56 C:\Users\pierrot\AppData\Local\Temp\ccXz8YL5.o
 .jumptables.gcc._Z10applyCurveia
                0x00025dd2        0xe C:\Users\pierrot\AppData\Local\Temp\ccXz8YL5.o
 .jumptables.gcc._ZN10audioQueue5eventEhh.constprop.0
                0x00025de0       0x3a C:\Users\pierrot\AppData\Local\Temp\ccXz8YL5.o
 .jumptables.gcc._Z5checkhhPKPFvhEhPKhhh
                0x00025e1a      0x100 C:\Users\pierrot\AppData\Local\Temp\ccXz8YL5.o
 .jumptables.gcc._Z15menuModelMixOneh
                0x00025f1a       0x34 C:\Users\pierrot\AppData\Local\Temp\ccXz8YL5.o
 .jumptables.gcc._Z18menuModelTelemetryh
                0x00025f4e       0x36 C:\Users\pierrot\AppData\Local\Temp\ccXz8YL5.o
 .jumptables.gcc._Z14menuModelSetuph
                0x00025f84       0x36 C:\Users\pierrot\AppData\Local\Temp\ccXz8YL5.o
 .jumptables.gcc._ZL8HITEC_cbv
                0x00025fba       0x32 C:\Users\pierrot\AppData\Local\Temp\ccXz8YL5.o
 .jumptables.gcc._Z17menuModelPhaseOneh
                0x00025fec       0x1c C:\Users\pierrot\AppData\Local\Temp\ccXz8YL5.o
 .jumptables.gcc._Z12menuMainViewh
                0x00026008       0x4a C:\Users\pierrot\AppData\Local\Temp\ccXz8YL5.o
 .jumptables.gcc._Z16menuGeneralSetuph
                0x00026052       0x3a C:\Users\pierrot\AppData\Local\Temp\ccXz8YL5.o
 .jumptables.gcc._Z9HUBSAN_cbv
                0x0002608c       0x18 C:\Users\pierrot\AppData\Local\Temp\ccXz8YL5.o
 .jumptables.gcc._Z13menuModelXanyh
                0x000260a4       0x1c C:\Users\pierrot\AppData\Local\Temp\ccXz8YL5.o
 .jumptables.gcc._Z19doMixerCalculationsv
                0x000260c0       0x6e C:\Users\pierrot\AppData\Local\Temp\ccXz8YL5.o
                0x0002612e                _etext = .

.data           0x00800200      0x82e load address 0x0002612e
                0x00800200                PROVIDE (__data_start = .)
 *(.data)
 .data          0x00800200        0x0 c:/openavrc_builder/avr-gcc/bin/../lib/gcc/avr/9.2.0/../../../../avr/lib/avr6/crtatmega2560.o
 .data          0x00800200       0x1b C:\Users\pierrot\AppData\Local\Temp\ccXz8YL5.o
 .data          0x0080021b        0x0 c:/openavrc_builder/avr-gcc/bin/../lib/gcc/avr/9.2.0/avr6\libgcc.a(_mulsi3.o)
 .data          0x0080021b        0x0 c:/openavrc_builder/avr-gcc/bin/../lib/gcc/avr/9.2.0/avr6\libgcc.a(_udivmodhi4.o)
 .data          0x0080021b        0x0 c:/openavrc_builder/avr-gcc/bin/../lib/gcc/avr/9.2.0/avr6\libgcc.a(_divmodhi4.o)
 .data          0x0080021b        0x0 c:/openavrc_builder/avr-gcc/bin/../lib/gcc/avr/9.2.0/avr6\libgcc.a(_udivmodsi4.o)
 .data          0x0080021b        0x0 c:/openavrc_builder/avr-gcc/bin/../lib/gcc/avr/9.2.0/avr6\libgcc.a(_divmodsi4.o)
 .data          0x0080021b        0x0 c:/openavrc_builder/avr-gcc/bin/../lib/gcc/avr/9.2.0/avr6\libgcc.a(_negsi2.o)
 .data          0x0080021b        0x0 c:/openavrc_builder/avr-gcc/bin/../lib/gcc/avr/9.2.0/avr6\libgcc.a(_exit.o)
 .data          0x0080021b        0x0 c:/openavrc_builder/avr-gcc/bin/../lib/gcc/avr/9.2.0/avr6\libgcc.a(_tablejump2.o)
 .data          0x0080021b        0x0 c:/openavrc_builder/avr-gcc/bin/../lib/gcc/avr/9.2.0/avr6\libgcc.a(_copy_data.o)
 .data          0x0080021b        0x0 c:/openavrc_builder/avr-gcc/bin/../lib/gcc/avr/9.2.0/avr6\libgcc.a(_clear_bss.o)
 .data          0x0080021b        0x0 c:/openavrc_builder/avr-gcc/bin/../lib/gcc/avr/9.2.0/avr6\libgcc.a(_ctors.o)
 .data          0x0080021b        0x0 c:/openavrc_builder/avr-gcc/bin/../lib/gcc/avr/9.2.0/avr6\libgcc.a(_bswapsi2.o)
 .data          0x0080021b        0x0 c:/openavrc_builder/avr-gcc/bin/../lib/gcc/avr/9.2.0/avr6\libgcc.a(_mulhisi3.o)
 .data          0x0080021b        0x0 c:/openavrc_builder/avr-gcc/bin/../lib/gcc/avr/9.2.0/avr6\libgcc.a(_umulhisi3.o)
 .data          0x0080021b        0x0 c:/openavrc_builder/avr-gcc/bin/../lib/gcc/avr/9.2.0/avr6\libgcc.a(_usmulhisi3.o)
 .data          0x0080021b        0x0 c:/openavrc_builder/avr-gcc/bin/../lib/gcc/avr/9.2.0/avr6\libgcc.a(_muluhisi3.o)
 .data          0x0080021b        0x0 c:/openavrc_builder/avr-gcc/bin/../lib/gcc/avr/9.2.0/avr6\libgcc.a(_mulshisi3.o)
 .data          0x0080021b        0x0 c:/openavrc_builder/avr-gcc/bin/../lib/gcc/avr/9.2.0/avr6\libgcc.a(_muldi3.o)
 .data          0x0080021b        0x0 c:/openavrc_builder/avr-gcc/bin/../lib/gcc/avr/9.2.0/avr6\libgcc.a(_muldi3_6.o)
 .data          0x0080021b        0x0 c:/openavrc_builder/avr-gcc/bin/../lib/gcc/avr/9.2.0/avr6\libgcc.a(_umulsidi3.o)
 .data          0x0080021b        0x0 c:/openavrc_builder/avr-gcc/bin/../lib/gcc/avr/9.2.0/avr6\libgcc.a(_udivdi3.o)
 .data          0x0080021b        0x0 c:/openavrc_builder/avr-gcc/bin/../lib/gcc/avr/9.2.0/avr6\libgcc.a(_udivmod64.o)
 .data          0x0080021b        0x0 c:/openavrc_builder/avr-gcc/bin/../lib/gcc/avr/9.2.0/avr6\libgcc.a(_ashldi3.o)
 .data          0x0080021b        0x0 c:/openavrc_builder/avr-gcc/bin/../lib/gcc/avr/9.2.0/avr6\libgcc.a(_ashrdi3.o)
 .data          0x0080021b        0x0 c:/openavrc_builder/avr-gcc/bin/../lib/gcc/avr/9.2.0/avr6\libgcc.a(_adddi3.o)
 .data          0x0080021b        0x0 c:/openavrc_builder/avr-gcc/bin/../lib/gcc/avr/9.2.0/avr6\libgcc.a(_adddi3_s8.o)
 .data          0x0080021b        0x0 c:/openavrc_builder/avr-gcc/bin/../lib/gcc/avr/9.2.0/avr6\libgcc.a(_subdi3.o)
 .data          0x0080021b        0x0 c:/openavrc_builder/avr-gcc/bin/../lib/gcc/avr/9.2.0/avr6\libgcc.a(_cmpdi2.o)
 .data          0x0080021b        0x0 c:/openavrc_builder/avr-gcc/bin/../lib/gcc/avr/9.2.0/avr6\libgcc.a(_cmpdi2_s8.o)
 .data          0x0080021b        0x4 c:/openavrc_builder/avr-gcc/bin/../lib/gcc/avr/9.2.0/../../../../avr/lib/avr6\libc.a(random.o)
 .data          0x0080021f        0x0 c:/openavrc_builder/avr-gcc/bin/../lib/gcc/avr/9.2.0/../../../../avr/lib/avr6\libc.a(memcpy_P.o)
 .data          0x0080021f        0x0 c:/openavrc_builder/avr-gcc/bin/../lib/gcc/avr/9.2.0/../../../../avr/lib/avr6\libc.a(memcpy.o)
 .data          0x0080021f        0x0 c:/openavrc_builder/avr-gcc/bin/../lib/gcc/avr/9.2.0/../../../../avr/lib/avr6\libc.a(memmove.o)
 .data          0x0080021f        0x0 c:/openavrc_builder/avr-gcc/bin/../lib/gcc/avr/9.2.0/../../../../avr/lib/avr6\libc.a(memset.o)
 .data          0x0080021f        0x0 c:/openavrc_builder/avr-gcc/bin/../lib/gcc/avr/9.2.0/../../../../avr/lib/avr6\libc.a(localtime.o)
 .data          0x0080021f        0x0 c:/openavrc_builder/avr-gcc/bin/../lib/gcc/avr/9.2.0/../../../../avr/lib/avr6\libc.a(localtime_r.o)
 .data          0x0080021f        0x0 c:/openavrc_builder/avr-gcc/bin/../lib/gcc/avr/9.2.0/../../../../avr/lib/avr6\libc.a(mk_gmtime.o)
 .data          0x0080021f        0x0 c:/openavrc_builder/avr-gcc/bin/../lib/gcc/avr/9.2.0/../../../../avr/lib/avr6\libc.a(tm_store.o)
 .data          0x0080021f        0x0 c:/openavrc_builder/avr-gcc/bin/../lib/gcc/avr/9.2.0/../../../../avr/lib/avr6\libc.a(utc_offset.o)
 .data          0x0080021f        0x0 c:/openavrc_builder/avr-gcc/bin/../lib/gcc/avr/9.2.0/../../../../avr/lib/avr6\libc.a(dst_pointer.o)
 .data          0x0080021f        0x0 c:/openavrc_builder/avr-gcc/bin/../lib/gcc/avr/9.2.0/../../../../avr/lib/avr6\libc.a(gmtime_r.o)
 .data          0x0080021f        0x0 c:/openavrc_builder/avr-gcc/bin/../lib/gcc/avr/9.2.0/../../../../avr/lib/avr6\libc.a(isLeap.o)
 *(.data*)
 *(.gnu.linkonce.d*)
 *(.rodata)
 .rodata        0x0080021f      0x809 C:\Users\pierrot\AppData\Local\Temp\ccXz8YL5.o
 *(.rodata*)
 .rodata.str1.1
                0x00800a28        0x5 C:\Users\pierrot\AppData\Local\Temp\ccXz8YL5.o
 *(.gnu.linkonce.r*)
                0x00800a2e                . = ALIGN (0x2)
 *fill*         0x00800a2d        0x1 
                0x00800a2e                _edata = .
                0x00800a2e                PROVIDE (__data_end = .)

.bss            0x00800a2e     0x10a8
                0x00800a2e                PROVIDE (__bss_start = .)
 *(.bss)
 .bss           0x00800a2e        0x0 c:/openavrc_builder/avr-gcc/bin/../lib/gcc/avr/9.2.0/../../../../avr/lib/avr6/crtatmega2560.o
 .bss           0x00800a2e     0x1096 C:\Users\pierrot\AppData\Local\Temp\ccXz8YL5.o
 .bss           0x00801ac4        0x0 c:/openavrc_builder/avr-gcc/bin/../lib/gcc/avr/9.2.0/avr6\libgcc.a(_mulsi3.o)
 .bss           0x00801ac4        0x0 c:/openavrc_builder/avr-gcc/bin/../lib/gcc/avr/9.2.0/avr6\libgcc.a(_udivmodhi4.o)
 .bss           0x00801ac4        0x0 c:/openavrc_builder/avr-gcc/bin/../lib/gcc/avr/9.2.0/avr6\libgcc.a(_divmodhi4.o)
 .bss           0x00801ac4        0x0 c:/openavrc_builder/avr-gcc/bin/../lib/gcc/avr/9.2.0/avr6\libgcc.a(_udivmodsi4.o)
 .bss           0x00801ac4        0x0 c:/openavrc_builder/avr-gcc/bin/../lib/gcc/avr/9.2.0/avr6\libgcc.a(_divmodsi4.o)
 .bss           0x00801ac4        0x0 c:/openavrc_builder/avr-gcc/bin/../lib/gcc/avr/9.2.0/avr6\libgcc.a(_negsi2.o)
 .bss           0x00801ac4        0x0 c:/openavrc_builder/avr-gcc/bin/../lib/gcc/avr/9.2.0/avr6\libgcc.a(_exit.o)
 .bss           0x00801ac4        0x0 c:/openavrc_builder/avr-gcc/bin/../lib/gcc/avr/9.2.0/avr6\libgcc.a(_tablejump2.o)
 .bss           0x00801ac4        0x0 c:/openavrc_builder/avr-gcc/bin/../lib/gcc/avr/9.2.0/avr6\libgcc.a(_copy_data.o)
 .bss           0x00801ac4        0x0 c:/openavrc_builder/avr-gcc/bin/../lib/gcc/avr/9.2.0/avr6\libgcc.a(_clear_bss.o)
 .bss           0x00801ac4        0x0 c:/openavrc_builder/avr-gcc/bin/../lib/gcc/avr/9.2.0/avr6\libgcc.a(_ctors.o)
 .bss           0x00801ac4        0x0 c:/openavrc_builder/avr-gcc/bin/../lib/gcc/avr/9.2.0/avr6\libgcc.a(_bswapsi2.o)
 .bss           0x00801ac4        0x0 c:/openavrc_builder/avr-gcc/bin/../lib/gcc/avr/9.2.0/avr6\libgcc.a(_mulhisi3.o)
 .bss           0x00801ac4        0x0 c:/openavrc_builder/avr-gcc/bin/../lib/gcc/avr/9.2.0/avr6\libgcc.a(_umulhisi3.o)
 .bss           0x00801ac4        0x0 c:/openavrc_builder/avr-gcc/bin/../lib/gcc/avr/9.2.0/avr6\libgcc.a(_usmulhisi3.o)
 .bss           0x00801ac4        0x0 c:/openavrc_builder/avr-gcc/bin/../lib/gcc/avr/9.2.0/avr6\libgcc.a(_muluhisi3.o)
 .bss           0x00801ac4        0x0 c:/openavrc_builder/avr-gcc/bin/../lib/gcc/avr/9.2.0/avr6\libgcc.a(_mulshisi3.o)
 .bss           0x00801ac4        0x0 c:/openavrc_builder/avr-gcc/bin/../lib/gcc/avr/9.2.0/avr6\libgcc.a(_muldi3.o)
 .bss           0x00801ac4        0x0 c:/openavrc_builder/avr-gcc/bin/../lib/gcc/avr/9.2.0/avr6\libgcc.a(_muldi3_6.o)
 .bss           0x00801ac4        0x0 c:/openavrc_builder/avr-gcc/bin/../lib/gcc/avr/9.2.0/avr6\libgcc.a(_umulsidi3.o)
 .bss           0x00801ac4        0x0 c:/openavrc_builder/avr-gcc/bin/../lib/gcc/avr/9.2.0/avr6\libgcc.a(_udivdi3.o)
 .bss           0x00801ac4        0x0 c:/openavrc_builder/avr-gcc/bin/../lib/gcc/avr/9.2.0/avr6\libgcc.a(_udivmod64.o)
 .bss           0x00801ac4        0x0 c:/openavrc_builder/avr-gcc/bin/../lib/gcc/avr/9.2.0/avr6\libgcc.a(_ashldi3.o)
 .bss           0x00801ac4        0x0 c:/openavrc_builder/avr-gcc/bin/../lib/gcc/avr/9.2.0/avr6\libgcc.a(_ashrdi3.o)
 .bss           0x00801ac4        0x0 c:/openavrc_builder/avr-gcc/bin/../lib/gcc/avr/9.2.0/avr6\libgcc.a(_adddi3.o)
 .bss           0x00801ac4        0x0 c:/openavrc_builder/avr-gcc/bin/../lib/gcc/avr/9.2.0/avr6\libgcc.a(_adddi3_s8.o)
 .bss           0x00801ac4        0x0 c:/openavrc_builder/avr-gcc/bin/../lib/gcc/avr/9.2.0/avr6\libgcc.a(_subdi3.o)
 .bss           0x00801ac4        0x0 c:/openavrc_builder/avr-gcc/bin/../lib/gcc/avr/9.2.0/avr6\libgcc.a(_cmpdi2.o)
 .bss           0x00801ac4        0x0 c:/openavrc_builder/avr-gcc/bin/../lib/gcc/avr/9.2.0/avr6\libgcc.a(_cmpdi2_s8.o)
 .bss           0x00801ac4        0x0 c:/openavrc_builder/avr-gcc/bin/../lib/gcc/avr/9.2.0/../../../../avr/lib/avr6\libc.a(random.o)
 .bss           0x00801ac4        0x0 c:/openavrc_builder/avr-gcc/bin/../lib/gcc/avr/9.2.0/../../../../avr/lib/avr6\libc.a(memcpy_P.o)
 .bss           0x00801ac4        0x0 c:/openavrc_builder/avr-gcc/bin/../lib/gcc/avr/9.2.0/../../../../avr/lib/avr6\libc.a(memcpy.o)
 .bss           0x00801ac4        0x0 c:/openavrc_builder/avr-gcc/bin/../lib/gcc/avr/9.2.0/../../../../avr/lib/avr6\libc.a(memmove.o)
 .bss           0x00801ac4        0x0 c:/openavrc_builder/avr-gcc/bin/../lib/gcc/avr/9.2.0/../../../../avr/lib/avr6\libc.a(memset.o)
 .bss           0x00801ac4        0x0 c:/openavrc_builder/avr-gcc/bin/../lib/gcc/avr/9.2.0/../../../../avr/lib/avr6\libc.a(localtime.o)
 .bss           0x00801ac4        0x0 c:/openavrc_builder/avr-gcc/bin/../lib/gcc/avr/9.2.0/../../../../avr/lib/avr6\libc.a(localtime_r.o)
 .bss           0x00801ac4        0x0 c:/openavrc_builder/avr-gcc/bin/../lib/gcc/avr/9.2.0/../../../../avr/lib/avr6\libc.a(mk_gmtime.o)
 .bss           0x00801ac4        0x0 c:/openavrc_builder/avr-gcc/bin/../lib/gcc/avr/9.2.0/../../../../avr/lib/avr6\libc.a(tm_store.o)
 .bss           0x00801ac4        0x0 c:/openavrc_builder/avr-gcc/bin/../lib/gcc/avr/9.2.0/../../../../avr/lib/avr6\libc.a(utc_offset.o)
 .bss           0x00801ac4        0x0 c:/openavrc_builder/avr-gcc/bin/../lib/gcc/avr/9.2.0/../../../../avr/lib/avr6\libc.a(dst_pointer.o)
 .bss           0x00801ac4        0x0 c:/openavrc_builder/avr-gcc/bin/../lib/gcc/avr/9.2.0/../../../../avr/lib/avr6\libc.a(gmtime_r.o)
 .bss           0x00801ac4        0x0 c:/openavrc_builder/avr-gcc/bin/../lib/gcc/avr/9.2.0/../../../../avr/lib/avr6\libc.a(isLeap.o)
 *(.bss*)
 *(COMMON)
 COMMON         0x00801ac4        0xc c:/openavrc_builder/avr-gcc/bin/../lib/gcc/avr/9.2.0/../../../../avr/lib/avr6\libc.a(tm_store.o)
                0x00801ac4                __tm_store
 COMMON         0x00801ad0        0x4 c:/openavrc_builder/avr-gcc/bin/../lib/gcc/avr/9.2.0/../../../../avr/lib/avr6\libc.a(utc_offset.o)
                0x00801ad0                __utc_offset
 COMMON         0x00801ad4        0x2 c:/openavrc_builder/avr-gcc/bin/../lib/gcc/avr/9.2.0/../../../../avr/lib/avr6\libc.a(dst_pointer.o)
                0x00801ad4                __dst_ptr
                0x00801ad6                PROVIDE (__bss_end = .)
                0x0002612e                __data_load_start = LOADADDR (.data)
                0x0002695c                __data_load_end = (__data_load_start + SIZEOF (.data))

.noinit         0x00801ad6        0x0
                [!provide]                PROVIDE (__noinit_start = .)
 *(.noinit*)
                [!provide]                PROVIDE (__noinit_end = .)
                0x00801ad6                _end = .
                [!provide]                PROVIDE (__heap_start = .)

.eeprom         0x00810000        0x0
 *(.eeprom*)
                0x00810000                __eeprom_end = .

.fuse
 *(.fuse)
 *(.lfuse)
 *(.hfuse)
 *(.efuse)

.lock
 *(.lock*)

.signature
 *(.signature*)

.stab
 *(.stab)

.stabstr
 *(.stabstr)

.stab.excl
 *(.stab.excl)

.stab.exclstr
 *(.stab.exclstr)

.stab.index
 *(.stab.index)

.stab.indexstr
 *(.stab.indexstr)

.comment        0x00000000       0x11
 *(.comment)
 .comment       0x00000000       0x11 C:\Users\pierrot\AppData\Local\Temp\ccXz8YL5.o
                                 0x12 (size before relaxing)
 .comment       0x00000011       0x12 c:/openavrc_builder/avr-gcc/bin/../lib/gcc/avr/9.2.0/../../../../avr/lib/avr6\libc.a(random.o)
 .comment       0x00000011       0x12 c:/openavrc_builder/avr-gcc/bin/../lib/gcc/avr/9.2.0/../../../../avr/lib/avr6\libc.a(localtime.o)
 .comment       0x00000011       0x12 c:/openavrc_builder/avr-gcc/bin/../lib/gcc/avr/9.2.0/../../../../avr/lib/avr6\libc.a(localtime_r.o)
 .comment       0x00000011       0x12 c:/openavrc_builder/avr-gcc/bin/../lib/gcc/avr/9.2.0/../../../../avr/lib/avr6\libc.a(mk_gmtime.o)
 .comment       0x00000011       0x12 c:/openavrc_builder/avr-gcc/bin/../lib/gcc/avr/9.2.0/../../../../avr/lib/avr6\libc.a(tm_store.o)
 .comment       0x00000011       0x12 c:/openavrc_builder/avr-gcc/bin/../lib/gcc/avr/9.2.0/../../../../avr/lib/avr6\libc.a(utc_offset.o)
 .comment       0x00000011       0x12 c:/openavrc_builder/avr-gcc/bin/../lib/gcc/avr/9.2.0/../../../../avr/lib/avr6\libc.a(dst_pointer.o)
 .comment       0x00000011       0x12 c:/openavrc_builder/avr-gcc/bin/../lib/gcc/avr/9.2.0/../../../../avr/lib/avr6\libc.a(gmtime_r.o)
 .comment       0x00000011       0x12 c:/openavrc_builder/avr-gcc/bin/../lib/gcc/avr/9.2.0/../../../../avr/lib/avr6\libc.a(isLeap.o)

.note.gnu.avr.deviceinfo
                0x00000000       0x40
 .note.gnu.avr.deviceinfo
                0x00000000       0x40 c:/openavrc_builder/avr-gcc/bin/../lib/gcc/avr/9.2.0/../../../../avr/lib/avr6/crtatmega2560.o

.note.gnu.build-id
 *(.note.gnu.build-id)

.debug
 *(.debug)

.line
 *(.line)

.debug_srcinfo
 *(.debug_srcinfo)

.debug_sfnames
 *(.debug_sfnames)

.debug_aranges  0x00000000      0x3d0
 *(.debug_aranges)
 .debug_aranges
                0x00000000       0x30 C:\Users\pierrot\AppData\Local\Temp\ccXz8YL5.o
 .debug_aranges
                0x00000030       0x20 c:/openavrc_builder/avr-gcc/bin/../lib/gcc/avr/9.2.0/avr6\libgcc.a(_mulsi3.o)
 .debug_aranges
                0x00000050       0x20 c:/openavrc_builder/avr-gcc/bin/../lib/gcc/avr/9.2.0/avr6\libgcc.a(_udivmodhi4.o)
 .debug_aranges
                0x00000070       0x20 c:/openavrc_builder/avr-gcc/bin/../lib/gcc/avr/9.2.0/avr6\libgcc.a(_divmodhi4.o)
 .debug_aranges
                0x00000090       0x20 c:/openavrc_builder/avr-gcc/bin/../lib/gcc/avr/9.2.0/avr6\libgcc.a(_udivmodsi4.o)
 .debug_aranges
                0x000000b0       0x20 c:/openavrc_builder/avr-gcc/bin/../lib/gcc/avr/9.2.0/avr6\libgcc.a(_divmodsi4.o)
 .debug_aranges
                0x000000d0       0x20 c:/openavrc_builder/avr-gcc/bin/../lib/gcc/avr/9.2.0/avr6\libgcc.a(_negsi2.o)
 .debug_aranges
                0x000000f0       0x20 c:/openavrc_builder/avr-gcc/bin/../lib/gcc/avr/9.2.0/avr6\libgcc.a(_exit.o)
 .debug_aranges
                0x00000110       0x20 c:/openavrc_builder/avr-gcc/bin/../lib/gcc/avr/9.2.0/avr6\libgcc.a(_tablejump2.o)
 .debug_aranges
                0x00000130       0x20 c:/openavrc_builder/avr-gcc/bin/../lib/gcc/avr/9.2.0/avr6\libgcc.a(_copy_data.o)
 .debug_aranges
                0x00000150       0x20 c:/openavrc_builder/avr-gcc/bin/../lib/gcc/avr/9.2.0/avr6\libgcc.a(_clear_bss.o)
 .debug_aranges
                0x00000170       0x20 c:/openavrc_builder/avr-gcc/bin/../lib/gcc/avr/9.2.0/avr6\libgcc.a(_ctors.o)
 .debug_aranges
                0x00000190       0x20 c:/openavrc_builder/avr-gcc/bin/../lib/gcc/avr/9.2.0/avr6\libgcc.a(_bswapsi2.o)
 .debug_aranges
                0x000001b0       0x20 c:/openavrc_builder/avr-gcc/bin/../lib/gcc/avr/9.2.0/avr6\libgcc.a(_mulhisi3.o)
 .debug_aranges
                0x000001d0       0x20 c:/openavrc_builder/avr-gcc/bin/../lib/gcc/avr/9.2.0/avr6\libgcc.a(_umulhisi3.o)
 .debug_aranges
                0x000001f0       0x20 c:/openavrc_builder/avr-gcc/bin/../lib/gcc/avr/9.2.0/avr6\libgcc.a(_usmulhisi3.o)
 .debug_aranges
                0x00000210       0x20 c:/openavrc_builder/avr-gcc/bin/../lib/gcc/avr/9.2.0/avr6\libgcc.a(_muluhisi3.o)
 .debug_aranges
                0x00000230       0x20 c:/openavrc_builder/avr-gcc/bin/../lib/gcc/avr/9.2.0/avr6\libgcc.a(_mulshisi3.o)
 .debug_aranges
                0x00000250       0x20 c:/openavrc_builder/avr-gcc/bin/../lib/gcc/avr/9.2.0/avr6\libgcc.a(_muldi3.o)
 .debug_aranges
                0x00000270       0x20 c:/openavrc_builder/avr-gcc/bin/../lib/gcc/avr/9.2.0/avr6\libgcc.a(_muldi3_6.o)
 .debug_aranges
                0x00000290       0x20 c:/openavrc_builder/avr-gcc/bin/../lib/gcc/avr/9.2.0/avr6\libgcc.a(_umulsidi3.o)
 .debug_aranges
                0x000002b0       0x20 c:/openavrc_builder/avr-gcc/bin/../lib/gcc/avr/9.2.0/avr6\libgcc.a(_udivdi3.o)
 .debug_aranges
                0x000002d0       0x20 c:/openavrc_builder/avr-gcc/bin/../lib/gcc/avr/9.2.0/avr6\libgcc.a(_udivmod64.o)
 .debug_aranges
                0x000002f0       0x20 c:/openavrc_builder/avr-gcc/bin/../lib/gcc/avr/9.2.0/avr6\libgcc.a(_ashldi3.o)
 .debug_aranges
                0x00000310       0x20 c:/openavrc_builder/avr-gcc/bin/../lib/gcc/avr/9.2.0/avr6\libgcc.a(_ashrdi3.o)
 .debug_aranges
                0x00000330       0x20 c:/openavrc_builder/avr-gcc/bin/../lib/gcc/avr/9.2.0/avr6\libgcc.a(_adddi3.o)
 .debug_aranges
                0x00000350       0x20 c:/openavrc_builder/avr-gcc/bin/../lib/gcc/avr/9.2.0/avr6\libgcc.a(_adddi3_s8.o)
 .debug_aranges
                0x00000370       0x20 c:/openavrc_builder/avr-gcc/bin/../lib/gcc/avr/9.2.0/avr6\libgcc.a(_subdi3.o)
 .debug_aranges
                0x00000390       0x20 c:/openavrc_builder/avr-gcc/bin/../lib/gcc/avr/9.2.0/avr6\libgcc.a(_cmpdi2.o)
 .debug_aranges
                0x000003b0       0x20 c:/openavrc_builder/avr-gcc/bin/../lib/gcc/avr/9.2.0/avr6\libgcc.a(_cmpdi2_s8.o)

.debug_pubnames
 *(.debug_pubnames)

.debug_info     0x00000000    0x445cc
 *(.debug_info .gnu.linkonce.wi.*)
 .debug_info    0x00000000      0xbbc c:/openavrc_builder/avr-gcc/bin/../lib/gcc/avr/9.2.0/../../../../avr/lib/avr6/crtatmega2560.o
 .debug_info    0x00000bbc    0x435c2 C:\Users\pierrot\AppData\Local\Temp\ccXz8YL5.o
 .debug_info    0x0004417e       0x26 c:/openavrc_builder/avr-gcc/bin/../lib/gcc/avr/9.2.0/avr6\libgcc.a(_mulsi3.o)
 .debug_info    0x000441a4       0x26 c:/openavrc_builder/avr-gcc/bin/../lib/gcc/avr/9.2.0/avr6\libgcc.a(_udivmodhi4.o)
 .debug_info    0x000441ca       0x26 c:/openavrc_builder/avr-gcc/bin/../lib/gcc/avr/9.2.0/avr6\libgcc.a(_divmodhi4.o)
 .debug_info    0x000441f0       0x26 c:/openavrc_builder/avr-gcc/bin/../lib/gcc/avr/9.2.0/avr6\libgcc.a(_udivmodsi4.o)
 .debug_info    0x00044216       0x26 c:/openavrc_builder/avr-gcc/bin/../lib/gcc/avr/9.2.0/avr6\libgcc.a(_divmodsi4.o)
 .debug_info    0x0004423c       0x26 c:/openavrc_builder/avr-gcc/bin/../lib/gcc/avr/9.2.0/avr6\libgcc.a(_negsi2.o)
 .debug_info    0x00044262       0x26 c:/openavrc_builder/avr-gcc/bin/../lib/gcc/avr/9.2.0/avr6\libgcc.a(_exit.o)
 .debug_info    0x00044288       0x26 c:/openavrc_builder/avr-gcc/bin/../lib/gcc/avr/9.2.0/avr6\libgcc.a(_tablejump2.o)
 .debug_info    0x000442ae       0x26 c:/openavrc_builder/avr-gcc/bin/../lib/gcc/avr/9.2.0/avr6\libgcc.a(_copy_data.o)
 .debug_info    0x000442d4       0x26 c:/openavrc_builder/avr-gcc/bin/../lib/gcc/avr/9.2.0/avr6\libgcc.a(_clear_bss.o)
 .debug_info    0x000442fa       0x26 c:/openavrc_builder/avr-gcc/bin/../lib/gcc/avr/9.2.0/avr6\libgcc.a(_ctors.o)
 .debug_info    0x00044320       0x26 c:/openavrc_builder/avr-gcc/bin/../lib/gcc/avr/9.2.0/avr6\libgcc.a(_bswapsi2.o)
 .debug_info    0x00044346       0x26 c:/openavrc_builder/avr-gcc/bin/../lib/gcc/avr/9.2.0/avr6\libgcc.a(_mulhisi3.o)
 .debug_info    0x0004436c       0x26 c:/openavrc_builder/avr-gcc/bin/../lib/gcc/avr/9.2.0/avr6\libgcc.a(_umulhisi3.o)
 .debug_info    0x00044392       0x26 c:/openavrc_builder/avr-gcc/bin/../lib/gcc/avr/9.2.0/avr6\libgcc.a(_usmulhisi3.o)
 .debug_info    0x000443b8       0x26 c:/openavrc_builder/avr-gcc/bin/../lib/gcc/avr/9.2.0/avr6\libgcc.a(_muluhisi3.o)
 .debug_info    0x000443de       0x26 c:/openavrc_builder/avr-gcc/bin/../lib/gcc/avr/9.2.0/avr6\libgcc.a(_mulshisi3.o)
 .debug_info    0x00044404       0x26 c:/openavrc_builder/avr-gcc/bin/../lib/gcc/avr/9.2.0/avr6\libgcc.a(_muldi3.o)
 .debug_info    0x0004442a       0x26 c:/openavrc_builder/avr-gcc/bin/../lib/gcc/avr/9.2.0/avr6\libgcc.a(_muldi3_6.o)
 .debug_info    0x00044450       0x26 c:/openavrc_builder/avr-gcc/bin/../lib/gcc/avr/9.2.0/avr6\libgcc.a(_umulsidi3.o)
 .debug_info    0x00044476       0x26 c:/openavrc_builder/avr-gcc/bin/../lib/gcc/avr/9.2.0/avr6\libgcc.a(_udivdi3.o)
 .debug_info    0x0004449c       0x26 c:/openavrc_builder/avr-gcc/bin/../lib/gcc/avr/9.2.0/avr6\libgcc.a(_udivmod64.o)
 .debug_info    0x000444c2       0x26 c:/openavrc_builder/avr-gcc/bin/../lib/gcc/avr/9.2.0/avr6\libgcc.a(_ashldi3.o)
 .debug_info    0x000444e8       0x26 c:/openavrc_builder/avr-gcc/bin/../lib/gcc/avr/9.2.0/avr6\libgcc.a(_ashrdi3.o)
 .debug_info    0x0004450e       0x26 c:/openavrc_builder/avr-gcc/bin/../lib/gcc/avr/9.2.0/avr6\libgcc.a(_adddi3.o)
 .debug_info    0x00044534       0x26 c:/openavrc_builder/avr-gcc/bin/../lib/gcc/avr/9.2.0/avr6\libgcc.a(_adddi3_s8.o)
 .debug_info    0x0004455a       0x26 c:/openavrc_builder/avr-gcc/bin/../lib/gcc/avr/9.2.0/avr6\libgcc.a(_subdi3.o)
 .debug_info    0x00044580       0x26 c:/openavrc_builder/avr-gcc/bin/../lib/gcc/avr/9.2.0/avr6\libgcc.a(_cmpdi2.o)
 .debug_info    0x000445a6       0x26 c:/openavrc_builder/avr-gcc/bin/../lib/gcc/avr/9.2.0/avr6\libgcc.a(_cmpdi2_s8.o)

.debug_abbrev   0x00000000     0x1e9e
 *(.debug_abbrev)
 .debug_abbrev  0x00000000      0xb1a c:/openavrc_builder/avr-gcc/bin/../lib/gcc/avr/9.2.0/../../../../avr/lib/avr6/crtatmega2560.o
 .debug_abbrev  0x00000b1a     0x1140 C:\Users\pierrot\AppData\Local\Temp\ccXz8YL5.o
 .debug_abbrev  0x00001c5a       0x14 c:/openavrc_builder/avr-gcc/bin/../lib/gcc/avr/9.2.0/avr6\libgcc.a(_mulsi3.o)
 .debug_abbrev  0x00001c6e       0x14 c:/openavrc_builder/avr-gcc/bin/../lib/gcc/avr/9.2.0/avr6\libgcc.a(_udivmodhi4.o)
 .debug_abbrev  0x00001c82       0x14 c:/openavrc_builder/avr-gcc/bin/../lib/gcc/avr/9.2.0/avr6\libgcc.a(_divmodhi4.o)
 .debug_abbrev  0x00001c96       0x14 c:/openavrc_builder/avr-gcc/bin/../lib/gcc/avr/9.2.0/avr6\libgcc.a(_udivmodsi4.o)
 .debug_abbrev  0x00001caa       0x14 c:/openavrc_builder/avr-gcc/bin/../lib/gcc/avr/9.2.0/avr6\libgcc.a(_divmodsi4.o)
 .debug_abbrev  0x00001cbe       0x14 c:/openavrc_builder/avr-gcc/bin/../lib/gcc/avr/9.2.0/avr6\libgcc.a(_negsi2.o)
 .debug_abbrev  0x00001cd2       0x14 c:/openavrc_builder/avr-gcc/bin/../lib/gcc/avr/9.2.0/avr6\libgcc.a(_exit.o)
 .debug_abbrev  0x00001ce6       0x14 c:/openavrc_builder/avr-gcc/bin/../lib/gcc/avr/9.2.0/avr6\libgcc.a(_tablejump2.o)
 .debug_abbrev  0x00001cfa       0x14 c:/openavrc_builder/avr-gcc/bin/../lib/gcc/avr/9.2.0/avr6\libgcc.a(_copy_data.o)
 .debug_abbrev  0x00001d0e       0x14 c:/openavrc_builder/avr-gcc/bin/../lib/gcc/avr/9.2.0/avr6\libgcc.a(_clear_bss.o)
 .debug_abbrev  0x00001d22       0x14 c:/openavrc_builder/avr-gcc/bin/../lib/gcc/avr/9.2.0/avr6\libgcc.a(_ctors.o)
 .debug_abbrev  0x00001d36       0x14 c:/openavrc_builder/avr-gcc/bin/../lib/gcc/avr/9.2.0/avr6\libgcc.a(_bswapsi2.o)
 .debug_abbrev  0x00001d4a       0x14 c:/openavrc_builder/avr-gcc/bin/../lib/gcc/avr/9.2.0/avr6\libgcc.a(_mulhisi3.o)
 .debug_abbrev  0x00001d5e       0x14 c:/openavrc_builder/avr-gcc/bin/../lib/gcc/avr/9.2.0/avr6\libgcc.a(_umulhisi3.o)
 .debug_abbrev  0x00001d72       0x14 c:/openavrc_builder/avr-gcc/bin/../lib/gcc/avr/9.2.0/avr6\libgcc.a(_usmulhisi3.o)
 .debug_abbrev  0x00001d86       0x14 c:/openavrc_builder/avr-gcc/bin/../lib/gcc/avr/9.2.0/avr6\libgcc.a(_muluhisi3.o)
 .debug_abbrev  0x00001d9a       0x14 c:/openavrc_builder/avr-gcc/bin/../lib/gcc/avr/9.2.0/avr6\libgcc.a(_mulshisi3.o)
 .debug_abbrev  0x00001dae       0x14 c:/openavrc_builder/avr-gcc/bin/../lib/gcc/avr/9.2.0/avr6\libgcc.a(_muldi3.o)
 .debug_abbrev  0x00001dc2       0x14 c:/openavrc_builder/avr-gcc/bin/../lib/gcc/avr/9.2.0/avr6\libgcc.a(_muldi3_6.o)
 .debug_abbrev  0x00001dd6       0x14 c:/openavrc_builder/avr-gcc/bin/../lib/gcc/avr/9.2.0/avr6\libgcc.a(_umulsidi3.o)
 .debug_abbrev  0x00001dea       0x14 c:/openavrc_builder/avr-gcc/bin/../lib/gcc/avr/9.2.0/avr6\libgcc.a(_udivdi3.o)
 .debug_abbrev  0x00001dfe       0x14 c:/openavrc_builder/avr-gcc/bin/../lib/gcc/avr/9.2.0/avr6\libgcc.a(_udivmod64.o)
 .debug_abbrev  0x00001e12       0x14 c:/openavrc_builder/avr-gcc/bin/../lib/gcc/avr/9.2.0/avr6\libgcc.a(_ashldi3.o)
 .debug_abbrev  0x00001e26       0x14 c:/openavrc_builder/avr-gcc/bin/../lib/gcc/avr/9.2.0/avr6\libgcc.a(_ashrdi3.o)
 .debug_abbrev  0x00001e3a       0x14 c:/openavrc_builder/avr-gcc/bin/../lib/gcc/avr/9.2.0/avr6\libgcc.a(_adddi3.o)
 .debug_abbrev  0x00001e4e       0x14 c:/openavrc_builder/avr-gcc/bin/../lib/gcc/avr/9.2.0/avr6\libgcc.a(_adddi3_s8.o)
 .debug_abbrev  0x00001e62       0x14 c:/openavrc_builder/avr-gcc/bin/../lib/gcc/avr/9.2.0/avr6\libgcc.a(_subdi3.o)
 .debug_abbrev  0x00001e76       0x14 c:/openavrc_builder/avr-gcc/bin/../lib/gcc/avr/9.2.0/avr6\libgcc.a(_cmpdi2.o)
 .debug_abbrev  0x00001e8a       0x14 c:/openavrc_builder/avr-gcc/bin/../lib/gcc/avr/9.2.0/avr6\libgcc.a(_cmpdi2_s8.o)

.debug_line     0x00000000    0x5019d
 *(.debug_line .debug_line.* .debug_line_end)
 .debug_line    0x00000000       0x1d c:/openavrc_builder/avr-gcc/bin/../lib/gcc/avr/9.2.0/../../../../avr/lib/avr6/crtatmega2560.o
 .debug_line    0x0000001d    0x4ee1f C:\Users\pierrot\AppData\Local\Temp\ccXz8YL5.o
 .debug_line    0x0004ee3c       0xaf c:/openavrc_builder/avr-gcc/bin/../lib/gcc/avr/9.2.0/avr6\libgcc.a(_mulsi3.o)
 .debug_line    0x0004eeeb       0xcd c:/openavrc_builder/avr-gcc/bin/../lib/gcc/avr/9.2.0/avr6\libgcc.a(_udivmodhi4.o)
 .debug_line    0x0004efb8       0xc7 c:/openavrc_builder/avr-gcc/bin/../lib/gcc/avr/9.2.0/avr6\libgcc.a(_divmodhi4.o)
 .debug_line    0x0004f07f      0x121 c:/openavrc_builder/avr-gcc/bin/../lib/gcc/avr/9.2.0/avr6\libgcc.a(_udivmodsi4.o)
 .debug_line    0x0004f1a0       0xcd c:/openavrc_builder/avr-gcc/bin/../lib/gcc/avr/9.2.0/avr6\libgcc.a(_divmodsi4.o)
 .debug_line    0x0004f26d       0x61 c:/openavrc_builder/avr-gcc/bin/../lib/gcc/avr/9.2.0/avr6\libgcc.a(_negsi2.o)
 .debug_line    0x0004f2ce       0x61 c:/openavrc_builder/avr-gcc/bin/../lib/gcc/avr/9.2.0/avr6\libgcc.a(_exit.o)
 .debug_line    0x0004f32f       0x85 c:/openavrc_builder/avr-gcc/bin/../lib/gcc/avr/9.2.0/avr6\libgcc.a(_tablejump2.o)
 .debug_line    0x0004f3b4       0xa3 c:/openavrc_builder/avr-gcc/bin/../lib/gcc/avr/9.2.0/avr6\libgcc.a(_copy_data.o)
 .debug_line    0x0004f457       0x85 c:/openavrc_builder/avr-gcc/bin/../lib/gcc/avr/9.2.0/avr6\libgcc.a(_clear_bss.o)
 .debug_line    0x0004f4dc       0xaf c:/openavrc_builder/avr-gcc/bin/../lib/gcc/avr/9.2.0/avr6\libgcc.a(_ctors.o)
 .debug_line    0x0004f58b       0x67 c:/openavrc_builder/avr-gcc/bin/../lib/gcc/avr/9.2.0/avr6\libgcc.a(_bswapsi2.o)
 .debug_line    0x0004f5f2       0x79 c:/openavrc_builder/avr-gcc/bin/../lib/gcc/avr/9.2.0/avr6\libgcc.a(_mulhisi3.o)
 .debug_line    0x0004f66b       0xaf c:/openavrc_builder/avr-gcc/bin/../lib/gcc/avr/9.2.0/avr6\libgcc.a(_umulhisi3.o)
 .debug_line    0x0004f71a       0x79 c:/openavrc_builder/avr-gcc/bin/../lib/gcc/avr/9.2.0/avr6\libgcc.a(_usmulhisi3.o)
 .debug_line    0x0004f793       0x91 c:/openavrc_builder/avr-gcc/bin/../lib/gcc/avr/9.2.0/avr6\libgcc.a(_muluhisi3.o)
 .debug_line    0x0004f824       0x79 c:/openavrc_builder/avr-gcc/bin/../lib/gcc/avr/9.2.0/avr6\libgcc.a(_mulshisi3.o)
 .debug_line    0x0004f89d      0x16f c:/openavrc_builder/avr-gcc/bin/../lib/gcc/avr/9.2.0/avr6\libgcc.a(_muldi3.o)
 .debug_line    0x0004fa0c       0x85 c:/openavrc_builder/avr-gcc/bin/../lib/gcc/avr/9.2.0/avr6\libgcc.a(_muldi3_6.o)
 .debug_line    0x0004fa91      0x10f c:/openavrc_builder/avr-gcc/bin/../lib/gcc/avr/9.2.0/avr6\libgcc.a(_umulsidi3.o)
 .debug_line    0x0004fba0       0xa3 c:/openavrc_builder/avr-gcc/bin/../lib/gcc/avr/9.2.0/avr6\libgcc.a(_udivdi3.o)
 .debug_line    0x0004fc43      0x145 c:/openavrc_builder/avr-gcc/bin/../lib/gcc/avr/9.2.0/avr6\libgcc.a(_udivmod64.o)
 .debug_line    0x0004fd88       0xeb c:/openavrc_builder/avr-gcc/bin/../lib/gcc/avr/9.2.0/avr6\libgcc.a(_ashldi3.o)
 .debug_line    0x0004fe73      0x103 c:/openavrc_builder/avr-gcc/bin/../lib/gcc/avr/9.2.0/avr6\libgcc.a(_ashrdi3.o)
 .debug_line    0x0004ff76       0x67 c:/openavrc_builder/avr-gcc/bin/../lib/gcc/avr/9.2.0/avr6\libgcc.a(_adddi3.o)
 .debug_line    0x0004ffdd       0x79 c:/openavrc_builder/avr-gcc/bin/../lib/gcc/avr/9.2.0/avr6\libgcc.a(_adddi3_s8.o)
 .debug_line    0x00050056       0x67 c:/openavrc_builder/avr-gcc/bin/../lib/gcc/avr/9.2.0/avr6\libgcc.a(_subdi3.o)
 .debug_line    0x000500bd       0x67 c:/openavrc_builder/avr-gcc/bin/../lib/gcc/avr/9.2.0/avr6\libgcc.a(_cmpdi2.o)
 .debug_line    0x00050124       0x79 c:/openavrc_builder/avr-gcc/bin/../lib/gcc/avr/9.2.0/avr6\libgcc.a(_cmpdi2_s8.o)

.debug_frame    0x00000000     0x36d8
 *(.debug_frame)
 .debug_frame   0x00000000     0x36d8 C:\Users\pierrot\AppData\Local\Temp\ccXz8YL5.o

.debug_str      0x00000000     0xe0c3
 *(.debug_str)
 .debug_str     0x00000000      0x3e9 c:/openavrc_builder/avr-gcc/bin/../lib/gcc/avr/9.2.0/../../../../avr/lib/avr6/crtatmega2560.o
 .debug_str     0x000003e9     0xdc78 C:\Users\pierrot\AppData\Local\Temp\ccXz8YL5.o
                               0xe39b (size before relaxing)
 .debug_str     0x0000e061       0x62 c:/openavrc_builder/avr-gcc/bin/../lib/gcc/avr/9.2.0/avr6\libgcc.a(_mulsi3.o)
 .debug_str     0x0000e0c3       0x62 c:/openavrc_builder/avr-gcc/bin/../lib/gcc/avr/9.2.0/avr6\libgcc.a(_udivmodhi4.o)
 .debug_str     0x0000e0c3       0x62 c:/openavrc_builder/avr-gcc/bin/../lib/gcc/avr/9.2.0/avr6\libgcc.a(_divmodhi4.o)
 .debug_str     0x0000e0c3       0x62 c:/openavrc_builder/avr-gcc/bin/../lib/gcc/avr/9.2.0/avr6\libgcc.a(_udivmodsi4.o)
 .debug_str     0x0000e0c3       0x62 c:/openavrc_builder/avr-gcc/bin/../lib/gcc/avr/9.2.0/avr6\libgcc.a(_divmodsi4.o)
 .debug_str     0x0000e0c3       0x62 c:/openavrc_builder/avr-gcc/bin/../lib/gcc/avr/9.2.0/avr6\libgcc.a(_negsi2.o)
 .debug_str     0x0000e0c3       0x62 c:/openavrc_builder/avr-gcc/bin/../lib/gcc/avr/9.2.0/avr6\libgcc.a(_exit.o)
 .debug_str     0x0000e0c3       0x62 c:/openavrc_builder/avr-gcc/bin/../lib/gcc/avr/9.2.0/avr6\libgcc.a(_tablejump2.o)
 .debug_str     0x0000e0c3       0x62 c:/openavrc_builder/avr-gcc/bin/../lib/gcc/avr/9.2.0/avr6\libgcc.a(_copy_data.o)
 .debug_str     0x0000e0c3       0x62 c:/openavrc_builder/avr-gcc/bin/../lib/gcc/avr/9.2.0/avr6\libgcc.a(_clear_bss.o)
 .debug_str     0x0000e0c3       0x62 c:/openavrc_builder/avr-gcc/bin/../lib/gcc/avr/9.2.0/avr6\libgcc.a(_ctors.o)
 .debug_str     0x0000e0c3       0x62 c:/openavrc_builder/avr-gcc/bin/../lib/gcc/avr/9.2.0/avr6\libgcc.a(_bswapsi2.o)
 .debug_str     0x0000e0c3       0x62 c:/openavrc_builder/avr-gcc/bin/../lib/gcc/avr/9.2.0/avr6\libgcc.a(_mulhisi3.o)
 .debug_str     0x0000e0c3       0x62 c:/openavrc_builder/avr-gcc/bin/../lib/gcc/avr/9.2.0/avr6\libgcc.a(_umulhisi3.o)
 .debug_str     0x0000e0c3       0x62 c:/openavrc_builder/avr-gcc/bin/../lib/gcc/avr/9.2.0/avr6\libgcc.a(_usmulhisi3.o)
 .debug_str     0x0000e0c3       0x62 c:/openavrc_builder/avr-gcc/bin/../lib/gcc/avr/9.2.0/avr6\libgcc.a(_muluhisi3.o)
 .debug_str     0x0000e0c3       0x62 c:/openavrc_builder/avr-gcc/bin/../lib/gcc/avr/9.2.0/avr6\libgcc.a(_mulshisi3.o)
 .debug_str     0x0000e0c3       0x62 c:/openavrc_builder/avr-gcc/bin/../lib/gcc/avr/9.2.0/avr6\libgcc.a(_muldi3.o)
 .debug_str     0x0000e0c3       0x62 c:/openavrc_builder/avr-gcc/bin/../lib/gcc/avr/9.2.0/avr6\libgcc.a(_muldi3_6.o)
 .debug_str     0x0000e0c3       0x62 c:/openavrc_builder/avr-gcc/bin/../lib/gcc/avr/9.2.0/avr6\libgcc.a(_umulsidi3.o)
 .debug_str     0x0000e0c3       0x62 c:/openavrc_builder/avr-gcc/bin/../lib/gcc/avr/9.2.0/avr6\libgcc.a(_udivdi3.o)
 .debug_str     0x0000e0c3       0x62 c:/openavrc_builder/avr-gcc/bin/../lib/gcc/avr/9.2.0/avr6\libgcc.a(_udivmod64.o)
 .debug_str     0x0000e0c3       0x62 c:/openavrc_builder/avr-gcc/bin/../lib/gcc/avr/9.2.0/avr6\libgcc.a(_ashldi3.o)
 .debug_str     0x0000e0c3       0x62 c:/openavrc_builder/avr-gcc/bin/../lib/gcc/avr/9.2.0/avr6\libgcc.a(_ashrdi3.o)
 .debug_str     0x0000e0c3       0x62 c:/openavrc_builder/avr-gcc/bin/../lib/gcc/avr/9.2.0/avr6\libgcc.a(_adddi3.o)
 .debug_str     0x0000e0c3       0x62 c:/openavrc_builder/avr-gcc/bin/../lib/gcc/avr/9.2.0/avr6\libgcc.a(_adddi3_s8.o)
 .debug_str     0x0000e0c3       0x62 c:/openavrc_builder/avr-gcc/bin/../lib/gcc/avr/9.2.0/avr6\libgcc.a(_subdi3.o)
 .debug_str     0x0000e0c3       0x62 c:/openavrc_builder/avr-gcc/bin/../lib/gcc/avr/9.2.0/avr6\libgcc.a(_cmpdi2.o)
 .debug_str     0x0000e0c3       0x62 c:/openavrc_builder/avr-gcc/bin/../lib/gcc/avr/9.2.0/avr6\libgcc.a(_cmpdi2_s8.o)

.debug_loc      0x00000000    0x43f58
 *(.debug_loc)
 .debug_loc     0x00000000    0x43f58 C:\Users\pierrot\AppData\Local\Temp\ccXz8YL5.o

.debug_macinfo
 *(.debug_macinfo)

.debug_weaknames
 *(.debug_weaknames)

.debug_funcnames
 *(.debug_funcnames)

.debug_typenames
 *(.debug_typenames)

.debug_varnames
 *(.debug_varnames)

.debug_pubtypes
 *(.debug_pubtypes)

.debug_ranges   0x00000000     0xa6e0
 *(.debug_ranges)
 .debug_ranges  0x00000000     0xa6e0 C:\Users\pierrot\AppData\Local\Temp\ccXz8YL5.o

.debug_macro
 *(.debug_macro)

.debug_addr
 *(.debug_addr)
OUTPUT(OpenAVRc.elf elf32-avr)
LOAD linker stubs

Cross Reference Table

Symbol                                            File
__FUSE_REGION_LENGTH__                            c:/openavrc_builder/avr-gcc/bin/../lib/gcc/avr/9.2.0/../../../../avr/lib/avr6/crtatmega2560.o
__adddi3                                          c:/openavrc_builder/avr-gcc/bin/../lib/gcc/avr/9.2.0/avr6\libgcc.a(_adddi3.o)
                                                  C:\Users\pierrot\AppData\Local\Temp\ccXz8YL5.o
__adddi3_s8                                       c:/openavrc_builder/avr-gcc/bin/../lib/gcc/avr/9.2.0/avr6\libgcc.a(_adddi3_s8.o)
                                                  C:\Users\pierrot\AppData\Local\Temp\ccXz8YL5.o
__ashldi3                                         c:/openavrc_builder/avr-gcc/bin/../lib/gcc/avr/9.2.0/avr6\libgcc.a(_ashldi3.o)
                                                  C:\Users\pierrot\AppData\Local\Temp\ccXz8YL5.o
__ashrdi3                                         c:/openavrc_builder/avr-gcc/bin/../lib/gcc/avr/9.2.0/avr6\libgcc.a(_ashrdi3.o)
__bad_interrupt                                   c:/openavrc_builder/avr-gcc/bin/../lib/gcc/avr/9.2.0/../../../../avr/lib/avr6/crtatmega2560.o
__bss_end                                         c:/openavrc_builder/avr-gcc/bin/../lib/gcc/avr/9.2.0/avr6\libgcc.a(_clear_bss.o)
                                                  C:\Users\pierrot\AppData\Local\Temp\ccXz8YL5.o
__bss_start                                       c:/openavrc_builder/avr-gcc/bin/../lib/gcc/avr/9.2.0/avr6\libgcc.a(_clear_bss.o)
__bswapsi2                                        c:/openavrc_builder/avr-gcc/bin/../lib/gcc/avr/9.2.0/avr6\libgcc.a(_bswapsi2.o)
                                                  C:\Users\pierrot\AppData\Local\Temp\ccXz8YL5.o
__cmpdi2                                          c:/openavrc_builder/avr-gcc/bin/../lib/gcc/avr/9.2.0/avr6\libgcc.a(_cmpdi2.o)
                                                  C:\Users\pierrot\AppData\Local\Temp\ccXz8YL5.o
__cmpdi2_s8                                       c:/openavrc_builder/avr-gcc/bin/../lib/gcc/avr/9.2.0/avr6\libgcc.a(_cmpdi2_s8.o)
                                                  C:\Users\pierrot\AppData\Local\Temp\ccXz8YL5.o
__ctors_end                                       c:/openavrc_builder/avr-gcc/bin/../lib/gcc/avr/9.2.0/avr6\libgcc.a(_ctors.o)
__ctors_start                                     c:/openavrc_builder/avr-gcc/bin/../lib/gcc/avr/9.2.0/avr6\libgcc.a(_ctors.o)
__data_end                                        c:/openavrc_builder/avr-gcc/bin/../lib/gcc/avr/9.2.0/avr6\libgcc.a(_copy_data.o)
__data_load_start                                 c:/openavrc_builder/avr-gcc/bin/../lib/gcc/avr/9.2.0/avr6\libgcc.a(_copy_data.o)
__data_start                                      c:/openavrc_builder/avr-gcc/bin/../lib/gcc/avr/9.2.0/avr6\libgcc.a(_copy_data.o)
__divmodhi4                                       c:/openavrc_builder/avr-gcc/bin/../lib/gcc/avr/9.2.0/avr6\libgcc.a(_divmodhi4.o)
                                                  c:/openavrc_builder/avr-gcc/bin/../lib/gcc/avr/9.2.0/../../../../avr/lib/avr6\libc.a(isLeap.o)
                                                  c:/openavrc_builder/avr-gcc/bin/../lib/gcc/avr/9.2.0/../../../../avr/lib/avr6\libc.a(gmtime_r.o)
                                                  c:/openavrc_builder/avr-gcc/bin/../lib/gcc/avr/9.2.0/../../../../avr/lib/avr6\libc.a(mk_gmtime.o)
                                                  C:\Users\pierrot\AppData\Local\Temp\ccXz8YL5.o
__divmodsi4                                       c:/openavrc_builder/avr-gcc/bin/../lib/gcc/avr/9.2.0/avr6\libgcc.a(_divmodsi4.o)
                                                  c:/openavrc_builder/avr-gcc/bin/../lib/gcc/avr/9.2.0/../../../../avr/lib/avr6\libc.a(gmtime_r.o)
                                                  c:/openavrc_builder/avr-gcc/bin/../lib/gcc/avr/9.2.0/../../../../avr/lib/avr6\libc.a(random.o)
                                                  C:\Users\pierrot\AppData\Local\Temp\ccXz8YL5.o
__do_clear_bss                                    c:/openavrc_builder/avr-gcc/bin/../lib/gcc/avr/9.2.0/avr6\libgcc.a(_clear_bss.o)
                                                  c:/openavrc_builder/avr-gcc/bin/../lib/gcc/avr/9.2.0/../../../../avr/lib/avr6\libc.a(dst_pointer.o)
                                                  c:/openavrc_builder/avr-gcc/bin/../lib/gcc/avr/9.2.0/../../../../avr/lib/avr6\libc.a(utc_offset.o)
                                                  c:/openavrc_builder/avr-gcc/bin/../lib/gcc/avr/9.2.0/../../../../avr/lib/avr6\libc.a(tm_store.o)
                                                  C:\Users\pierrot\AppData\Local\Temp\ccXz8YL5.o
__do_copy_data                                    c:/openavrc_builder/avr-gcc/bin/../lib/gcc/avr/9.2.0/avr6\libgcc.a(_copy_data.o)
                                                  c:/openavrc_builder/avr-gcc/bin/../lib/gcc/avr/9.2.0/../../../../avr/lib/avr6\libc.a(random.o)
                                                  C:\Users\pierrot\AppData\Local\Temp\ccXz8YL5.o
__do_global_ctors                                 c:/openavrc_builder/avr-gcc/bin/../lib/gcc/avr/9.2.0/avr6\libgcc.a(_ctors.o)
                                                  C:\Users\pierrot\AppData\Local\Temp\ccXz8YL5.o
__dst_ptr                                         c:/openavrc_builder/avr-gcc/bin/../lib/gcc/avr/9.2.0/../../../../avr/lib/avr6\libc.a(dst_pointer.o)
                                                  c:/openavrc_builder/avr-gcc/bin/../lib/gcc/avr/9.2.0/../../../../avr/lib/avr6\libc.a(localtime_r.o)
__heap_end                                        c:/openavrc_builder/avr-gcc/bin/../lib/gcc/avr/9.2.0/../../../../avr/lib/avr6/crtatmega2560.o
__init                                            c:/openavrc_builder/avr-gcc/bin/../lib/gcc/avr/9.2.0/../../../../avr/lib/avr6/crtatmega2560.o
__lshrdi3                                         c:/openavrc_builder/avr-gcc/bin/../lib/gcc/avr/9.2.0/avr6\libgcc.a(_ashrdi3.o)
                                                  C:\Users\pierrot\AppData\Local\Temp\ccXz8YL5.o
__muldi3                                          c:/openavrc_builder/avr-gcc/bin/../lib/gcc/avr/9.2.0/avr6\libgcc.a(_muldi3.o)
                                                  C:\Users\pierrot\AppData\Local\Temp\ccXz8YL5.o
__muldi3_6                                        c:/openavrc_builder/avr-gcc/bin/../lib/gcc/avr/9.2.0/avr6\libgcc.a(_muldi3_6.o)
                                                  c:/openavrc_builder/avr-gcc/bin/../lib/gcc/avr/9.2.0/avr6\libgcc.a(_umulsidi3.o)
                                                  c:/openavrc_builder/avr-gcc/bin/../lib/gcc/avr/9.2.0/avr6\libgcc.a(_muldi3.o)
__mulhisi3                                        c:/openavrc_builder/avr-gcc/bin/../lib/gcc/avr/9.2.0/avr6\libgcc.a(_mulhisi3.o)
                                                  C:\Users\pierrot\AppData\Local\Temp\ccXz8YL5.o
__mulohisi3                                       c:/openavrc_builder/avr-gcc/bin/../lib/gcc/avr/9.2.0/avr6\libgcc.a(_mulshisi3.o)
                                                  c:/openavrc_builder/avr-gcc/bin/../lib/gcc/avr/9.2.0/../../../../avr/lib/avr6\libc.a(random.o)
__mulshisi3                                       c:/openavrc_builder/avr-gcc/bin/../lib/gcc/avr/9.2.0/avr6\libgcc.a(_mulshisi3.o)
                                                  C:\Users\pierrot\AppData\Local\Temp\ccXz8YL5.o
__mulsi3                                          c:/openavrc_builder/avr-gcc/bin/../lib/gcc/avr/9.2.0/avr6\libgcc.a(_mulsi3.o)
                                                  c:/openavrc_builder/avr-gcc/bin/../lib/gcc/avr/9.2.0/../../../../avr/lib/avr6\libc.a(mk_gmtime.o)
                                                  C:\Users\pierrot\AppData\Local\Temp\ccXz8YL5.o
__muluhisi3                                       c:/openavrc_builder/avr-gcc/bin/../lib/gcc/avr/9.2.0/avr6\libgcc.a(_muluhisi3.o)
                                                  c:/openavrc_builder/avr-gcc/bin/../lib/gcc/avr/9.2.0/../../../../avr/lib/avr6\libc.a(random.o)
                                                  c:/openavrc_builder/avr-gcc/bin/../lib/gcc/avr/9.2.0/avr6\libgcc.a(_mulshisi3.o)
                                                  c:/openavrc_builder/avr-gcc/bin/../lib/gcc/avr/9.2.0/avr6\libgcc.a(_mulsi3.o)
                                                  C:\Users\pierrot\AppData\Local\Temp\ccXz8YL5.o
__negsi2                                          c:/openavrc_builder/avr-gcc/bin/../lib/gcc/avr/9.2.0/avr6\libgcc.a(_negsi2.o)
                                                  c:/openavrc_builder/avr-gcc/bin/../lib/gcc/avr/9.2.0/avr6\libgcc.a(_divmodsi4.o)
__stack                                           c:/openavrc_builder/avr-gcc/bin/../lib/gcc/avr/9.2.0/../../../../avr/lib/avr6/crtatmega2560.o
__subdi3                                          c:/openavrc_builder/avr-gcc/bin/../lib/gcc/avr/9.2.0/avr6\libgcc.a(_subdi3.o)
                                                  C:\Users\pierrot\AppData\Local\Temp\ccXz8YL5.o
__tablejump2__                                    c:/openavrc_builder/avr-gcc/bin/../lib/gcc/avr/9.2.0/avr6\libgcc.a(_tablejump2.o)
                                                  c:/openavrc_builder/avr-gcc/bin/../lib/gcc/avr/9.2.0/avr6\libgcc.a(_ctors.o)
                                                  C:\Users\pierrot\AppData\Local\Temp\ccXz8YL5.o
__tm_store                                        c:/openavrc_builder/avr-gcc/bin/../lib/gcc/avr/9.2.0/../../../../avr/lib/avr6\libc.a(tm_store.o)
                                                  c:/openavrc_builder/avr-gcc/bin/../lib/gcc/avr/9.2.0/../../../../avr/lib/avr6\libc.a(localtime.o)
__udivdi3                                         c:/openavrc_builder/avr-gcc/bin/../lib/gcc/avr/9.2.0/avr6\libgcc.a(_udivdi3.o)
                                                  C:\Users\pierrot\AppData\Local\Temp\ccXz8YL5.o
__udivdi3_umoddi3                                 c:/openavrc_builder/avr-gcc/bin/../lib/gcc/avr/9.2.0/avr6\libgcc.a(_udivdi3.o)
__udivmod64                                       c:/openavrc_builder/avr-gcc/bin/../lib/gcc/avr/9.2.0/avr6\libgcc.a(_udivmod64.o)
                                                  c:/openavrc_builder/avr-gcc/bin/../lib/gcc/avr/9.2.0/avr6\libgcc.a(_udivdi3.o)
__udivmodhi4                                      c:/openavrc_builder/avr-gcc/bin/../lib/gcc/avr/9.2.0/avr6\libgcc.a(_udivmodhi4.o)
                                                  c:/openavrc_builder/avr-gcc/bin/../lib/gcc/avr/9.2.0/../../../../avr/lib/avr6\libc.a(gmtime_r.o)
                                                  c:/openavrc_builder/avr-gcc/bin/../lib/gcc/avr/9.2.0/avr6\libgcc.a(_divmodhi4.o)
                                                  C:\Users\pierrot\AppData\Local\Temp\ccXz8YL5.o
__udivmodsi4                                      c:/openavrc_builder/avr-gcc/bin/../lib/gcc/avr/9.2.0/avr6\libgcc.a(_udivmodsi4.o)
                                                  c:/openavrc_builder/avr-gcc/bin/../lib/gcc/avr/9.2.0/../../../../avr/lib/avr6\libc.a(gmtime_r.o)
                                                  c:/openavrc_builder/avr-gcc/bin/../lib/gcc/avr/9.2.0/avr6\libgcc.a(_divmodsi4.o)
                                                  C:\Users\pierrot\AppData\Local\Temp\ccXz8YL5.o
__umoddi3                                         c:/openavrc_builder/avr-gcc/bin/../lib/gcc/avr/9.2.0/avr6\libgcc.a(_udivdi3.o)
                                                  C:\Users\pierrot\AppData\Local\Temp\ccXz8YL5.o
__umulhisi3                                       c:/openavrc_builder/avr-gcc/bin/../lib/gcc/avr/9.2.0/avr6\libgcc.a(_umulhisi3.o)
                                                  c:/openavrc_builder/avr-gcc/bin/../lib/gcc/avr/9.2.0/avr6\libgcc.a(_umulsidi3.o)
                                                  c:/openavrc_builder/avr-gcc/bin/../lib/gcc/avr/9.2.0/avr6\libgcc.a(_muldi3_6.o)
                                                  c:/openavrc_builder/avr-gcc/bin/../lib/gcc/avr/9.2.0/avr6\libgcc.a(_muldi3.o)
                                                  c:/openavrc_builder/avr-gcc/bin/../lib/gcc/avr/9.2.0/avr6\libgcc.a(_muluhisi3.o)
                                                  c:/openavrc_builder/avr-gcc/bin/../lib/gcc/avr/9.2.0/avr6\libgcc.a(_usmulhisi3.o)